node.exe : npm warn Unknown cli 
config "--run". This will stop 
working in the next major 
version of npm.
At C:\Program 
Files\nodejs\npm.ps1:29 char:3
+   & $NODE_EXE $NPM_CLI_JS 
$args
+   
~~~~~~~~~~~~~~~~~~~~~~~~~~~~~
    + CategoryInfo          : 
Not    Specified: (npm warn 
Unknow..    .version of 
npm.:String) [],     
RemoteException
    + FullyQualifiedErrorId : 
Nat    iveCommandError
 
npm warn Unknown cli config 
"--reporter". This will stop 
working in the next major 
version of npm.

> vite_react_shadcn_ts@0.0.0 test
> vitest


[1m[44m DEV [49m[22m [34mv4.0.15 [39m[90mC:/biz-stratosphere-main[39m

 [31mΓ¥»[39m src/components/dashboard/EnhancedDataUpload.test.tsx [2m([22m[2m19 tests[22m[2m | [22m[31m19 failed[39m[2m)[22m[32m 12[2mms[22m[39m
[31m       [31m├ù[31m renders the enhanced upload component[39m[32m 5[2mms[22m[39m
[31m       [31m├ù[31m shows file input and analyze button[39m[32m 1[2mms[22m[39m
[31m       [31m├ù[31m analyze button is disabled when no file is selected[39m[32m 0[2mms[22m[39m
[31m       [31m├ù[31m accepts only CSV files[39m[32m 0[2mms[22m[39m
[31m       [31m├ù[31m enables analyze button when CSV file is selected[39m[32m 0[2mms[22m[39m
[31m       [31m├ù[31m rejects non-CSV files with error toast[39m[32m 0[2mms[22m[39m
[31m       [31m├ù[31m shows loading state during analysis[39m[32m 0[2mms[22m[39m
[31m       [31m├ù[31m displays data quality report after analysis[39m[32m 0[2mms[22m[39m
[31m       [31m├ù[31m shows total rows in quality report[39m[32m 0[2mms[22m[39m
[31m       [31m├ù[31m shows total columns in quality report[39m[32m 0[2mms[22m[39m
[31m       [31m├ù[31m shows duplicate count[39m[32m 0[2mms[22m[39m
[31m       [31m├ù[31m identifies numeric columns[39m[32m 0[2mms[22m[39m
[31m       [31m├ù[31m shows upload button after analysis[39m[32m 0[2mms[22m[39m
[31m       [31m├ù[31m calls supabase insert on upload[39m[32m 0[2mms[22m[39m
[31m       [31m├ù[31m includes quality analysis in metadata[39m[32m 0[2mms[22m[39m
[31m       [31m├ù[31m shows success toast on successful upload[39m[32m 0[2mms[22m[39m
[31m       [31m├ù[31m clears file and analysis after successful upload[39m[32m 0[2mms[22m[39m
[31m       [31m├ù[31m shows error toast on upload failure[39m[32m 0[2mms[22m[39m
[31m       [31m├ù[31m requires authentication for upload[39m[32m 0[2mms[22m[39m
[90mstderr[2m | src/components
/dashboard/DataUpload.test.tsx[
2m > [22m[2mDataUpload 
Component[2m > 
[22m[2mRendering[2m > 
[22m[2mrenders the upload 
component with title
[22m[39mError fetching 
datasets: ReferenceError: 
Cannot access 'chain' before 
initialization
    at createQueryChain (C:/biz-
stratosphere-main/src/components
/dashboard/DataUpload.test.tsx:6
1:49)
    at Object.<anonymous> (C:/bi
z-stratosphere-main/src/componen
ts/dashboard/DataUpload.test.tsx
:73:24)
    at Object.from [90m(file://
/C:/biz-stratosphere-main/[39mn
ode_modules/[4m@vitest[24m/spy
/dist/index.js:285:34[90m)[39m
    at fetchDatasetsAsync (C:/bi
z-stratosphere-main/src/componen
ts/dashboard/DataUpload.tsx:156:
12)
    at C:/biz-stratosphere-main/
src/components/dashboard/DataUpl
oad.tsx:186:5
    at 
commitHookEffectListMount [90m(
C:\biz-stratosphere-main\[39mno
de_modules\[4mreact-dom[24m\cj
s\react-dom.development.js:23189
:26[90m)[39m
    at 
commitPassiveMountOnFiber [90m(
C:\biz-stratosphere-main\[39mno
de_modules\[4mreact-dom[24m\cj
s\react-dom.development.js:24970
:11[90m)[39m
    at commitPassiveMountEffects
_complete [90m(C:\biz-stratosph
ere-main\[39mnode_modules\[4mr
eact-dom[24m\cjs\react-dom.deve
lopment.js:24930:9[90m)[39m
    at 
commitPassiveMountEffects_begin 
[90m(C:\biz-stratosphere-main\
[39mnode_modules\[4mreact-dom[
24m\cjs\react-dom.development.js
:24917:7[90m)[39m
    at 
commitPassiveMountEffects [90m(
C:\biz-stratosphere-main\[39mno
de_modules\[4mreact-dom[24m\cj
s\react-dom.development.js:24905
:3[90m)[39m
ΓÜá∩╕Å React Router Future Flag 
Warning: React Router will 
begin wrapping state updates in 
`React.startTransition` in v7. 
You can use the 
`v7_startTransition` future 
flag to opt-in early. For more 
information, see https://reactro
uter.com/v6/upgrading/future#v7_
starttransition.
ΓÜá∩╕Å React Router Future Flag 
Warning: Relative route 
resolution within Splat routes 
is changing in v7. You can use 
the `v7_relativeSplatPath` 
future flag to opt-in early. 
For more information, see https:
//reactrouter.com/v6/upgrading/f
uture#v7_relativesplatpath.

[90mstderr[2m | src/components
/dashboard/DataUpload.test.tsx[
2m > [22m[2mDataUpload 
Component[2m > 
[22m[2mRendering[2m > 
[22m[2mshows upload 
instructions
[22m[39mError fetching 
datasets: ReferenceError: 
Cannot access 'chain' before 
initialization
    at createQueryChain (C:/biz-
stratosphere-main/src/components
/dashboard/DataUpload.test.tsx:6
1:49)
    at Object.<anonymous> (C:/bi
z-stratosphere-main/src/componen
ts/dashboard/DataUpload.test.tsx
:73:24)
    at Object.from [90m(file://
/C:/biz-stratosphere-main/[39mn
ode_modules/[4m@vitest[24m/spy
/dist/index.js:285:34[90m)[39m
    at fetchDatasetsAsync (C:/bi
z-stratosphere-main/src/componen
ts/dashboard/DataUpload.tsx:156:
12)
    at C:/biz-stratosphere-main/
src/components/dashboard/DataUpl
oad.tsx:186:5
    at 
commitHookEffectListMount [90m(
C:\biz-stratosphere-main\[39mno
de_modules\[4mreact-dom[24m\cj
s\react-dom.development.js:23189
:26[90m)[39m
    at 
commitPassiveMountOnFiber [90m(
C:\biz-stratosphere-main\[39mno
de_modules\[4mreact-dom[24m\cj
s\react-dom.development.js:24970
:11[90m)[39m
    at commitPassiveMountEffects
_complete [90m(C:\biz-stratosph
ere-main\[39mnode_modules\[4mr
eact-dom[24m\cjs\react-dom.deve
lopment.js:24930:9[90m)[39m
    at 
commitPassiveMountEffects_begin 
[90m(C:\biz-stratosphere-main\
[39mnode_modules\[4mreact-dom[
24m\cjs\react-dom.development.js
:24917:7[90m)[39m
    at 
commitPassiveMountEffects [90m(
C:\biz-stratosphere-main\[39mno
de_modules\[4mreact-dom[24m\cj
s\react-dom.development.js:24905
:3[90m)[39m

[90mstderr[2m | src/components
/dashboard/DataUpload.test.tsx[
2m > [22m[2mDataUpload 
Component[2m > 
[22m[2mRendering[2m > 
[22m[2mshows choose files 
button
[22m[39mError fetching 
datasets: ReferenceError: 
Cannot access 'chain' before 
initialization
    at createQueryChain (C:/biz-
stratosphere-main/src/components
/dashboard/DataUpload.test.tsx:6
1:49)
    at Object.<anonymous> (C:/bi
z-stratosphere-main/src/componen
ts/dashboard/DataUpload.test.tsx
:73:24)
    at Object.from [90m(file://
/C:/biz-stratosphere-main/[39mn
ode_modules/[4m@vitest[24m/spy
/dist/index.js:285:34[90m)[39m
    at fetchDatasetsAsync (C:/bi
z-stratosphere-main/src/componen
ts/dashboard/DataUpload.tsx:156:
12)
    at C:/biz-stratosphere-main/
src/components/dashboard/DataUpl
oad.tsx:186:5
    at 
commitHookEffectListMount [90m(
C:\biz-stratosphere-main\[39mno
de_modules\[4mreact-dom[24m\cj
s\react-dom.development.js:23189
:26[90m)[39m
    at 
commitPassiveMountOnFiber [90m(
C:\biz-stratosphere-main\[39mno
de_modules\[4mreact-dom[24m\cj
s\react-dom.development.js:24970
:11[90m)[39m
    at commitPassiveMountEffects
_complete [90m(C:\biz-stratosph
ere-main\[39mnode_modules\[4mr
eact-dom[24m\cjs\react-dom.deve
lopment.js:24930:9[90m)[39m
    at 
commitPassiveMountEffects_begin 
[90m(C:\biz-stratosphere-main\
[39mnode_modules\[4mreact-dom[
24m\cjs\react-dom.development.js
:24917:7[90m)[39m
    at 
commitPassiveMountEffects [90m(
C:\biz-stratosphere-main\[39mno
de_modules\[4mreact-dom[24m\cj
s\react-dom.development.js:24905
:3[90m)[39m

[90mstderr[2m | src/components
/dashboard/DataUpload.test.tsx[
2m > [22m[2mDataUpload 
Component[2m > 
[22m[2mRendering[2m > 
[22m[2mhas hidden file input
[22m[39mError fetching 
datasets: ReferenceError: 
Cannot access 'chain' before 
initialization
    at createQueryChain (C:/biz-
stratosphere-main/src/components
/dashboard/DataUpload.test.tsx:6
1:49)
    at Object.<anonymous> (C:/bi
z-stratosphere-main/src/componen
ts/dashboard/DataUpload.test.tsx
:73:24)
    at Object.from [90m(file://
/C:/biz-stratosphere-main/[39mn
ode_modules/[4m@vitest[24m/spy
/dist/index.js:285:34[90m)[39m
    at fetchDatasetsAsync (C:/bi
z-stratosphere-main/src/componen
ts/dashboard/DataUpload.tsx:156:
12)
    at C:/biz-stratosphere-main/
src/components/dashboard/DataUpl
oad.tsx:186:5
    at 
commitHookEffectListMount [90m(
C:\biz-stratosphere-main\[39mno
de_modules\[4mreact-dom[24m\cj
s\react-dom.development.js:23189
:26[90m)[39m
    at 
commitPassiveMountOnFiber [90m(
C:\biz-stratosphere-main\[39mno
de_modules\[4mreact-dom[24m\cj
s\react-dom.development.js:24970
:11[90m)[39m
    at commitPassiveMountEffects
_complete [90m(C:\biz-stratosph
ere-main\[39mnode_modules\[4mr
eact-dom[24m\cjs\react-dom.deve
lopment.js:24930:9[90m)[39m
    at 
commitPassiveMountEffects_begin 
[90m(C:\biz-stratosphere-main\
[39mnode_modules\[4mreact-dom[
24m\cjs\react-dom.development.js
:24917:7[90m)[39m
    at 
commitPassiveMountEffects [90m(
C:\biz-stratosphere-main\[39mno
de_modules\[4mreact-dom[24m\cj
s\react-dom.development.js:24905
:3[90m)[39m

[90mstderr[2m | src/components
/dashboard/DataUpload.test.tsx[
2m > [22m[2mDataUpload 
Component[2m > [22m[2mFile 
Upload via Button[2m > 
[22m[2maccepts CSV and Excel 
files only
[22m[39mError fetching 
datasets: ReferenceError: 
Cannot access 'chain' before 
initialization
    at createQueryChain (C:/biz-
stratosphere-main/src/components
/dashboard/DataUpload.test.tsx:6
1:49)
    at Object.<anonymous> (C:/bi
z-stratosphere-main/src/componen
ts/dashboard/DataUpload.test.tsx
:73:24)
    at Object.from [90m(file://
/C:/biz-stratosphere-main/[39mn
ode_modules/[4m@vitest[24m/spy
/dist/index.js:285:34[90m)[39m
    at fetchDatasetsAsync (C:/bi
z-stratosphere-main/src/componen
ts/dashboard/DataUpload.tsx:156:
12)
    at C:/biz-stratosphere-main/
src/components/dashboard/DataUpl
oad.tsx:186:5
    at 
commitHookEffectListMount [90m(
C:\biz-stratosphere-main\[39mno
de_modules\[4mreact-dom[24m\cj
s\react-dom.development.js:23189
:26[90m)[39m
    at 
commitPassiveMountOnFiber [90m(
C:\biz-stratosphere-main\[39mno
de_modules\[4mreact-dom[24m\cj
s\react-dom.development.js:24970
:11[90m)[39m
    at commitPassiveMountEffects
_complete [90m(C:\biz-stratosph
ere-main\[39mnode_modules\[4mr
eact-dom[24m\cjs\react-dom.deve
lopment.js:24930:9[90m)[39m
    at 
commitPassiveMountEffects_begin 
[90m(C:\biz-stratosphere-main\
[39mnode_modules\[4mreact-dom[
24m\cjs\react-dom.development.js
:24917:7[90m)[39m
    at 
commitPassiveMountEffects [90m(
C:\biz-stratosphere-main\[39mno
de_modules\[4mreact-dom[24m\cj
s\react-dom.development.js:24905
:3[90m)[39m

[90mstderr[2m | src/components
/dashboard/DataUpload.test.tsx[
2m > [22m[2mDataUpload 
Component[2m > [22m[2mFile 
Upload via Button[2m > 
[22m[2mallows multiple file 
selection
[22m[39mError fetching 
datasets: ReferenceError: 
Cannot access 'chain' before 
initialization
    at createQueryChain (C:/biz-
stratosphere-main/src/components
/dashboard/DataUpload.test.tsx:6
1:49)
    at Object.<anonymous> (C:/bi
z-stratosphere-main/src/componen
ts/dashboard/DataUpload.test.tsx
:73:24)
    at Object.from [90m(file://
/C:/biz-stratosphere-main/[39mn
ode_modules/[4m@vitest[24m/spy
/dist/index.js:285:34[90m)[39m
    at fetchDatasetsAsync (C:/bi
z-stratosphere-main/src/componen
ts/dashboard/DataUpload.tsx:156:
12)
    at C:/biz-stratosphere-main/
src/components/dashboard/DataUpl
oad.tsx:186:5
    at 
commitHookEffectListMount [90m(
C:\biz-stratosphere-main\[39mno
de_modules\[4mreact-dom[24m\cj
s\react-dom.development.js:23189
:26[90m)[39m
    at 
commitPassiveMountOnFiber [90m(
C:\biz-stratosphere-main\[39mno
de_modules\[4mreact-dom[24m\cj
s\react-dom.development.js:24970
:11[90m)[39m
    at commitPassiveMountEffects
_complete [90m(C:\biz-stratosph
ere-main\[39mnode_modules\[4mr
eact-dom[24m\cjs\react-dom.deve
lopment.js:24930:9[90m)[39m
    at 
commitPassiveMountEffects_begin 
[90m(C:\biz-stratosphere-main\
[39mnode_modules\[4mreact-dom[
24m\cjs\react-dom.development.js
:24917:7[90m)[39m
    at 
commitPassiveMountEffects [90m(
C:\biz-stratosphere-main\[39mno
de_modules\[4mreact-dom[24m\cj
s\react-dom.development.js:24905
:3[90m)[39m

[90mstderr[2m | src/components
/dashboard/DataUpload.test.tsx[
2m > [22m[2mDataUpload 
Component[2m > [22m[2mFile 
Upload via Button[2m > 
[22m[2mtriggers file input 
click when choose files button 
is clicked
[22m[39mError fetching 
datasets: ReferenceError: 
Cannot access 'chain' before 
initialization
    at createQueryChain (C:/biz-
stratosphere-main/src/components
/dashboard/DataUpload.test.tsx:6
1:49)
    at Object.<anonymous> (C:/bi
z-stratosphere-main/src/componen
ts/dashboard/DataUpload.test.tsx
:73:24)
    at Object.from [90m(file://
/C:/biz-stratosphere-main/[39mn
ode_modules/[4m@vitest[24m/spy
/dist/index.js:285:34[90m)[39m
    at fetchDatasetsAsync (C:/bi
z-stratosphere-main/src/componen
ts/dashboard/DataUpload.tsx:156:
12)
    at C:/biz-stratosphere-main/
src/components/dashboard/DataUpl
oad.tsx:186:5
    at 
commitHookEffectListMount [90m(
C:\biz-stratosphere-main\[39mno
de_modules\[4mreact-dom[24m\cj
s\react-dom.development.js:23189
:26[90m)[39m
    at 
commitPassiveMountOnFiber [90m(
C:\biz-stratosphere-main\[39mno
de_modules\[4mreact-dom[24m\cj
s\react-dom.development.js:24970
:11[90m)[39m
    at commitPassiveMountEffects
_complete [90m(C:\biz-stratosph
ere-main\[39mnode_modules\[4mr
eact-dom[24m\cjs\react-dom.deve
lopment.js:24930:9[90m)[39m
    at 
commitPassiveMountEffects_begin 
[90m(C:\biz-stratosphere-main\
[39mnode_modules\[4mreact-dom[
24m\cjs\react-dom.development.js
:24917:7[90m)[39m
    at 
commitPassiveMountEffects [90m(
C:\biz-stratosphere-main\[39mno
de_modules\[4mreact-dom[24m\cj
s\react-dom.development.js:24905
:3[90m)[39m

[90mstderr[2m | 
src/pages/Auth.test.tsx[2m > 
[22m[2mAuth Page[2m > 
[22m[2mRendering[2m > 
[22m[2mrenders the auth page 
with signin form by default
[22m[39mΓÜá∩╕Å React Router 
Future Flag Warning: React 
Router will begin wrapping 
state updates in 
`React.startTransition` in v7. 
You can use the 
`v7_startTransition` future 
flag to opt-in early. For more 
information, see https://reactro
uter.com/v6/upgrading/future#v7_
starttransition.
ΓÜá∩╕Å React Router Future Flag 
Warning: Relative route 
resolution within Splat routes 
is changing in v7. You can use 
the `v7_relativeSplatPath` 
future flag to opt-in early. 
For more information, see https:
//reactrouter.com/v6/upgrading/f
uture#v7_relativesplatpath.

[90mstderr[2m | src/components
/dashboard/DataUpload.test.tsx[
2m > [22m[2mDataUpload 
Component[2m > 
[22m[2mDataset List[2m > 
[22m[2mshows loading state 
initially
[22m[39mError fetching 
datasets: ReferenceError: 
Cannot access 'chain' before 
initialization
    at createQueryChain (C:/biz-
stratosphere-main/src/components
/dashboard/DataUpload.test.tsx:6
1:49)
    at Object.<anonymous> (C:/bi
z-stratosphere-main/src/componen
ts/dashboard/DataUpload.test.tsx
:73:24)
    at Object.from [90m(file://
/C:/biz-stratosphere-main/[39mn
ode_modules/[4m@vitest[24m/spy
/dist/index.js:285:34[90m)[39m
    at fetchDatasetsAsync (C:/bi
z-stratosphere-main/src/componen
ts/dashboard/DataUpload.tsx:156:
12)
    at C:/biz-stratosphere-main/
src/components/dashboard/DataUpl
oad.tsx:186:5
    at 
commitHookEffectListMount [90m(
C:\biz-stratosphere-main\[39mno
de_modules\[4mreact-dom[24m\cj
s\react-dom.development.js:23189
:26[90m)[39m
    at 
commitPassiveMountOnFiber [90m(
C:\biz-stratosphere-main\[39mno
de_modules\[4mreact-dom[24m\cj
s\react-dom.development.js:24970
:11[90m)[39m
    at commitPassiveMountEffects
_complete [90m(C:\biz-stratosph
ere-main\[39mnode_modules\[4mr
eact-dom[24m\cjs\react-dom.deve
lopment.js:24930:9[90m)[39m
    at 
commitPassiveMountEffects_begin 
[90m(C:\biz-stratosphere-main\
[39mnode_modules\[4mreact-dom[
24m\cjs\react-dom.development.js
:24917:7[90m)[39m
    at 
commitPassiveMountEffects [90m(
C:\biz-stratosphere-main\[39mno
de_modules\[4mreact-dom[24m\cj
s\react-dom.development.js:24905
:3[90m)[39m

[90mstderr[2m | src/components
/dashboard/DataUpload.test.tsx[
2m > [22m[2mDataUpload 
Component[2m > 
[22m[2mDataset List[2m > 
[22m[2mdisplays recent 
uploads after loading
[22m[39mError fetching 
datasets: ReferenceError: 
Cannot access 'chain' before 
initialization
    at createQueryChain (C:/biz-
stratosphere-main/src/components
/dashboard/DataUpload.test.tsx:6
1:49)
    at Object.<anonymous> (C:/bi
z-stratosphere-main/src/componen
ts/dashboard/DataUpload.test.tsx
:73:24)
    at Object.from [90m(file://
/C:/biz-stratosphere-main/[39mn
ode_modules/[4m@vitest[24m/spy
/dist/index.js:285:34[90m)[39m
    at fetchDatasetsAsync (C:/bi
z-stratosphere-main/src/componen
ts/dashboard/DataUpload.tsx:156:
12)
    at C:/biz-stratosphere-main/
src/components/dashboard/DataUpl
oad.tsx:186:5
    at 
commitHookEffectListMount [90m(
C:\biz-stratosphere-main\[39mno
de_modules\[4mreact-dom[24m\cj
s\react-dom.development.js:23189
:26[90m)[39m
    at 
commitPassiveMountOnFiber [90m(
C:\biz-stratosphere-main\[39mno
de_modules\[4mreact-dom[24m\cj
s\react-dom.development.js:24970
:11[90m)[39m
    at commitPassiveMountEffects
_complete [90m(C:\biz-stratosph
ere-main\[39mnode_modules\[4mr
eact-dom[24m\cjs\react-dom.deve
lopment.js:24930:9[90m)[39m
    at 
commitPassiveMountEffects_begin 
[90m(C:\biz-stratosphere-main\
[39mnode_modules\[4mreact-dom[
24m\cjs\react-dom.development.js
:24917:7[90m)[39m
    at 
commitPassiveMountEffects [90m(
C:\biz-stratosphere-main\[39mno
de_modules\[4mreact-dom[24m\cj
s\react-dom.development.js:24905
:3[90m)[39m

[90mstderr[2m | 
src/pages/Auth.test.tsx[2m > 
[22m[2mAuth Page[2m > 
[22m[2mSign In 
Functionality[2m > 
[22m[2mshows loading state 
during sign in
[22m[39mWarning: An update to 
Auth inside a test was not 
wrapped in act(...).

When testing, code that causes 
React state updates should be 
wrapped into act(...):

act(() => {
  /* fire events that update 
state */
});
/* assert on the output */

This ensures that you're 
testing the behavior the user 
would see in the browser. Learn 
more at https://reactjs.org/link
/wrap-tests-with-act
    at Auth (C:/biz-stratosphere
-main/src/pages/Auth.tsx:23:69)
    at Router (C:\biz-stratosphe
re-main\node_modules\react-route
r\dist\umd\react-router.developm
ent.js:1207:17)
    at BrowserRouter (C:\biz-str
atosphere-main\node_modules\reac
t-router-dom\dist\umd\react-rout
er-dom.development.js:695:7)
    at QueryClientProvider (file
:///C:/biz-stratosphere-main/nod
e_modules/@tanstack/react-query/
build/modern/QueryClientProvider
.js:20:3)
    at AllTheProviders (C:/biz-s
tratosphere-main/src/test/utils.
tsx:32:28)
Warning: An update to Auth 
inside a test was not wrapped 
in act(...).

When testing, code that causes 
React state updates should be 
wrapped into act(...):

act(() => {
  /* fire events that update 
state */
});
/* assert on the output */

This ensures that you're 
testing the behavior the user 
would see in the browser. Learn 
more at https://reactjs.org/link
/wrap-tests-with-act
    at Auth (C:/biz-stratosphere
-main/src/pages/Auth.tsx:23:69)
    at Router (C:\biz-stratosphe
re-main\node_modules\react-route
r\dist\umd\react-router.developm
ent.js:1207:17)
    at BrowserRouter (C:\biz-str
atosphere-main\node_modules\reac
t-router-dom\dist\umd\react-rout
er-dom.development.js:695:7)
    at QueryClientProvider (file
:///C:/biz-stratosphere-main/nod
e_modules/@tanstack/react-query/
build/modern/QueryClientProvider
.js:20:3)
    at AllTheProviders (C:/biz-s
tratosphere-main/src/test/utils.
tsx:32:28)

[90mstderr[2m | src/components
/dashboard/DataUpload.test.tsx[
2m > [22m[2mDataUpload 
Component[2m > 
[22m[2mDataset List[2m > 
[22m[2mshows file sizes in 
human-readable format
[22m[39mError fetching 
datasets: ReferenceError: 
Cannot access 'chain' before 
initialization
    at createQueryChain (C:/biz-
stratosphere-main/src/components
/dashboard/DataUpload.test.tsx:6
1:49)
    at Object.<anonymous> (C:/bi
z-stratosphere-main/src/componen
ts/dashboard/DataUpload.test.tsx
:73:24)
    at Object.from [90m(file://
/C:/biz-stratosphere-main/[39mn
ode_modules/[4m@vitest[24m/spy
/dist/index.js:285:34[90m)[39m
    at fetchDatasetsAsync (C:/bi
z-stratosphere-main/src/componen
ts/dashboard/DataUpload.tsx:156:
12)
    at C:/biz-stratosphere-main/
src/components/dashboard/DataUpl
oad.tsx:186:5
    at 
commitHookEffectListMount [90m(
C:\biz-stratosphere-main\[39mno
de_modules\[4mreact-dom[24m\cj
s\react-dom.development.js:23189
:26[90m)[39m
    at 
commitPassiveMountOnFiber [90m(
C:\biz-stratosphere-main\[39mno
de_modules\[4mreact-dom[24m\cj
s\react-dom.development.js:24970
:11[90m)[39m
    at commitPassiveMountEffects
_complete [90m(C:\biz-stratosph
ere-main\[39mnode_modules\[4mr
eact-dom[24m\cjs\react-dom.deve
lopment.js:24930:9[90m)[39m
    at 
commitPassiveMountEffects_begin 
[90m(C:\biz-stratosphere-main\
[39mnode_modules\[4mreact-dom[
24m\cjs\react-dom.development.js
:24917:7[90m)[39m
    at 
commitPassiveMountEffects [90m(
C:\biz-stratosphere-main\[39mno
de_modules\[4mreact-dom[24m\cj
s\react-dom.development.js:24905
:3[90m)[39m

 [32mΓ£ô[39m src/pages/Auth.test.tsx [2m([22m[2m13 tests[22m[2m)[22m[33m 3724[2mms[22m[39m
       [33m[2mΓ£ô[22m[39m calls supabase signIn on form submit with valid credentials [33m 652[2mms[22m[39m
       [33m[2mΓ£ô[22m[39m shows loading state during sign in [33m 681[2mms[22m[39m
       [33m[2mΓ£ô[22m[39m redirects to home on successful sign in [33m 658[2mms[22m[39m
       [33m[2mΓ£ô[22m[39m calls supabase signUp on form submit [33m 890[2mms[22m[39m
[90mstderr[2m | src/components
/dashboard/DataUpload.test.tsx[
2m > [22m[2mDataUpload 
Component[2m > 
[22m[2mDataset List[2m > 
[22m[2mshows upload dates
[22m[39mError fetching 
datasets: ReferenceError: 
Cannot access 'chain' before 
initialization
    at createQueryChain (C:/biz-
stratosphere-main/src/components
/dashboard/DataUpload.test.tsx:6
1:49)
    at Object.<anonymous> (C:/bi
z-stratosphere-main/src/componen
ts/dashboard/DataUpload.test.tsx
:73:24)
    at Object.from [90m(file://
/C:/biz-stratosphere-main/[39mn
ode_modules/[4m@vitest[24m/spy
/dist/index.js:285:34[90m)[39m
    at fetchDatasetsAsync (C:/bi
z-stratosphere-main/src/componen
ts/dashboard/DataUpload.tsx:156:
12)
    at C:/biz-stratosphere-main/
src/components/dashboard/DataUpl
oad.tsx:186:5
    at 
commitHookEffectListMount [90m(
C:\biz-stratosphere-main\[39mno
de_modules\[4mreact-dom[24m\cj
s\react-dom.development.js:23189
:26[90m)[39m
    at 
commitPassiveMountOnFiber [90m(
C:\biz-stratosphere-main\[39mno
de_modules\[4mreact-dom[24m\cj
s\react-dom.development.js:24970
:11[90m)[39m
    at commitPassiveMountEffects
_complete [90m(C:\biz-stratosph
ere-main\[39mnode_modules\[4mr
eact-dom[24m\cjs\react-dom.deve
lopment.js:24930:9[90m)[39m
    at 
commitPassiveMountEffects_begin 
[90m(C:\biz-stratosphere-main\
[39mnode_modules\[4mreact-dom[
24m\cjs\react-dom.development.js
:24917:7[90m)[39m
    at 
commitPassiveMountEffects [90m(
C:\biz-stratosphere-main\[39mno
de_modules\[4mreact-dom[24m\cj
s\react-dom.development.js:24905
:3[90m)[39m

[90mstderr[2m | src/components
/dashboard/DataUpload.test.tsx[
2m > [22m[2mDataUpload 
Component[2m > 
[22m[2mDataset List[2m > 
[22m[2mdisplays correct 
status badges
[22m[39mError fetching 
datasets: ReferenceError: 
Cannot access 'chain' before 
initialization
    at createQueryChain (C:/biz-
stratosphere-main/src/components
/dashboard/DataUpload.test.tsx:6
1:49)
    at Object.<anonymous> (C:/bi
z-stratosphere-main/src/componen
ts/dashboard/DataUpload.test.tsx
:73:24)
    at Object.from [90m(file://
/C:/biz-stratosphere-main/[39mn
ode_modules/[4m@vitest[24m/spy
/dist/index.js:285:34[90m)[39m
    at fetchDatasetsAsync (C:/bi
z-stratosphere-main/src/componen
ts/dashboard/DataUpload.tsx:156:
12)
    at C:/biz-stratosphere-main/
src/components/dashboard/DataUpl
oad.tsx:186:5
    at 
commitHookEffectListMount [90m(
C:\biz-stratosphere-main\[39mno
de_modules\[4mreact-dom[24m\cj
s\react-dom.development.js:23189
:26[90m)[39m
    at 
commitPassiveMountOnFiber [90m(
C:\biz-stratosphere-main\[39mno
de_modules\[4mreact-dom[24m\cj
s\react-dom.development.js:24970
:11[90m)[39m
    at commitPassiveMountEffects
_complete [90m(C:\biz-stratosph
ere-main\[39mnode_modules\[4mr
eact-dom[24m\cjs\react-dom.deve
lopment.js:24930:9[90m)[39m
    at 
commitPassiveMountEffects_begin 
[90m(C:\biz-stratosphere-main\
[39mnode_modules\[4mreact-dom[
24m\cjs\react-dom.development.js
:24917:7[90m)[39m
    at 
commitPassiveMountEffects [90m(
C:\biz-stratosphere-main\[39mno
de_modules\[4mreact-dom[24m\cj
s\react-dom.development.js:24905
:3[90m)[39m

[90mstderr[2m | src/components
/dashboard/DataUpload.test.tsx[
2m > [22m[2mDataUpload 
Component[2m > 
[22m[2mDataset List[2m > 
[22m[2mshows empty state when 
no datasets exist
[22m[39mError fetching 
datasets: ReferenceError: 
Cannot access 'chain' before 
initialization
    at createQueryChain (C:/biz-
stratosphere-main/src/components
/dashboard/DataUpload.test.tsx:1
94:53)
    at Object.<anonymous> (C:/bi
z-stratosphere-main/src/componen
ts/dashboard/DataUpload.test.tsx
:202:63)
    at Object.from [90m(file://
/C:/biz-stratosphere-main/[39mn
ode_modules/[4m@vitest[24m/spy
/dist/index.js:285:34[90m)[39m
    at fetchDatasetsAsync (C:/bi
z-stratosphere-main/src/componen
ts/dashboard/DataUpload.tsx:156:
12)
    at C:/biz-stratosphere-main/
src/components/dashboard/DataUpl
oad.tsx:186:5
    at 
commitHookEffectListMount [90m(
C:\biz-stratosphere-main\[39mno
de_modules\[4mreact-dom[24m\cj
s\react-dom.development.js:23189
:26[90m)[39m
    at 
commitPassiveMountOnFiber [90m(
C:\biz-stratosphere-main\[39mno
de_modules\[4mreact-dom[24m\cj
s\react-dom.development.js:24970
:11[90m)[39m
    at commitPassiveMountEffects
_complete [90m(C:\biz-stratosph
ere-main\[39mnode_modules\[4mr
eact-dom[24m\cjs\react-dom.deve
lopment.js:24930:9[90m)[39m
    at 
commitPassiveMountEffects_begin 
[90m(C:\biz-stratosphere-main\
[39mnode_modules\[4mreact-dom[
24m\cjs\react-dom.development.js
:24917:7[90m)[39m
    at 
commitPassiveMountEffects [90m(
C:\biz-stratosphere-main\[39mno
de_modules\[4mreact-dom[24m\cj
s\react-dom.development.js:24905
:3[90m)[39m

[90mstderr[2m | src/components
/dashboard/DataUpload.test.tsx[
2m > [22m[2mDataUpload 
Component[2m > 
[22m[2mDataset Deletion[2m > 
[22m[2mshows delete button 
for completed datasets
[22m[39mError fetching 
datasets: ReferenceError: 
Cannot access 'chain' before 
initialization
    at createQueryChain (C:/biz-
stratosphere-main/src/components
/dashboard/DataUpload.test.tsx:6
1:49)
    at Object.<anonymous> (C:/bi
z-stratosphere-main/src/componen
ts/dashboard/DataUpload.test.tsx
:73:24)
    at Object.from [90m(file://
/C:/biz-stratosphere-main/[39mn
ode_modules/[4m@vitest[24m/spy
/dist/index.js:285:34[90m)[39m
    at fetchDatasetsAsync (C:/bi
z-stratosphere-main/src/componen
ts/dashboard/DataUpload.tsx:156:
12)
    at C:/biz-stratosphere-main/
src/components/dashboard/DataUpl
oad.tsx:186:5
    at 
commitHookEffectListMount [90m(
C:\biz-stratosphere-main\[39mno
de_modules\[4mreact-dom[24m\cj
s\react-dom.development.js:23189
:26[90m)[39m
    at 
commitPassiveMountOnFiber [90m(
C:\biz-stratosphere-main\[39mno
de_modules\[4mreact-dom[24m\cj
s\react-dom.development.js:24970
:11[90m)[39m
    at commitPassiveMountEffects
_complete [90m(C:\biz-stratosph
ere-main\[39mnode_modules\[4mr
eact-dom[24m\cjs\react-dom.deve
lopment.js:24930:9[90m)[39m
    at 
commitPassiveMountEffects_begin 
[90m(C:\biz-stratosphere-main\
[39mnode_modules\[4mreact-dom[
24m\cjs\react-dom.development.js
:24917:7[90m)[39m
    at 
commitPassiveMountEffects [90m(
C:\biz-stratosphere-main\[39mno
de_modules\[4mreact-dom[24m\cj
s\react-dom.development.js:24905
:3[90m)[39m

[90mstderr[2m | src/components
/dashboard/DataUpload.test.tsx[
2m > [22m[2mDataUpload 
Component[2m > [22m[2mStatus 
Icons and Colors[2m > 
[22m[2mshows check icon for 
completed status
[22m[39mError fetching 
datasets: ReferenceError: 
Cannot access 'chain' before 
initialization
    at createQueryChain (C:/biz-
stratosphere-main/src/components
/dashboard/DataUpload.test.tsx:6
1:49)
    at Object.<anonymous> (C:/bi
z-stratosphere-main/src/componen
ts/dashboard/DataUpload.test.tsx
:73:24)
    at Object.from [90m(file://
/C:/biz-stratosphere-main/[39mn
ode_modules/[4m@vitest[24m/spy
/dist/index.js:285:34[90m)[39m
    at fetchDatasetsAsync (C:/bi
z-stratosphere-main/src/componen
ts/dashboard/DataUpload.tsx:156:
12)
    at C:/biz-stratosphere-main/
src/components/dashboard/DataUpl
oad.tsx:186:5
    at 
commitHookEffectListMount [90m(
C:\biz-stratosphere-main\[39mno
de_modules\[4mreact-dom[24m\cj
s\react-dom.development.js:23189
:26[90m)[39m
    at 
commitPassiveMountOnFiber [90m(
C:\biz-stratosphere-main\[39mno
de_modules\[4mreact-dom[24m\cj
s\react-dom.development.js:24970
:11[90m)[39m
    at commitPassiveMountEffects
_complete [90m(C:\biz-stratosph
ere-main\[39mnode_modules\[4mr
eact-dom[24m\cjs\react-dom.deve
lopment.js:24930:9[90m)[39m
    at 
commitPassiveMountEffects_begin 
[90m(C:\biz-stratosphere-main\
[39mnode_modules\[4mreact-dom[
24m\cjs\react-dom.development.js
:24917:7[90m)[39m
    at 
commitPassiveMountEffects [90m(
C:\biz-stratosphere-main\[39mno
de_modules\[4mreact-dom[24m\cj
s\react-dom.development.js:24905
:3[90m)[39m

[90mstderr[2m | src/components
/dashboard/DataUpload.test.tsx[
2m > [22m[2mDataUpload 
Component[2m > [22m[2mStatus 
Icons and Colors[2m > 
[22m[2mshows alert icon for 
processing status
[22m[39mError fetching 
datasets: ReferenceError: 
Cannot access 'chain' before 
initialization
    at createQueryChain (C:/biz-
stratosphere-main/src/components
/dashboard/DataUpload.test.tsx:6
1:49)
    at Object.<anonymous> (C:/bi
z-stratosphere-main/src/componen
ts/dashboard/DataUpload.test.tsx
:73:24)
    at Object.from [90m(file://
/C:/biz-stratosphere-main/[39mn
ode_modules/[4m@vitest[24m/spy
/dist/index.js:285:34[90m)[39m
    at fetchDatasetsAsync (C:/bi
z-stratosphere-main/src/componen
ts/dashboard/DataUpload.tsx:156:
12)
    at C:/biz-stratosphere-main/
src/components/dashboard/DataUpl
oad.tsx:186:5
    at 
commitHookEffectListMount [90m(
C:\biz-stratosphere-main\[39mno
de_modules\[4mreact-dom[24m\cj
s\react-dom.development.js:23189
:26[90m)[39m
    at 
commitPassiveMountOnFiber [90m(
C:\biz-stratosphere-main\[39mno
de_modules\[4mreact-dom[24m\cj
s\react-dom.development.js:24970
:11[90m)[39m
    at commitPassiveMountEffects
_complete [90m(C:\biz-stratosph
ere-main\[39mnode_modules\[4mr
eact-dom[24m\cjs\react-dom.deve
lopment.js:24930:9[90m)[39m
    at 
commitPassiveMountEffects_begin 
[90m(C:\biz-stratosphere-main\
[39mnode_modules\[4mreact-dom[
24m\cjs\react-dom.development.js
:24917:7[90m)[39m
    at 
commitPassiveMountEffects [90m(
C:\biz-stratosphere-main\[39mno
de_modules\[4mreact-dom[24m\cj
s\react-dom.development.js:24905
:3[90m)[39m

[90mstderr[2m | src/components
/dashboard/DataUpload.test.tsx[
2m > [22m[2mDataUpload 
Component[2m > [22m[2mStatus 
Icons and Colors[2m > 
[22m[2mshows alert icon for 
error status
[22m[39mError fetching 
datasets: ReferenceError: 
Cannot access 'chain' before 
initialization
    at createQueryChain (C:/biz-
stratosphere-main/src/components
/dashboard/DataUpload.test.tsx:6
1:49)
    at Object.<anonymous> (C:/bi
z-stratosphere-main/src/componen
ts/dashboard/DataUpload.test.tsx
:73:24)
    at Object.from [90m(file://
/C:/biz-stratosphere-main/[39mn
ode_modules/[4m@vitest[24m/spy
/dist/index.js:285:34[90m)[39m
    at fetchDatasetsAsync (C:/bi
z-stratosphere-main/src/componen
ts/dashboard/DataUpload.tsx:156:
12)
    at C:/biz-stratosphere-main/
src/components/dashboard/DataUpl
oad.tsx:186:5
    at 
commitHookEffectListMount [90m(
C:\biz-stratosphere-main\[39mno
de_modules\[4mreact-dom[24m\cj
s\react-dom.development.js:23189
:26[90m)[39m
    at 
commitPassiveMountOnFiber [90m(
C:\biz-stratosphere-main\[39mno
de_modules\[4mreact-dom[24m\cj
s\react-dom.development.js:24970
:11[90m)[39m
    at commitPassiveMountEffects
_complete [90m(C:\biz-stratosph
ere-main\[39mnode_modules\[4mr
eact-dom[24m\cjs\react-dom.deve
lopment.js:24930:9[90m)[39m
    at 
commitPassiveMountEffects_begin 
[90m(C:\biz-stratosphere-main\
[39mnode_modules\[4mreact-dom[
24m\cjs\react-dom.development.js
:24917:7[90m)[39m
    at 
commitPassiveMountEffects [90m(
C:\biz-stratosphere-main\[39mno
de_modules\[4mreact-dom[24m\cj
s\react-dom.development.js:24905
:3[90m)[39m

[90mstderr[2m | src/components
/dashboard/DataUpload.test.tsx[
2m > [22m[2mDataUpload 
Component[2m > [22m[2mFile 
Size Formatting[2m > 
[22m[2mformats bytes to KB 
correctly
[22m[39mError fetching 
datasets: ReferenceError: 
Cannot access 'chain' before 
initialization
    at createQueryChain (C:/biz-
stratosphere-main/src/components
/dashboard/DataUpload.test.tsx:6
1:49)
    at Object.<anonymous> (C:/bi
z-stratosphere-main/src/componen
ts/dashboard/DataUpload.test.tsx
:73:24)
    at Object.from [90m(file://
/C:/biz-stratosphere-main/[39mn
ode_modules/[4m@vitest[24m/spy
/dist/index.js:285:34[90m)[39m
    at fetchDatasetsAsync (C:/bi
z-stratosphere-main/src/componen
ts/dashboard/DataUpload.tsx:156:
12)
    at C:/biz-stratosphere-main/
src/components/dashboard/DataUpl
oad.tsx:186:5
    at 
commitHookEffectListMount [90m(
C:\biz-stratosphere-main\[39mno
de_modules\[4mreact-dom[24m\cj
s\react-dom.development.js:23189
:26[90m)[39m
    at 
commitPassiveMountOnFiber [90m(
C:\biz-stratosphere-main\[39mno
de_modules\[4mreact-dom[24m\cj
s\react-dom.development.js:24970
:11[90m)[39m
    at commitPassiveMountEffects
_complete [90m(C:\biz-stratosph
ere-main\[39mnode_modules\[4mr
eact-dom[24m\cjs\react-dom.deve
lopment.js:24930:9[90m)[39m
    at 
commitPassiveMountEffects_begin 
[90m(C:\biz-stratosphere-main\
[39mnode_modules\[4mreact-dom[
24m\cjs\react-dom.development.js
:24917:7[90m)[39m
    at 
commitPassiveMountEffects [90m(
C:\biz-stratosphere-main\[39mno
de_modules\[4mreact-dom[24m\cj
s\react-dom.development.js:24905
:3[90m)[39m

[90mstderr[2m | src/components
/dashboard/DataUpload.test.tsx[
2m > [22m[2mDataUpload 
Component[2m > [22m[2mFile 
Size Formatting[2m > 
[22m[2mformats larger files 
to MB correctly
[22m[39mError fetching 
datasets: ReferenceError: 
Cannot access 'chain' before 
initialization
    at createQueryChain (C:/biz-
stratosphere-main/src/components
/dashboard/DataUpload.test.tsx:3
31:53)
    at Object.<anonymous> (C:/bi
z-stratosphere-main/src/componen
ts/dashboard/DataUpload.test.tsx
:339:63)
    at Object.from [90m(file://
/C:/biz-stratosphere-main/[39mn
ode_modules/[4m@vitest[24m/spy
/dist/index.js:285:34[90m)[39m
    at fetchDatasetsAsync (C:/bi
z-stratosphere-main/src/componen
ts/dashboard/DataUpload.tsx:156:
12)
    at C:/biz-stratosphere-main/
src/components/dashboard/DataUpl
oad.tsx:186:5
    at 
commitHookEffectListMount [90m(
C:\biz-stratosphere-main\[39mno
de_modules\[4mreact-dom[24m\cj
s\react-dom.development.js:23189
:26[90m)[39m
    at 
commitPassiveMountOnFiber [90m(
C:\biz-stratosphere-main\[39mno
de_modules\[4mreact-dom[24m\cj
s\react-dom.development.js:24970
:11[90m)[39m
    at commitPassiveMountEffects
_complete [90m(C:\biz-stratosph
ere-main\[39mnode_modules\[4mr
eact-dom[24m\cjs\react-dom.deve
lopment.js:24930:9[90m)[39m
    at 
commitPassiveMountEffects_begin 
[90m(C:\biz-stratosphere-main\
[39mnode_modules\[4mreact-dom[
24m\cjs\react-dom.development.js
:24917:7[90m)[39m
    at 
commitPassiveMountEffects [90m(
C:\biz-stratosphere-main\[39mno
de_modules\[4mreact-dom[24m\cj
s\react-dom.development.js:24905
:3[90m)[39m

 [31mΓ¥»[39m src/components/dashboard/DataUpload.test.tsx [2m([22m[2m20 tests[22m[2m | [22m[31m11 failed[39m[2m)[22m[33m 30657[2mms[22m[39m
       [32mΓ£ô[39m renders the upload component with title[32m 106[2mms[22m[39m
       [32mΓ£ô[39m shows upload instructions[32m 12[2mms[22m[39m
       [32mΓ£ô[39m shows choose files button[32m 45[2mms[22m[39m
       [32mΓ£ô[39m has hidden file input[32m 11[2mms[22m[39m
       [32mΓ£ô[39m accepts CSV and Excel files only[32m 13[2mms[22m[39m
       [32mΓ£ô[39m allows multiple file selection[32m 12[2mms[22m[39m
       [32mΓ£ô[39m triggers file input click when choose files button is clicked[32m 85[2mms[22m[39m
[31m       [31m├ù[31m shows loading state initially[39m[32m 14[2mms[22m[39m
[31m       [31m├ù[31m displays recent uploads after loading[39m[33m 3026[2mms[22m[39m
[31m       [31m├ù[31m shows file sizes in human-readable format[39m[33m 3025[2mms[22m[39m
[31m       [31m├ù[31m shows upload dates[39m[33m 3021[2mms[22m[39m
[31m       [31m├ù[31m displays correct status badges[39m[33m 3023[2mms[22m[39m
       [32mΓ£ô[39m shows empty state when no datasets exist[32m 15[2mms[22m[39m
[31m       [31m├ù[31m shows delete button for completed datasets[39m[33m 3016[2mms[22m[39m
       [32mΓ£ô[39m calls delete on data_points and datasets tables[32m 157[2mms[22m[39m
[31m       [31m├ù[31m shows check icon for completed status[39m[33m 3012[2mms[22m[39m
[31m       [31m├ù[31m shows alert icon for processing status[39m[33m 3016[2mms[22m[39m
[31m       [31m├ù[31m shows alert icon for error status[39m[33m 3023[2mms[22m[39m
[31m       [31m├ù[31m formats bytes to KB correctly[39m[33m 3010[2mms[22m[39m
[31m       [31m├ù[31m formats larger files to MB correctly[39m[33m 3012[2mms[22m[39m

[31mΓÄ»ΓÄ»ΓÄ»ΓÄ»ΓÄ»ΓÄ»[39m[1m
[41m Failed Tests 30 [49m[22m
[31mΓÄ»ΓÄ»ΓÄ»ΓÄ»ΓÄ»ΓÄ»ΓÄ»[39m

[41m[1m FAIL [22m[49m src/co
mponents/dashboard/DataUpload.te
st.tsx[2m > [22mDataUpload 
Component[2m > [22mDataset 
List[2m > [22mshows loading 
state initially
[31m[1mAssertionError[22m: 
expected 0 to be greater than 
0[39m
[36m [2mΓ¥»[22m src/component
s/dashboard/DataUpload.test.tsx:
[2m147:38[22m[39m
    [90m145| [39m            
[90m// Loading skeletons 
should be present initially[39m
    [90m146| [39m            
const skeletons = document.query
SelectorAll('.animate-pulsΓÇª
    [90m147| [39m            
[34mexpect[39m(skeletons[33m.
[39mlength)[33m.[39m[34mtoBeG
reaterThan[39m([34m0[39m)
    [90m   | [39m             
                        
[31m^[39m
    [90m148| [39m        })
    [90m149| [39m

[31m[2mΓÄ»ΓÄ»ΓÄ»ΓÄ»ΓÄ»ΓÄ»ΓÄ»ΓÄ
»ΓÄ»ΓÄ»ΓÄ»ΓÄ»ΓÄ»ΓÄ»ΓÄ»ΓÄ»ΓÄ»ΓÄ»Γ
Ä»ΓÄ»ΓÄ»ΓÄ»ΓÄ»[1/30]ΓÄ»[22m[39
m

[41m[1m FAIL [22m[49m src/co
mponents/dashboard/DataUpload.te
st.tsx[2m > [22mDataUpload 
Component[2m > [22mDataset 
List[2m > [22mdisplays recent 
uploads after loading
[31m[1mTestingLibraryElementEr
ror[22m[39m: Unable to find 
an element with the text: 
test.csv. This could be because 
the text is broken up by 
multiple elements. In this 
case, you can provide a 
function for your text matcher 
to make your matcher more 
flexible.

Ignored nodes: comments, 
script, style
[36m<body>[39m
  [36m<div>[39m
    [36m<div[39m
      [33mclass[39m=[32m"roun
ded-lg bg-card 
text-card-foreground shadow-sm 
border-2 border-info/20 
bg-gradient-to-br from-info/10 
to-transparent"[39m
    [36m>[39m
      [36m<div[39m
        
[33mclass[39m=[32m"flex 
flex-col space-y-1.5 p-6"[39m
      [36m>[39m
        [36m<h3[39m
          [33mclass[39m=[32m"
tracking-tight flex 
items-center gap-2 text-xl 
font-semibold"[39m
        [36m>[39m
          [36m<svg[39m
            
[33mclass[39m=[32m"lucide 
lucide-upload h-6 w-6 
text-info"[39m
            
[33mfill[39m=[32m"none"[39m
            
[33mheight[39m=[32m"24"[39m
            [33mstroke[39m=[3
2m"currentColor"[39m
            [33mstroke-linecap
[39m=[32m"round"[39m
            [33mstroke-linejoin
[39m=[32m"round"[39m
            [33mstroke-width[3
9m=[32m"2"[39m
            
[33mviewBox[39m=[32m"0 0 24 
24"[39m
            
[33mwidth[39m=[32m"24"[39m
            [33mxmlns[39m=[32
m"http://www.w3.org/2000/svg"[3
9m
          [36m>[39m
            [36m<path[39m
              
[33md[39m=[32m"M21 15v4a2 2 
0 0 1-2 2H5a2 2 0 0 
1-2-2v-4"[39m
            [36m/>[39m
            [36m<polyline[39m
              
[33mpoints[39m=[32m"17 8 12 
3 7 8"[39m
            [36m/>[39m
            [36m<line[39m
              
[33mx1[39m=[32m"12"[39m
              
[33mx2[39m=[32m"12"[39m
              
[33my1[39m=[32m"3"[39m
              
[33my2[39m=[32m"15"[39m
            [36m/>[39m
          [36m</svg>[39m
          [0mData 
Management[0m
        [36m</h3>[39m
      [36m</div>[39m
      [36m<div[39m
        
[33mclass[39m=[32m"p-6 pt-0 
space-y-6"[39m
      [36m>[39m
        [36m<div[39m
          
[33mclass[39m=[32m"border-2 
border-dashed rounded-lg p-8 
text-center transition-colors 
border-border 
hover:border-primary/50"[39m
        [36m>[39m
          [36m<svg[39m
            
[33mclass[39m=[32m"lucide 
lucide-upload mx-auto h-12 w-12 
text-muted-foreground mb-4"[39m
            
[33mfill[39m=[32m"none"[39m
            
[33mheight[39m=[32m"24"[39m
            [33mstroke[39m=[3
2m"currentColor"[39m
            [33mstroke-linecap
[39m=[32m"round"[39m
            [33mstroke-linejoin
[39m=[32m"round"[39m
            [33mstroke-width[3
9m=[32m"2"[39m
            
[33mviewBox[39m=[32m"0 0 24 
24"[39m
            
[33mwidth[39m=[32m"24"[39m
            [33mxmlns[39m=[32
m"http://www.w3.org/2000/svg"[3
9m
          [36m>[39m
            [36m<path[39m
              
[33md[39m=[32m"M21 15v4a2 2 
0 0 1-2 2H5a2 2 0 0 
1-2-2v-4"[39m
            [36m/>[39m
            [36m<polyline[39m
              
[33mpoints[39m=[32m"17 8 12 
3 7 8"[39m
            [36m/>[39m
            [36m<line[39m
              
[33mx1[39m=[32m"12"[39m
              
[33mx2[39m=[32m"12"[39m
              
[33my1[39m=[32m"3"[39m
              
[33my2[39m=[32m"15"[39m
            [36m/>[39m
          [36m</svg>[39m
          [36m<h3[39m
            
[33mclass[39m=[32m"text-lg 
font-semibold mb-2"[39m
          [36m>[39m
            [0mUpload Your 
Data Files[0m
          [36m</h3>[39m
          [36m<p[39m
            [33mclass[39m=[32
m"text-muted-foreground 
mb-4"[39m
          [36m>[39m
            [0mDrag and drop 
your CSV, Excel, or JSON files 
here[0m
          [36m</p>[39m
          [36m<button[39m
            [33mclass[39m=[32
m"inline-flex items-center 
justify-center gap-2 
whitespace-nowrap rounded-md 
text-sm font-medium 
ring-offset-background 
transition-colors 
focus-visible:outline-none 
focus-visible:ring-2 
focus-visible:ring-ring 
focus-visible:ring-offset-2 
disabled:pointer-events-none 
disabled:opacity-50 
[&_svg]:pointer-events-none 
[&_svg]:size-4 [&_svg]:shrink-0 
text-primary-foreground 
hover:bg-primary/90 h-10 px-4 
py-2 bg-gradient-primary"[39m
          [36m>[39m
            [0mChoose Files[0m
          [36m</button>[39m
          [36m<input[39m
            [33maccept[39m=[3
2m".csv,.xlsx,.xls"[39m
            [33maria-label[39m
=[32m"Upload data files"[39m
            [33mclass[39m=[32
m"hidden"[39m
            
[33mmultiple[39m=[32m""[39m
            
[33mtype[39m=[32m"file"[39m
          [36m/>[39m
        [36m</div>[39m
        [36m<div>[39m
          [36m<h4[39m
            [33mclass[39m=[32
m"font-semibold mb-3"[39m
          [36m>[39m
            [0mRecent 
Uploads[0m
          [36m</h4>[39m
          [36m<div[39m
            [33mclass[39m=[32
m"text-center py-8 
text-muted-foreground"[39m
          [36m>[39m
            [36m<svg[39m
              
[33mclass[39m=[32m"lucide 
lucide-file-text h-12 w-12 
mx-auto mb-2 opacity-50"[39m
              
[33mfill[39m=[32m"none"[39m
              
[33mheight[39m=[32m"24"[39m
              [33mstroke[39m=
[32m"currentColor"[39m
              [33mstroke-lineca
p[39m=[32m"round"[39m
              [33mstroke-linejo
in[39m=[32m"round"[39m
              [33mstroke-width
[39m=[32m"2"[39m
              
[33mviewBox[39m=[32m"0 0 24 
24"[39m
              
[33mwidth[39m=[32m"24"[39m
              [33mxmlns[39m=[
32m"http://www.w3.org/2000/svg"
[39m
            [36m>[39m
              [36m<path[39m
                
[33md[39m=[32m"M15 2H6a2 2 0 
0 0-2 2v16a2 2 0 0 0 2 2h12a2 2 
0 0 0 2-2V7Z"[39m
              [36m/>[39m
              [36m<path[39m
                
[33md[39m=[32m"M14 2v4a2 2 0 
0 0 2 2h4"[39m
              [36m/>[39m
              [36m<path[39m
                
[33md[39m=[32m"M10 9H8"[39m
              [36m/>[39m
              [36m<path[39m
                
[33md[39m=[32m"M16 13H8"[39m
              [36m/>[39m
              [36m<path[39m
                
[33md[39m=[32m"M16 17H8"[39m
              [36m/>[39m
            [36m</svg>[39m
            [36m<p>[39m
              [0mNo files 
uploaded yet[0m
            [36m</p>[39m
            [36m<p[39m
              [33mclass[39m=[
32m"text-sm"[39m
            [36m>[39m
              [0mUpload your 
first CSV or Excel file to get 
started[0m
            [36m</p>[39m
          [36m</div>[39m
        [36m</div>[39m
      [36m</div>[39m
    [36m</div>[39m
    [36m<section[39m
      [33maria-atomic[39m=[32
m"false"[39m
      [33maria-label[39m=[32m
"Notifications alt+T"[39m
      [33maria-live[39m=[32m"
polite"[39m
      [33maria-relevant[39m=[
32m"additions text"[39m
      [33mtabindex[39m=[32m"-
1"[39m
    [36m/>[39m
  [36m</div>[39m
[36m</body>[39m

Ignored nodes: comments, 
script, style
[36m<html>[39m
  [36m<head />[39m
  [36m<body>[39m
    [36m<div>[39m
      [36m<div[39m
        [33mclass[39m=[32m"ro
unded-lg bg-card 
text-card-foreground shadow-sm 
border-2 border-info/20 
bg-gradient-to-br from-info/10 
to-transparent"[39m
      [36m>[39m
        [36m<div[39m
          
[33mclass[39m=[32m"flex 
flex-col space-y-1.5 p-6"[39m
        [36m>[39m
          [36m<h3[39m
            [33mclass[39m=[32
m"tracking-tight flex 
items-center gap-2 text-xl 
font-semibold"[39m
          [36m>[39m
            [36m<svg[39m
              
[33mclass[39m=[32m"lucide 
lucide-upload h-6 w-6 
text-info"[39m
              
[33mfill[39m=[32m"none"[39m
              
[33mheight[39m=[32m"24"[39m
              [33mstroke[39m=
[32m"currentColor"[39m
              [33mstroke-lineca
p[39m=[32m"round"[39m
              [33mstroke-linejo
in[39m=[32m"round"[39m
              [33mstroke-width
[39m=[32m"2"[39m
              
[33mviewBox[39m=[32m"0 0 24 
24"[39m
              
[33mwidth[39m=[32m"24"[39m
              [33mxmlns[39m=[
32m"http://www.w3.org/2000/svg"
[39m
            [36m>[39m
              [36m<path[39m
                
[33md[39m=[32m"M21 15v4a2 2 
0 0 1-2 2H5a2 2 0 0 
1-2-2v-4"[39m
              [36m/>[39m
              
[36m<polyline[39m
                
[33mpoints[39m=[32m"17 8 12 
3 7 8"[39m
              [36m/>[39m
              [36m<line[39m
                
[33mx1[39m=[32m"12"[39m
                
[33mx2[39m=[32m"12"[39m
                
[33my1[39m=[32m"3"[39m
                
[33my2[39m=[32m"15"[39m
              [36m/>[39m
            [36m</svg>[39m
            [0mData 
Management[0m
          [36m</h3>[39m
        [36m</div>[39m
        [36m<div[39m
          
[33mclass[39m=[32m"p-6 pt-0 
space-y-6"[39m
        [36m>[39m
          [36m<div[39m
            
[33mclass[39m=[32m"border-2 
border-dashed rounded-lg p-8 
text-center transition-colors 
border-border 
hover:border-primary/50"[39m
          [36m>[39m
            [36m<svg[39m
              
[33mclass[39m=[32m"lucide 
lucide-upload mx-auto h-12 w-12 
text-muted-foreground mb-4"[39m
              
[33mfill[39m=[32m"none"[39m
              
[33mheight[39m=[32m"24"[39m
              [33mstroke[39m=
[32m"currentColor"[39m
              [33mstroke-lineca
p[39m=[32m"round"[39m
              [33mstroke-linejo
in[39m=[32m"round"[39m
              [33mstroke-width
[39m=[32m"2"[39m
              
[33mviewBox[39m=[32m"0 0 24 
24"[39m
              
[33mwidth[39m=[32m"24"[39m
              [33mxmlns[39m=[
32m"http://www.w3.org/2000/svg"
[39m
            [36m>[39m
              [36m<path[39m
                
[33md[39m=[32m"M21 15v4a2 2 
0 0 1-2 2H5a2 2 0 0 
1-2-2v-4"[39m
              [36m/>[39m
              
[36m<polyline[39m
                
[33mpoints[39m=[32m"17 8 12 
3 7 8"[39m
              [36m/>[39m
              [36m<line[39m
                
[33mx1[39m=[32m"12"[39m
                
[33mx2[39m=[32m"12"[39m
                
[33my1[39m=[32m"3"[39m
                
[33my2[39m=[32m"15"[39m
              [36m/>[39m
            [36m</svg>[39m
            [36m<h3[39m
              
[33mclass[39m=[32m"text-lg 
font-semibold mb-2"[39m
            [36m>[39m
              [0mUpload Your 
Data Files[0m
            [36m</h3>[39m
            [36m<p[39m
              [33mclass[39m=[
32m"text-muted-foreground 
mb-4"[39m
            [36m>[39m
              [0mDrag and drop 
your CSV, Excel, or JSON files 
here[0m
            [36m</p>[39m
            [36m<button[39m
              [33mclass[39m=[
32m"inline-flex items-center 
justify-center gap-2 
whitespace-nowrap rounded-md 
text-sm font-medium 
ring-offset-background 
transition-colors 
focus-visible:outline-none 
focus-visible:ring-2 
focus-visible:ring-ring 
focus-visible:ring-offset-2 
disabled:pointer-events-none 
disabled:opacity-50 
[&_svg]:pointer-events-none 
[&_svg]:size-4 [&_svg]:shrink-0 
text-primary-foreground 
hover:bg-primary/90 h-10 px-4 
py-2 bg-gradient-primary"[39m
            [36m>[39m
              [0mChoose 
Files[0m
            [36m</button>[39m
            [36m<input[39m
              [33maccept[39m=
[32m".csv,.xlsx,.xls"[39m
              [33maria-label[3
9m=[32m"Upload data files"[39m
              [33mclass[39m=[
32m"hidden"[39m
              
[33mmultiple[39m=[32m""[39m
              
[33mtype[39m=[32m"file"[39m
            [36m/>[39m
          [36m</div>[39m
          [36m<div>[39m
            [36m<h4[39m
              [33mclass[39m=[
32m"font-semibold mb-3"[39m
            [36m>[39m
              [0mRecent 
Uploads[0m
            [36m</h4>[39m
            [36m<div[39m
              [33mclass[39m=[
32m"text-center py-8 
text-muted-foreground"[39m
            [36m>[39m
              [36m<svg[39m
                
[33mclass[39m=[32m"lucide 
lucide-file-text h-12 w-12 
mx-auto mb-2 opacity-50"[39m
                
[33mfill[39m=[32m"none"[39m
                
[33mheight[39m=[32m"24"[39m
                [33mstroke[39m
=[32m"currentColor"[39m
                [33mstroke-line
cap[39m=[32m"round"[39m
                [33mstroke-line
join[39m=[32m"round"[39m
                [33mstroke-widt
h[39m=[32m"2"[39m
                
[33mviewBox[39m=[32m"0 0 24 
24"[39m
                
[33mwidth[39m=[32m"24"[39m
                [33mxmlns[39m=
[32m"http://www.w3.org/2000/svg
"[39m
              [36m>[39m
                [36m<path[39m
                  
[33md[39m=[32m"M15 2H6a2 2 0 
0 0-2 2v16a2 2 0 0 0 2 2h12a2 2 
0 0 0 2-2V7Z"[39m
                [36m/>[39m
                [36m<path[39m
                  
[33md[39m=[32m"M14 2v4a2 2 0 
0 0 2 2h4"[39m
                [36m/>[39m
                [36m<path[39m
                  
[33md[39m=[32m"M10 9H8"[39m
                [36m/>[39m
                [36m<path[39m
                  
[33md[39m=[32m"M16 13H8"[39m
                [36m/>[39m
                [36m<path[39m
                  
[33md[39m=[32m"M16 17H8"[39m
                [36m/>[39m
              [36m</svg>[39m
              [36m<p>[39m
                [0mNo files 
uploaded yet[0m
              [36m</p>[39m
              [36m<p[39m
                [33mclass[39m=
[32m"text-sm"[39m
              [36m>[39m
                [0mUpload your 
first CSV or Excel file to get 
started[0m
              [36m</p>[39m
            [36m</div>[39m
          [36m</div>[39m
        [36m</div>[39m
      [36m</div>[39m
      [36m<section[39m
        [33maria-atomic[39m=[
32m"false"[39m
        [33maria-label[39m=[3
2m"Notifications alt+T"[39m
        [33maria-live[39m=[32
m"polite"[39m
        [33maria-relevant[39m=
[32m"additions text"[39m
        [33mtabindex[39m=[32m
"-1"[39m
      [36m/>[39m
    [36m</div>[39m
  [36m</body>[39m
[36m</html>[39m...
[90m [2mΓ¥»[22m 
Module.waitFor node_modules/@tes
ting-library/dom/dist/wait-for.j
s:[2m163:27[22m[39m
[36m [2mΓ¥»[22m src/component
s/dashboard/DataUpload.test.tsx:
[2m153:19[22m[39m
    [90m151| [39m            
[34mrender[39m([33m<[39m[33m
DataUpload[39m 
[33m/[39m[33m>[39m)
    [90m152| [39m
    [90m153| [39m            
[35mawait[39m 
[34mwaitFor[39m(() 
[33m=>[39m {
    [90m   | [39m             
     [31m^[39m
    [90m154| [39m             
   expect(screen.getByText('test
.csv')).toBeInTheDocumentΓÇª
    [90m155| [39m            
}[33m,[39m { 
timeout[33m:[39m 
[34m3000[39m })

[31m[2mΓÄ»ΓÄ»ΓÄ»ΓÄ»ΓÄ»ΓÄ»ΓÄ»ΓÄ
»ΓÄ»ΓÄ»ΓÄ»ΓÄ»ΓÄ»ΓÄ»ΓÄ»ΓÄ»ΓÄ»ΓÄ»Γ
Ä»ΓÄ»ΓÄ»ΓÄ»ΓÄ»[2/30]ΓÄ»[22m[39
m

[41m[1m FAIL [22m[49m src/co
mponents/dashboard/DataUpload.te
st.tsx[2m > [22mDataUpload 
Component[2m > [22mDataset 
List[2m > [22mshows file 
sizes in human-readable format
[31m[1mTestingLibraryElementEr
ror[22m[39m: Unable to find 
an element with the text: /1 
KB/i. This could be because the 
text is broken up by multiple 
elements. In this case, you can 
provide a function for your 
text matcher to make your 
matcher more flexible.

Ignored nodes: comments, 
script, style
[36m<body>[39m
  [36m<div>[39m
    [36m<div[39m
      [33mclass[39m=[32m"roun
ded-lg bg-card 
text-card-foreground shadow-sm 
border-2 border-info/20 
bg-gradient-to-br from-info/10 
to-transparent"[39m
    [36m>[39m
      [36m<div[39m
        
[33mclass[39m=[32m"flex 
flex-col space-y-1.5 p-6"[39m
      [36m>[39m
        [36m<h3[39m
          [33mclass[39m=[32m"
tracking-tight flex 
items-center gap-2 text-xl 
font-semibold"[39m
        [36m>[39m
          [36m<svg[39m
            
[33mclass[39m=[32m"lucide 
lucide-upload h-6 w-6 
text-info"[39m
            
[33mfill[39m=[32m"none"[39m
            
[33mheight[39m=[32m"24"[39m
            [33mstroke[39m=[3
2m"currentColor"[39m
            [33mstroke-linecap
[39m=[32m"round"[39m
            [33mstroke-linejoin
[39m=[32m"round"[39m
            [33mstroke-width[3
9m=[32m"2"[39m
            
[33mviewBox[39m=[32m"0 0 24 
24"[39m
            
[33mwidth[39m=[32m"24"[39m
            [33mxmlns[39m=[32
m"http://www.w3.org/2000/svg"[3
9m
          [36m>[39m
            [36m<path[39m
              
[33md[39m=[32m"M21 15v4a2 2 
0 0 1-2 2H5a2 2 0 0 
1-2-2v-4"[39m
            [36m/>[39m
            [36m<polyline[39m
              
[33mpoints[39m=[32m"17 8 12 
3 7 8"[39m
            [36m/>[39m
            [36m<line[39m
              
[33mx1[39m=[32m"12"[39m
              
[33mx2[39m=[32m"12"[39m
              
[33my1[39m=[32m"3"[39m
              
[33my2[39m=[32m"15"[39m
            [36m/>[39m
          [36m</svg>[39m
          [0mData 
Management[0m
        [36m</h3>[39m
      [36m</div>[39m
      [36m<div[39m
        
[33mclass[39m=[32m"p-6 pt-0 
space-y-6"[39m
      [36m>[39m
        [36m<div[39m
          
[33mclass[39m=[32m"border-2 
border-dashed rounded-lg p-8 
text-center transition-colors 
border-border 
hover:border-primary/50"[39m
        [36m>[39m
          [36m<svg[39m
            
[33mclass[39m=[32m"lucide 
lucide-upload mx-auto h-12 w-12 
text-muted-foreground mb-4"[39m
            
[33mfill[39m=[32m"none"[39m
            
[33mheight[39m=[32m"24"[39m
            [33mstroke[39m=[3
2m"currentColor"[39m
            [33mstroke-linecap
[39m=[32m"round"[39m
            [33mstroke-linejoin
[39m=[32m"round"[39m
            [33mstroke-width[3
9m=[32m"2"[39m
            
[33mviewBox[39m=[32m"0 0 24 
24"[39m
            
[33mwidth[39m=[32m"24"[39m
            [33mxmlns[39m=[32
m"http://www.w3.org/2000/svg"[3
9m
          [36m>[39m
            [36m<path[39m
              
[33md[39m=[32m"M21 15v4a2 2 
0 0 1-2 2H5a2 2 0 0 
1-2-2v-4"[39m
            [36m/>[39m
            [36m<polyline[39m
              
[33mpoints[39m=[32m"17 8 12 
3 7 8"[39m
            [36m/>[39m
            [36m<line[39m
              
[33mx1[39m=[32m"12"[39m
              
[33mx2[39m=[32m"12"[39m
              
[33my1[39m=[32m"3"[39m
              
[33my2[39m=[32m"15"[39m
            [36m/>[39m
          [36m</svg>[39m
          [36m<h3[39m
            
[33mclass[39m=[32m"text-lg 
font-semibold mb-2"[39m
          [36m>[39m
            [0mUpload Your 
Data Files[0m
          [36m</h3>[39m
          [36m<p[39m
            [33mclass[39m=[32
m"text-muted-foreground 
mb-4"[39m
          [36m>[39m
            [0mDrag and drop 
your CSV, Excel, or JSON files 
here[0m
          [36m</p>[39m
          [36m<button[39m
            [33mclass[39m=[32
m"inline-flex items-center 
justify-center gap-2 
whitespace-nowrap rounded-md 
text-sm font-medium 
ring-offset-background 
transition-colors 
focus-visible:outline-none 
focus-visible:ring-2 
focus-visible:ring-ring 
focus-visible:ring-offset-2 
disabled:pointer-events-none 
disabled:opacity-50 
[&_svg]:pointer-events-none 
[&_svg]:size-4 [&_svg]:shrink-0 
text-primary-foreground 
hover:bg-primary/90 h-10 px-4 
py-2 bg-gradient-primary"[39m
          [36m>[39m
            [0mChoose Files[0m
          [36m</button>[39m
          [36m<input[39m
            [33maccept[39m=[3
2m".csv,.xlsx,.xls"[39m
            [33maria-label[39m
=[32m"Upload data files"[39m
            [33mclass[39m=[32
m"hidden"[39m
            
[33mmultiple[39m=[32m""[39m
            
[33mtype[39m=[32m"file"[39m
          [36m/>[39m
        [36m</div>[39m
        [36m<div>[39m
          [36m<h4[39m
            [33mclass[39m=[32
m"font-semibold mb-3"[39m
          [36m>[39m
            [0mRecent 
Uploads[0m
          [36m</h4>[39m
          [36m<div[39m
            [33mclass[39m=[32
m"text-center py-8 
text-muted-foreground"[39m
          [36m>[39m
            [36m<svg[39m
              
[33mclass[39m=[32m"lucide 
lucide-file-text h-12 w-12 
mx-auto mb-2 opacity-50"[39m
              
[33mfill[39m=[32m"none"[39m
              
[33mheight[39m=[32m"24"[39m
              [33mstroke[39m=
[32m"currentColor"[39m
              [33mstroke-lineca
p[39m=[32m"round"[39m
              [33mstroke-linejo
in[39m=[32m"round"[39m
              [33mstroke-width
[39m=[32m"2"[39m
              
[33mviewBox[39m=[32m"0 0 24 
24"[39m
              
[33mwidth[39m=[32m"24"[39m
              [33mxmlns[39m=[
32m"http://www.w3.org/2000/svg"
[39m
            [36m>[39m
              [36m<path[39m
                
[33md[39m=[32m"M15 2H6a2 2 0 
0 0-2 2v16a2 2 0 0 0 2 2h12a2 2 
0 0 0 2-2V7Z"[39m
              [36m/>[39m
              [36m<path[39m
                
[33md[39m=[32m"M14 2v4a2 2 0 
0 0 2 2h4"[39m
              [36m/>[39m
              [36m<path[39m
                
[33md[39m=[32m"M10 9H8"[39m
              [36m/>[39m
              [36m<path[39m
                
[33md[39m=[32m"M16 13H8"[39m
              [36m/>[39m
              [36m<path[39m
                
[33md[39m=[32m"M16 17H8"[39m
              [36m/>[39m
            [36m</svg>[39m
            [36m<p>[39m
              [0mNo files 
uploaded yet[0m
            [36m</p>[39m
            [36m<p[39m
              [33mclass[39m=[
32m"text-sm"[39m
            [36m>[39m
              [0mUpload your 
first CSV or Excel file to get 
started[0m
            [36m</p>[39m
          [36m</div>[39m
        [36m</div>[39m
      [36m</div>[39m
    [36m</div>[39m
    [36m<section[39m
      [33maria-atomic[39m=[32
m"false"[39m
      [33maria-label[39m=[32m
"Notifications alt+T"[39m
      [33maria-live[39m=[32m"
polite"[39m
      [33maria-relevant[39m=[
32m"additions text"[39m
      [33mtabindex[39m=[32m"-
1"[39m
    [36m/>[39m
  [36m</div>[39m
[36m</body>[39m

Ignored nodes: comments, 
script, style
[36m<html>[39m
  [36m<head />[39m
  [36m<body>[39m
    [36m<div>[39m
      [36m<div[39m
        [33mclass[39m=[32m"ro
unded-lg bg-card 
text-card-foreground shadow-sm 
border-2 border-info/20 
bg-gradient-to-br from-info/10 
to-transparent"[39m
      [36m>[39m
        [36m<div[39m
          
[33mclass[39m=[32m"flex 
flex-col space-y-1.5 p-6"[39m
        [36m>[39m
          [36m<h3[39m
            [33mclass[39m=[32
m"tracking-tight flex 
items-center gap-2 text-xl 
font-semibold"[39m
          [36m>[39m
            [36m<svg[39m
              
[33mclass[39m=[32m"lucide 
lucide-upload h-6 w-6 
text-info"[39m
              
[33mfill[39m=[32m"none"[39m
              
[33mheight[39m=[32m"24"[39m
              [33mstroke[39m=
[32m"currentColor"[39m
              [33mstroke-lineca
p[39m=[32m"round"[39m
              [33mstroke-linejo
in[39m=[32m"round"[39m
              [33mstroke-width
[39m=[32m"2"[39m
              
[33mviewBox[39m=[32m"0 0 24 
24"[39m
              
[33mwidth[39m=[32m"24"[39m
              [33mxmlns[39m=[
32m"http://www.w3.org/2000/svg"
[39m
            [36m>[39m
              [36m<path[39m
                
[33md[39m=[32m"M21 15v4a2 2 
0 0 1-2 2H5a2 2 0 0 
1-2-2v-4"[39m
              [36m/>[39m
              
[36m<polyline[39m
                
[33mpoints[39m=[32m"17 8 12 
3 7 8"[39m
              [36m/>[39m
              [36m<line[39m
                
[33mx1[39m=[32m"12"[39m
                
[33mx2[39m=[32m"12"[39m
                
[33my1[39m=[32m"3"[39m
                
[33my2[39m=[32m"15"[39m
              [36m/>[39m
            [36m</svg>[39m
            [0mData 
Management[0m
          [36m</h3>[39m
        [36m</div>[39m
        [36m<div[39m
          
[33mclass[39m=[32m"p-6 pt-0 
space-y-6"[39m
        [36m>[39m
          [36m<div[39m
            
[33mclass[39m=[32m"border-2 
border-dashed rounded-lg p-8 
text-center transition-colors 
border-border 
hover:border-primary/50"[39m
          [36m>[39m
            [36m<svg[39m
              
[33mclass[39m=[32m"lucide 
lucide-upload mx-auto h-12 w-12 
text-muted-foreground mb-4"[39m
              
[33mfill[39m=[32m"none"[39m
              
[33mheight[39m=[32m"24"[39m
              [33mstroke[39m=
[32m"currentColor"[39m
              [33mstroke-lineca
p[39m=[32m"round"[39m
              [33mstroke-linejo
in[39m=[32m"round"[39m
              [33mstroke-width
[39m=[32m"2"[39m
              
[33mviewBox[39m=[32m"0 0 24 
24"[39m
              
[33mwidth[39m=[32m"24"[39m
              [33mxmlns[39m=[
32m"http://www.w3.org/2000/svg"
[39m
            [36m>[39m
              [36m<path[39m
                
[33md[39m=[32m"M21 15v4a2 2 
0 0 1-2 2H5a2 2 0 0 
1-2-2v-4"[39m
              [36m/>[39m
              
[36m<polyline[39m
                
[33mpoints[39m=[32m"17 8 12 
3 7 8"[39m
              [36m/>[39m
              [36m<line[39m
                
[33mx1[39m=[32m"12"[39m
                
[33mx2[39m=[32m"12"[39m
                
[33my1[39m=[32m"3"[39m
                
[33my2[39m=[32m"15"[39m
              [36m/>[39m
            [36m</svg>[39m
            [36m<h3[39m
              
[33mclass[39m=[32m"text-lg 
font-semibold mb-2"[39m
            [36m>[39m
              [0mUpload Your 
Data Files[0m
            [36m</h3>[39m
            [36m<p[39m
              [33mclass[39m=[
32m"text-muted-foreground 
mb-4"[39m
            [36m>[39m
              [0mDrag and drop 
your CSV, Excel, or JSON files 
here[0m
            [36m</p>[39m
            [36m<button[39m
              [33mclass[39m=[
32m"inline-flex items-center 
justify-center gap-2 
whitespace-nowrap rounded-md 
text-sm font-medium 
ring-offset-background 
transition-colors 
focus-visible:outline-none 
focus-visible:ring-2 
focus-visible:ring-ring 
focus-visible:ring-offset-2 
disabled:pointer-events-none 
disabled:opacity-50 
[&_svg]:pointer-events-none 
[&_svg]:size-4 [&_svg]:shrink-0 
text-primary-foreground 
hover:bg-primary/90 h-10 px-4 
py-2 bg-gradient-primary"[39m
            [36m>[39m
              [0mChoose 
Files[0m
            [36m</button>[39m
            [36m<input[39m
              [33maccept[39m=
[32m".csv,.xlsx,.xls"[39m
              [33maria-label[3
9m=[32m"Upload data files"[39m
              [33mclass[39m=[
32m"hidden"[39m
              
[33mmultiple[39m=[32m""[39m
              
[33mtype[39m=[32m"file"[39m
            [36m/>[39m
          [36m</div>[39m
          [36m<div>[39m
            [36m<h4[39m
              [33mclass[39m=[
32m"font-semibold mb-3"[39m
            [36m>[39m
              [0mRecent 
Uploads[0m
            [36m</h4>[39m
            [36m<div[39m
              [33mclass[39m=[
32m"text-center py-8 
text-muted-foreground"[39m
            [36m>[39m
              [36m<svg[39m
                
[33mclass[39m=[32m"lucide 
lucide-file-text h-12 w-12 
mx-auto mb-2 opacity-50"[39m
                
[33mfill[39m=[32m"none"[39m
                
[33mheight[39m=[32m"24"[39m
                [33mstroke[39m
=[32m"currentColor"[39m
                [33mstroke-line
cap[39m=[32m"round"[39m
                [33mstroke-line
join[39m=[32m"round"[39m
                [33mstroke-widt
h[39m=[32m"2"[39m
                
[33mviewBox[39m=[32m"0 0 24 
24"[39m
                
[33mwidth[39m=[32m"24"[39m
                [33mxmlns[39m=
[32m"http://www.w3.org/2000/svg
"[39m
              [36m>[39m
                [36m<path[39m
                  
[33md[39m=[32m"M15 2H6a2 2 0 
0 0-2 2v16a2 2 0 0 0 2 2h12a2 2 
0 0 0 2-2V7Z"[39m
                [36m/>[39m
                [36m<path[39m
                  
[33md[39m=[32m"M14 2v4a2 2 0 
0 0 2 2h4"[39m
                [36m/>[39m
                [36m<path[39m
                  
[33md[39m=[32m"M10 9H8"[39m
                [36m/>[39m
                [36m<path[39m
                  
[33md[39m=[32m"M16 13H8"[39m
                [36m/>[39m
                [36m<path[39m
                  
[33md[39m=[32m"M16 17H8"[39m
                [36m/>[39m
              [36m</svg>[39m
              [36m<p>[39m
                [0mNo files 
uploaded yet[0m
              [36m</p>[39m
              [36m<p[39m
                [33mclass[39m=
[32m"text-sm"[39m
              [36m>[39m
                [0mUpload your 
first CSV or Excel file to get 
started[0m
              [36m</p>[39m
            [36m</div>[39m
          [36m</div>[39m
        [36m</div>[39m
      [36m</div>[39m
      [36m<section[39m
        [33maria-atomic[39m=[
32m"false"[39m
        [33maria-label[39m=[3
2m"Notifications alt+T"[39m
        [33maria-live[39m=[32
m"polite"[39m
        [33maria-relevant[39m=
[32m"additions text"[39m
        [33mtabindex[39m=[32m
"-1"[39m
      [36m/>[39m
    [36m</div>[39m
  [36m</body>[39m
[36m</html>[39m...
[90m [2mΓ¥»[22m 
Module.waitFor node_modules/@tes
ting-library/dom/dist/wait-for.j
s:[2m163:27[22m[39m
[36m [2mΓ¥»[22m src/component
s/dashboard/DataUpload.test.tsx:
[2m164:19[22m[39m
    [90m162| [39m            
[34mrender[39m([33m<[39m[33m
DataUpload[39m 
[33m/[39m[33m>[39m)
    [90m163| [39m
    [90m164| [39m            
[35mawait[39m 
[34mwaitFor[39m(() 
[33m=>[39m {
    [90m   | [39m             
     [31m^[39m
    [90m165| [39m             
   [34mexpect[39m(screen[33m.
[39m[34mgetByText[39m([36m/1
 KB/i[39m))[33m.[39m[34mtoBe
InTheDocument[39m()
    [90m166| [39m            
}[33m,[39m { 
timeout[33m:[39m 
[34m3000[39m })

[31m[2mΓÄ»ΓÄ»ΓÄ»ΓÄ»ΓÄ»ΓÄ»ΓÄ»ΓÄ
»ΓÄ»ΓÄ»ΓÄ»ΓÄ»ΓÄ»ΓÄ»ΓÄ»ΓÄ»ΓÄ»ΓÄ»Γ
Ä»ΓÄ»ΓÄ»ΓÄ»ΓÄ»[3/30]ΓÄ»[22m[39
m

[41m[1m FAIL [22m[49m src/co
mponents/dashboard/DataUpload.te
st.tsx[2m > [22mDataUpload 
Component[2m > [22mDataset 
List[2m > [22mshows upload 
dates
[31m[1mTestingLibraryElementEr
ror[22m[39m: Unable to find 
an element with the text: 
/1\/1\/2024/i. This could be 
because the text is broken up 
by multiple elements. In this 
case, you can provide a 
function for your text matcher 
to make your matcher more 
flexible.

Ignored nodes: comments, 
script, style
[36m<body>[39m
  [36m<div>[39m
    [36m<div[39m
      [33mclass[39m=[32m"roun
ded-lg bg-card 
text-card-foreground shadow-sm 
border-2 border-info/20 
bg-gradient-to-br from-info/10 
to-transparent"[39m
    [36m>[39m
      [36m<div[39m
        
[33mclass[39m=[32m"flex 
flex-col space-y-1.5 p-6"[39m
      [36m>[39m
        [36m<h3[39m
          [33mclass[39m=[32m"
tracking-tight flex 
items-center gap-2 text-xl 
font-semibold"[39m
        [36m>[39m
          [36m<svg[39m
            
[33mclass[39m=[32m"lucide 
lucide-upload h-6 w-6 
text-info"[39m
            
[33mfill[39m=[32m"none"[39m
            
[33mheight[39m=[32m"24"[39m
            [33mstroke[39m=[3
2m"currentColor"[39m
            [33mstroke-linecap
[39m=[32m"round"[39m
            [33mstroke-linejoin
[39m=[32m"round"[39m
            [33mstroke-width[3
9m=[32m"2"[39m
            
[33mviewBox[39m=[32m"0 0 24 
24"[39m
            
[33mwidth[39m=[32m"24"[39m
            [33mxmlns[39m=[32
m"http://www.w3.org/2000/svg"[3
9m
          [36m>[39m
            [36m<path[39m
              
[33md[39m=[32m"M21 15v4a2 2 
0 0 1-2 2H5a2 2 0 0 
1-2-2v-4"[39m
            [36m/>[39m
            [36m<polyline[39m
              
[33mpoints[39m=[32m"17 8 12 
3 7 8"[39m
            [36m/>[39m
            [36m<line[39m
              
[33mx1[39m=[32m"12"[39m
              
[33mx2[39m=[32m"12"[39m
              
[33my1[39m=[32m"3"[39m
              
[33my2[39m=[32m"15"[39m
            [36m/>[39m
          [36m</svg>[39m
          [0mData 
Management[0m
        [36m</h3>[39m
      [36m</div>[39m
      [36m<div[39m
        
[33mclass[39m=[32m"p-6 pt-0 
space-y-6"[39m
      [36m>[39m
        [36m<div[39m
          
[33mclass[39m=[32m"border-2 
border-dashed rounded-lg p-8 
text-center transition-colors 
border-border 
hover:border-primary/50"[39m
        [36m>[39m
          [36m<svg[39m
            
[33mclass[39m=[32m"lucide 
lucide-upload mx-auto h-12 w-12 
text-muted-foreground mb-4"[39m
            
[33mfill[39m=[32m"none"[39m
            
[33mheight[39m=[32m"24"[39m
            [33mstroke[39m=[3
2m"currentColor"[39m
            [33mstroke-linecap
[39m=[32m"round"[39m
            [33mstroke-linejoin
[39m=[32m"round"[39m
            [33mstroke-width[3
9m=[32m"2"[39m
            
[33mviewBox[39m=[32m"0 0 24 
24"[39m
            
[33mwidth[39m=[32m"24"[39m
            [33mxmlns[39m=[32
m"http://www.w3.org/2000/svg"[3
9m
          [36m>[39m
            [36m<path[39m
              
[33md[39m=[32m"M21 15v4a2 2 
0 0 1-2 2H5a2 2 0 0 
1-2-2v-4"[39m
            [36m/>[39m
            [36m<polyline[39m
              
[33mpoints[39m=[32m"17 8 12 
3 7 8"[39m
            [36m/>[39m
            [36m<line[39m
              
[33mx1[39m=[32m"12"[39m
              
[33mx2[39m=[32m"12"[39m
              
[33my1[39m=[32m"3"[39m
              
[33my2[39m=[32m"15"[39m
            [36m/>[39m
          [36m</svg>[39m
          [36m<h3[39m
            
[33mclass[39m=[32m"text-lg 
font-semibold mb-2"[39m
          [36m>[39m
            [0mUpload Your 
Data Files[0m
          [36m</h3>[39m
          [36m<p[39m
            [33mclass[39m=[32
m"text-muted-foreground 
mb-4"[39m
          [36m>[39m
            [0mDrag and drop 
your CSV, Excel, or JSON files 
here[0m
          [36m</p>[39m
          [36m<button[39m
            [33mclass[39m=[32
m"inline-flex items-center 
justify-center gap-2 
whitespace-nowrap rounded-md 
text-sm font-medium 
ring-offset-background 
transition-colors 
focus-visible:outline-none 
focus-visible:ring-2 
focus-visible:ring-ring 
focus-visible:ring-offset-2 
disabled:pointer-events-none 
disabled:opacity-50 
[&_svg]:pointer-events-none 
[&_svg]:size-4 [&_svg]:shrink-0 
text-primary-foreground 
hover:bg-primary/90 h-10 px-4 
py-2 bg-gradient-primary"[39m
          [36m>[39m
            [0mChoose Files[0m
          [36m</button>[39m
          [36m<input[39m
            [33maccept[39m=[3
2m".csv,.xlsx,.xls"[39m
            [33maria-label[39m
=[32m"Upload data files"[39m
            [33mclass[39m=[32
m"hidden"[39m
            
[33mmultiple[39m=[32m""[39m
            
[33mtype[39m=[32m"file"[39m
          [36m/>[39m
        [36m</div>[39m
        [36m<div>[39m
          [36m<h4[39m
            [33mclass[39m=[32
m"font-semibold mb-3"[39m
          [36m>[39m
            [0mRecent 
Uploads[0m
          [36m</h4>[39m
          [36m<div[39m
            [33mclass[39m=[32
m"text-center py-8 
text-muted-foreground"[39m
          [36m>[39m
            [36m<svg[39m
              
[33mclass[39m=[32m"lucide 
lucide-file-text h-12 w-12 
mx-auto mb-2 opacity-50"[39m
              
[33mfill[39m=[32m"none"[39m
              
[33mheight[39m=[32m"24"[39m
              [33mstroke[39m=
[32m"currentColor"[39m
              [33mstroke-lineca
p[39m=[32m"round"[39m
              [33mstroke-linejo
in[39m=[32m"round"[39m
              [33mstroke-width
[39m=[32m"2"[39m
              
[33mviewBox[39m=[32m"0 0 24 
24"[39m
              
[33mwidth[39m=[32m"24"[39m
              [33mxmlns[39m=[
32m"http://www.w3.org/2000/svg"
[39m
            [36m>[39m
              [36m<path[39m
                
[33md[39m=[32m"M15 2H6a2 2 0 
0 0-2 2v16a2 2 0 0 0 2 2h12a2 2 
0 0 0 2-2V7Z"[39m
              [36m/>[39m
              [36m<path[39m
                
[33md[39m=[32m"M14 2v4a2 2 0 
0 0 2 2h4"[39m
              [36m/>[39m
              [36m<path[39m
                
[33md[39m=[32m"M10 9H8"[39m
              [36m/>[39m
              [36m<path[39m
                
[33md[39m=[32m"M16 13H8"[39m
              [36m/>[39m
              [36m<path[39m
                
[33md[39m=[32m"M16 17H8"[39m
              [36m/>[39m
            [36m</svg>[39m
            [36m<p>[39m
              [0mNo files 
uploaded yet[0m
            [36m</p>[39m
            [36m<p[39m
              [33mclass[39m=[
32m"text-sm"[39m
            [36m>[39m
              [0mUpload your 
first CSV or Excel file to get 
started[0m
            [36m</p>[39m
          [36m</div>[39m
        [36m</div>[39m
      [36m</div>[39m
    [36m</div>[39m
    [36m<section[39m
      [33maria-atomic[39m=[32
m"false"[39m
      [33maria-label[39m=[32m
"Notifications alt+T"[39m
      [33maria-live[39m=[32m"
polite"[39m
      [33maria-relevant[39m=[
32m"additions text"[39m
      [33mtabindex[39m=[32m"-
1"[39m
    [36m/>[39m
  [36m</div>[39m
[36m</body>[39m

Ignored nodes: comments, 
script, style
[36m<html>[39m
  [36m<head />[39m
  [36m<body>[39m
    [36m<div>[39m
      [36m<div[39m
        [33mclass[39m=[32m"ro
unded-lg bg-card 
text-card-foreground shadow-sm 
border-2 border-info/20 
bg-gradient-to-br from-info/10 
to-transparent"[39m
      [36m>[39m
        [36m<div[39m
          
[33mclass[39m=[32m"flex 
flex-col space-y-1.5 p-6"[39m
        [36m>[39m
          [36m<h3[39m
            [33mclass[39m=[32
m"tracking-tight flex 
items-center gap-2 text-xl 
font-semibold"[39m
          [36m>[39m
            [36m<svg[39m
              
[33mclass[39m=[32m"lucide 
lucide-upload h-6 w-6 
text-info"[39m
              
[33mfill[39m=[32m"none"[39m
              
[33mheight[39m=[32m"24"[39m
              [33mstroke[39m=
[32m"currentColor"[39m
              [33mstroke-lineca
p[39m=[32m"round"[39m
              [33mstroke-linejo
in[39m=[32m"round"[39m
              [33mstroke-width
[39m=[32m"2"[39m
              
[33mviewBox[39m=[32m"0 0 24 
24"[39m
              
[33mwidth[39m=[32m"24"[39m
              [33mxmlns[39m=[
32m"http://www.w3.org/2000/svg"
[39m
            [36m>[39m
              [36m<path[39m
                
[33md[39m=[32m"M21 15v4a2 2 
0 0 1-2 2H5a2 2 0 0 
1-2-2v-4"[39m
              [36m/>[39m
              
[36m<polyline[39m
                
[33mpoints[39m=[32m"17 8 12 
3 7 8"[39m
              [36m/>[39m
              [36m<line[39m
                
[33mx1[39m=[32m"12"[39m
                
[33mx2[39m=[32m"12"[39m
                
[33my1[39m=[32m"3"[39m
                
[33my2[39m=[32m"15"[39m
              [36m/>[39m
            [36m</svg>[39m
            [0mData 
Management[0m
          [36m</h3>[39m
        [36m</div>[39m
        [36m<div[39m
          
[33mclass[39m=[32m"p-6 pt-0 
space-y-6"[39m
        [36m>[39m
          [36m<div[39m
            
[33mclass[39m=[32m"border-2 
border-dashed rounded-lg p-8 
text-center transition-colors 
border-border 
hover:border-primary/50"[39m
          [36m>[39m
            [36m<svg[39m
              
[33mclass[39m=[32m"lucide 
lucide-upload mx-auto h-12 w-12 
text-muted-foreground mb-4"[39m
              
[33mfill[39m=[32m"none"[39m
              
[33mheight[39m=[32m"24"[39m
              [33mstroke[39m=
[32m"currentColor"[39m
              [33mstroke-lineca
p[39m=[32m"round"[39m
              [33mstroke-linejo
in[39m=[32m"round"[39m
              [33mstroke-width
[39m=[32m"2"[39m
              
[33mviewBox[39m=[32m"0 0 24 
24"[39m
              
[33mwidth[39m=[32m"24"[39m
              [33mxmlns[39m=[
32m"http://www.w3.org/2000/svg"
[39m
            [36m>[39m
              [36m<path[39m
                
[33md[39m=[32m"M21 15v4a2 2 
0 0 1-2 2H5a2 2 0 0 
1-2-2v-4"[39m
              [36m/>[39m
              
[36m<polyline[39m
                
[33mpoints[39m=[32m"17 8 12 
3 7 8"[39m
              [36m/>[39m
              [36m<line[39m
                
[33mx1[39m=[32m"12"[39m
                
[33mx2[39m=[32m"12"[39m
                
[33my1[39m=[32m"3"[39m
                
[33my2[39m=[32m"15"[39m
              [36m/>[39m
            [36m</svg>[39m
            [36m<h3[39m
              
[33mclass[39m=[32m"text-lg 
font-semibold mb-2"[39m
            [36m>[39m
              [0mUpload Your 
Data Files[0m
            [36m</h3>[39m
            [36m<p[39m
              [33mclass[39m=[
32m"text-muted-foreground 
mb-4"[39m
            [36m>[39m
              [0mDrag and drop 
your CSV, Excel, or JSON files 
here[0m
            [36m</p>[39m
            [36m<button[39m
              [33mclass[39m=[
32m"inline-flex items-center 
justify-center gap-2 
whitespace-nowrap rounded-md 
text-sm font-medium 
ring-offset-background 
transition-colors 
focus-visible:outline-none 
focus-visible:ring-2 
focus-visible:ring-ring 
focus-visible:ring-offset-2 
disabled:pointer-events-none 
disabled:opacity-50 
[&_svg]:pointer-events-none 
[&_svg]:size-4 [&_svg]:shrink-0 
text-primary-foreground 
hover:bg-primary/90 h-10 px-4 
py-2 bg-gradient-primary"[39m
            [36m>[39m
              [0mChoose 
Files[0m
            [36m</button>[39m
            [36m<input[39m
              [33maccept[39m=
[32m".csv,.xlsx,.xls"[39m
              [33maria-label[3
9m=[32m"Upload data files"[39m
              [33mclass[39m=[
32m"hidden"[39m
              
[33mmultiple[39m=[32m""[39m
              
[33mtype[39m=[32m"file"[39m
            [36m/>[39m
          [36m</div>[39m
          [36m<div>[39m
            [36m<h4[39m
              [33mclass[39m=[
32m"font-semibold mb-3"[39m
            [36m>[39m
              [0mRecent 
Uploads[0m
            [36m</h4>[39m
            [36m<div[39m
              [33mclass[39m=[
32m"text-center py-8 
text-muted-foreground"[39m
            [36m>[39m
              [36m<svg[39m
                
[33mclass[39m=[32m"lucide 
lucide-file-text h-12 w-12 
mx-auto mb-2 opacity-50"[39m
                
[33mfill[39m=[32m"none"[39m
                
[33mheight[39m=[32m"24"[39m
                [33mstroke[39m
=[32m"currentColor"[39m
                [33mstroke-line
cap[39m=[32m"round"[39m
                [33mstroke-line
join[39m=[32m"round"[39m
                [33mstroke-widt
h[39m=[32m"2"[39m
                
[33mviewBox[39m=[32m"0 0 24 
24"[39m
                
[33mwidth[39m=[32m"24"[39m
                [33mxmlns[39m=
[32m"http://www.w3.org/2000/svg
"[39m
              [36m>[39m
                [36m<path[39m
                  
[33md[39m=[32m"M15 2H6a2 2 0 
0 0-2 2v16a2 2 0 0 0 2 2h12a2 2 
0 0 0 2-2V7Z"[39m
                [36m/>[39m
                [36m<path[39m
                  
[33md[39m=[32m"M14 2v4a2 2 0 
0 0 2 2h4"[39m
                [36m/>[39m
                [36m<path[39m
                  
[33md[39m=[32m"M10 9H8"[39m
                [36m/>[39m
                [36m<path[39m
                  
[33md[39m=[32m"M16 13H8"[39m
                [36m/>[39m
                [36m<path[39m
                  
[33md[39m=[32m"M16 17H8"[39m
                [36m/>[39m
              [36m</svg>[39m
              [36m<p>[39m
                [0mNo files 
uploaded yet[0m
              [36m</p>[39m
              [36m<p[39m
                [33mclass[39m=
[32m"text-sm"[39m
              [36m>[39m
                [0mUpload your 
first CSV or Excel file to get 
started[0m
              [36m</p>[39m
            [36m</div>[39m
          [36m</div>[39m
        [36m</div>[39m
      [36m</div>[39m
      [36m<section[39m
        [33maria-atomic[39m=[
32m"false"[39m
        [33maria-label[39m=[3
2m"Notifications alt+T"[39m
        [33maria-live[39m=[32
m"polite"[39m
        [33maria-relevant[39m=
[32m"additions text"[39m
        [33mtabindex[39m=[32m
"-1"[39m
      [36m/>[39m
    [36m</div>[39m
  [36m</body>[39m
[36m</html>[39m...
[90m [2mΓ¥»[22m 
Module.waitFor node_modules/@tes
ting-library/dom/dist/wait-for.j
s:[2m163:27[22m[39m
[36m [2mΓ¥»[22m src/component
s/dashboard/DataUpload.test.tsx:
[2m174:19[22m[39m
    [90m172| [39m            
[34mrender[39m([33m<[39m[33m
DataUpload[39m 
[33m/[39m[33m>[39m)
    [90m173| [39m
    [90m174| [39m            
[35mawait[39m 
[34mwaitFor[39m(() 
[33m=>[39m {
    [90m   | [39m             
     [31m^[39m
    [90m175| [39m             
   expect(screen.getByText(/1\/1
\/2024/i)).toBeInTheDocumΓÇª
    [90m176| [39m            
}[33m,[39m { 
timeout[33m:[39m 
[34m3000[39m })

[31m[2mΓÄ»ΓÄ»ΓÄ»ΓÄ»ΓÄ»ΓÄ»ΓÄ»ΓÄ
»ΓÄ»ΓÄ»ΓÄ»ΓÄ»ΓÄ»ΓÄ»ΓÄ»ΓÄ»ΓÄ»ΓÄ»Γ
Ä»ΓÄ»ΓÄ»ΓÄ»ΓÄ»[4/30]ΓÄ»[22m[39
m

[41m[1m FAIL [22m[49m src/co
mponents/dashboard/DataUpload.te
st.tsx[2m > [22mDataUpload 
Component[2m > [22mDataset 
List[2m > [22mdisplays 
correct status badges
[31m[1mTestingLibraryElementEr
ror[22m[39m: Unable to find 
an element with the text: 
completed. This could be 
because the text is broken up 
by multiple elements. In this 
case, you can provide a 
function for your text matcher 
to make your matcher more 
flexible.

Ignored nodes: comments, 
script, style
[36m<body>[39m
  [36m<div>[39m
    [36m<div[39m
      [33mclass[39m=[32m"roun
ded-lg bg-card 
text-card-foreground shadow-sm 
border-2 border-info/20 
bg-gradient-to-br from-info/10 
to-transparent"[39m
    [36m>[39m
      [36m<div[39m
        
[33mclass[39m=[32m"flex 
flex-col space-y-1.5 p-6"[39m
      [36m>[39m
        [36m<h3[39m
          [33mclass[39m=[32m"
tracking-tight flex 
items-center gap-2 text-xl 
font-semibold"[39m
        [36m>[39m
          [36m<svg[39m
            
[33mclass[39m=[32m"lucide 
lucide-upload h-6 w-6 
text-info"[39m
            
[33mfill[39m=[32m"none"[39m
            
[33mheight[39m=[32m"24"[39m
            [33mstroke[39m=[3
2m"currentColor"[39m
            [33mstroke-linecap
[39m=[32m"round"[39m
            [33mstroke-linejoin
[39m=[32m"round"[39m
            [33mstroke-width[3
9m=[32m"2"[39m
            
[33mviewBox[39m=[32m"0 0 24 
24"[39m
            
[33mwidth[39m=[32m"24"[39m
            [33mxmlns[39m=[32
m"http://www.w3.org/2000/svg"[3
9m
          [36m>[39m
            [36m<path[39m
              
[33md[39m=[32m"M21 15v4a2 2 
0 0 1-2 2H5a2 2 0 0 
1-2-2v-4"[39m
            [36m/>[39m
            [36m<polyline[39m
              
[33mpoints[39m=[32m"17 8 12 
3 7 8"[39m
            [36m/>[39m
            [36m<line[39m
              
[33mx1[39m=[32m"12"[39m
              
[33mx2[39m=[32m"12"[39m
              
[33my1[39m=[32m"3"[39m
              
[33my2[39m=[32m"15"[39m
            [36m/>[39m
          [36m</svg>[39m
          [0mData 
Management[0m
        [36m</h3>[39m
      [36m</div>[39m
      [36m<div[39m
        
[33mclass[39m=[32m"p-6 pt-0 
space-y-6"[39m
      [36m>[39m
        [36m<div[39m
          
[33mclass[39m=[32m"border-2 
border-dashed rounded-lg p-8 
text-center transition-colors 
border-border 
hover:border-primary/50"[39m
        [36m>[39m
          [36m<svg[39m
            
[33mclass[39m=[32m"lucide 
lucide-upload mx-auto h-12 w-12 
text-muted-foreground mb-4"[39m
            
[33mfill[39m=[32m"none"[39m
            
[33mheight[39m=[32m"24"[39m
            [33mstroke[39m=[3
2m"currentColor"[39m
            [33mstroke-linecap
[39m=[32m"round"[39m
            [33mstroke-linejoin
[39m=[32m"round"[39m
            [33mstroke-width[3
9m=[32m"2"[39m
            
[33mviewBox[39m=[32m"0 0 24 
24"[39m
            
[33mwidth[39m=[32m"24"[39m
            [33mxmlns[39m=[32
m"http://www.w3.org/2000/svg"[3
9m
          [36m>[39m
            [36m<path[39m
              
[33md[39m=[32m"M21 15v4a2 2 
0 0 1-2 2H5a2 2 0 0 
1-2-2v-4"[39m
            [36m/>[39m
            [36m<polyline[39m
              
[33mpoints[39m=[32m"17 8 12 
3 7 8"[39m
            [36m/>[39m
            [36m<line[39m
              
[33mx1[39m=[32m"12"[39m
              
[33mx2[39m=[32m"12"[39m
              
[33my1[39m=[32m"3"[39m
              
[33my2[39m=[32m"15"[39m
            [36m/>[39m
          [36m</svg>[39m
          [36m<h3[39m
            
[33mclass[39m=[32m"text-lg 
font-semibold mb-2"[39m
          [36m>[39m
            [0mUpload Your 
Data Files[0m
          [36m</h3>[39m
          [36m<p[39m
            [33mclass[39m=[32
m"text-muted-foreground 
mb-4"[39m
          [36m>[39m
            [0mDrag and drop 
your CSV, Excel, or JSON files 
here[0m
          [36m</p>[39m
          [36m<button[39m
            [33mclass[39m=[32
m"inline-flex items-center 
justify-center gap-2 
whitespace-nowrap rounded-md 
text-sm font-medium 
ring-offset-background 
transition-colors 
focus-visible:outline-none 
focus-visible:ring-2 
focus-visible:ring-ring 
focus-visible:ring-offset-2 
disabled:pointer-events-none 
disabled:opacity-50 
[&_svg]:pointer-events-none 
[&_svg]:size-4 [&_svg]:shrink-0 
text-primary-foreground 
hover:bg-primary/90 h-10 px-4 
py-2 bg-gradient-primary"[39m
          [36m>[39m
            [0mChoose Files[0m
          [36m</button>[39m
          [36m<input[39m
            [33maccept[39m=[3
2m".csv,.xlsx,.xls"[39m
            [33maria-label[39m
=[32m"Upload data files"[39m
            [33mclass[39m=[32
m"hidden"[39m
            
[33mmultiple[39m=[32m""[39m
            
[33mtype[39m=[32m"file"[39m
          [36m/>[39m
        [36m</div>[39m
        [36m<div>[39m
          [36m<h4[39m
            [33mclass[39m=[32
m"font-semibold mb-3"[39m
          [36m>[39m
            [0mRecent 
Uploads[0m
          [36m</h4>[39m
          [36m<div[39m
            [33mclass[39m=[32
m"text-center py-8 
text-muted-foreground"[39m
          [36m>[39m
            [36m<svg[39m
              
[33mclass[39m=[32m"lucide 
lucide-file-text h-12 w-12 
mx-auto mb-2 opacity-50"[39m
              
[33mfill[39m=[32m"none"[39m
              
[33mheight[39m=[32m"24"[39m
              [33mstroke[39m=
[32m"currentColor"[39m
              [33mstroke-lineca
p[39m=[32m"round"[39m
              [33mstroke-linejo
in[39m=[32m"round"[39m
              [33mstroke-width
[39m=[32m"2"[39m
              
[33mviewBox[39m=[32m"0 0 24 
24"[39m
              
[33mwidth[39m=[32m"24"[39m
              [33mxmlns[39m=[
32m"http://www.w3.org/2000/svg"
[39m
            [36m>[39m
              [36m<path[39m
                
[33md[39m=[32m"M15 2H6a2 2 0 
0 0-2 2v16a2 2 0 0 0 2 2h12a2 2 
0 0 0 2-2V7Z"[39m
              [36m/>[39m
              [36m<path[39m
                
[33md[39m=[32m"M14 2v4a2 2 0 
0 0 2 2h4"[39m
              [36m/>[39m
              [36m<path[39m
                
[33md[39m=[32m"M10 9H8"[39m
              [36m/>[39m
              [36m<path[39m
                
[33md[39m=[32m"M16 13H8"[39m
              [36m/>[39m
              [36m<path[39m
                
[33md[39m=[32m"M16 17H8"[39m
              [36m/>[39m
            [36m</svg>[39m
            [36m<p>[39m
              [0mNo files 
uploaded yet[0m
            [36m</p>[39m
            [36m<p[39m
              [33mclass[39m=[
32m"text-sm"[39m
            [36m>[39m
              [0mUpload your 
first CSV or Excel file to get 
started[0m
            [36m</p>[39m
          [36m</div>[39m
        [36m</div>[39m
      [36m</div>[39m
    [36m</div>[39m
    [36m<section[39m
      [33maria-atomic[39m=[32
m"false"[39m
      [33maria-label[39m=[32m
"Notifications alt+T"[39m
      [33maria-live[39m=[32m"
polite"[39m
      [33maria-relevant[39m=[
32m"additions text"[39m
      [33mtabindex[39m=[32m"-
1"[39m
    [36m/>[39m
  [36m</div>[39m
[36m</body>[39m

Ignored nodes: comments, 
script, style
[36m<html>[39m
  [36m<head />[39m
  [36m<body>[39m
    [36m<div>[39m
      [36m<div[39m
        [33mclass[39m=[32m"ro
unded-lg bg-card 
text-card-foreground shadow-sm 
border-2 border-info/20 
bg-gradient-to-br from-info/10 
to-transparent"[39m
      [36m>[39m
        [36m<div[39m
          
[33mclass[39m=[32m"flex 
flex-col space-y-1.5 p-6"[39m
        [36m>[39m
          [36m<h3[39m
            [33mclass[39m=[32
m"tracking-tight flex 
items-center gap-2 text-xl 
font-semibold"[39m
          [36m>[39m
            [36m<svg[39m
              
[33mclass[39m=[32m"lucide 
lucide-upload h-6 w-6 
text-info"[39m
              
[33mfill[39m=[32m"none"[39m
              
[33mheight[39m=[32m"24"[39m
              [33mstroke[39m=
[32m"currentColor"[39m
              [33mstroke-lineca
p[39m=[32m"round"[39m
              [33mstroke-linejo
in[39m=[32m"round"[39m
              [33mstroke-width
[39m=[32m"2"[39m
              
[33mviewBox[39m=[32m"0 0 24 
24"[39m
              
[33mwidth[39m=[32m"24"[39m
              [33mxmlns[39m=[
32m"http://www.w3.org/2000/svg"
[39m
            [36m>[39m
              [36m<path[39m
                
[33md[39m=[32m"M21 15v4a2 2 
0 0 1-2 2H5a2 2 0 0 
1-2-2v-4"[39m
              [36m/>[39m
              
[36m<polyline[39m
                
[33mpoints[39m=[32m"17 8 12 
3 7 8"[39m
              [36m/>[39m
              [36m<line[39m
                
[33mx1[39m=[32m"12"[39m
                
[33mx2[39m=[32m"12"[39m
                
[33my1[39m=[32m"3"[39m
                
[33my2[39m=[32m"15"[39m
              [36m/>[39m
            [36m</svg>[39m
            [0mData 
Management[0m
          [36m</h3>[39m
        [36m</div>[39m
        [36m<div[39m
          
[33mclass[39m=[32m"p-6 pt-0 
space-y-6"[39m
        [36m>[39m
          [36m<div[39m
            
[33mclass[39m=[32m"border-2 
border-dashed rounded-lg p-8 
text-center transition-colors 
border-border 
hover:border-primary/50"[39m
          [36m>[39m
            [36m<svg[39m
              
[33mclass[39m=[32m"lucide 
lucide-upload mx-auto h-12 w-12 
text-muted-foreground mb-4"[39m
              
[33mfill[39m=[32m"none"[39m
              
[33mheight[39m=[32m"24"[39m
              [33mstroke[39m=
[32m"currentColor"[39m
              [33mstroke-lineca
p[39m=[32m"round"[39m
              [33mstroke-linejo
in[39m=[32m"round"[39m
              [33mstroke-width
[39m=[32m"2"[39m
              
[33mviewBox[39m=[32m"0 0 24 
24"[39m
              
[33mwidth[39m=[32m"24"[39m
              [33mxmlns[39m=[
32m"http://www.w3.org/2000/svg"
[39m
            [36m>[39m
              [36m<path[39m
                
[33md[39m=[32m"M21 15v4a2 2 
0 0 1-2 2H5a2 2 0 0 
1-2-2v-4"[39m
              [36m/>[39m
              
[36m<polyline[39m
                
[33mpoints[39m=[32m"17 8 12 
3 7 8"[39m
              [36m/>[39m
              [36m<line[39m
                
[33mx1[39m=[32m"12"[39m
                
[33mx2[39m=[32m"12"[39m
                
[33my1[39m=[32m"3"[39m
                
[33my2[39m=[32m"15"[39m
              [36m/>[39m
            [36m</svg>[39m
            [36m<h3[39m
              
[33mclass[39m=[32m"text-lg 
font-semibold mb-2"[39m
            [36m>[39m
              [0mUpload Your 
Data Files[0m
            [36m</h3>[39m
            [36m<p[39m
              [33mclass[39m=[
32m"text-muted-foreground 
mb-4"[39m
            [36m>[39m
              [0mDrag and drop 
your CSV, Excel, or JSON files 
here[0m
            [36m</p>[39m
            [36m<button[39m
              [33mclass[39m=[
32m"inline-flex items-center 
justify-center gap-2 
whitespace-nowrap rounded-md 
text-sm font-medium 
ring-offset-background 
transition-colors 
focus-visible:outline-none 
focus-visible:ring-2 
focus-visible:ring-ring 
focus-visible:ring-offset-2 
disabled:pointer-events-none 
disabled:opacity-50 
[&_svg]:pointer-events-none 
[&_svg]:size-4 [&_svg]:shrink-0 
text-primary-foreground 
hover:bg-primary/90 h-10 px-4 
py-2 bg-gradient-primary"[39m
            [36m>[39m
              [0mChoose 
Files[0m
            [36m</button>[39m
            [36m<input[39m
              [33maccept[39m=
[32m".csv,.xlsx,.xls"[39m
              [33maria-label[3
9m=[32m"Upload data files"[39m
              [33mclass[39m=[
32m"hidden"[39m
              
[33mmultiple[39m=[32m""[39m
              
[33mtype[39m=[32m"file"[39m
            [36m/>[39m
          [36m</div>[39m
          [36m<div>[39m
            [36m<h4[39m
              [33mclass[39m=[
32m"font-semibold mb-3"[39m
            [36m>[39m
              [0mRecent 
Uploads[0m
            [36m</h4>[39m
            [36m<div[39m
              [33mclass[39m=[
32m"text-center py-8 
text-muted-foreground"[39m
            [36m>[39m
              [36m<svg[39m
                
[33mclass[39m=[32m"lucide 
lucide-file-text h-12 w-12 
mx-auto mb-2 opacity-50"[39m
                
[33mfill[39m=[32m"none"[39m
                
[33mheight[39m=[32m"24"[39m
                [33mstroke[39m
=[32m"currentColor"[39m
                [33mstroke-line
cap[39m=[32m"round"[39m
                [33mstroke-line
join[39m=[32m"round"[39m
                [33mstroke-widt
h[39m=[32m"2"[39m
                
[33mviewBox[39m=[32m"0 0 24 
24"[39m
                
[33mwidth[39m=[32m"24"[39m
                [33mxmlns[39m=
[32m"http://www.w3.org/2000/svg
"[39m
              [36m>[39m
                [36m<path[39m
                  
[33md[39m=[32m"M15 2H6a2 2 0 
0 0-2 2v16a2 2 0 0 0 2 2h12a2 2 
0 0 0 2-2V7Z"[39m
                [36m/>[39m
                [36m<path[39m
                  
[33md[39m=[32m"M14 2v4a2 2 0 
0 0 2 2h4"[39m
                [36m/>[39m
                [36m<path[39m
                  
[33md[39m=[32m"M10 9H8"[39m
                [36m/>[39m
                [36m<path[39m
                  
[33md[39m=[32m"M16 13H8"[39m
                [36m/>[39m
                [36m<path[39m
                  
[33md[39m=[32m"M16 17H8"[39m
                [36m/>[39m
              [36m</svg>[39m
              [36m<p>[39m
                [0mNo files 
uploaded yet[0m
              [36m</p>[39m
              [36m<p[39m
                [33mclass[39m=
[32m"text-sm"[39m
              [36m>[39m
                [0mUpload your 
first CSV or Excel file to get 
started[0m
              [36m</p>[39m
            [36m</div>[39m
          [36m</div>[39m
        [36m</div>[39m
      [36m</div>[39m
      [36m<section[39m
        [33maria-atomic[39m=[
32m"false"[39m
        [33maria-label[39m=[3
2m"Notifications alt+T"[39m
        [33maria-live[39m=[32
m"polite"[39m
        [33maria-relevant[39m=
[32m"additions text"[39m
        [33mtabindex[39m=[32m
"-1"[39m
      [36m/>[39m
    [36m</div>[39m
  [36m</body>[39m
[36m</html>[39m...
[90m [2mΓ¥»[22m 
Module.waitFor node_modules/@tes
ting-library/dom/dist/wait-for.j
s:[2m163:27[22m[39m
[36m [2mΓ¥»[22m src/component
s/dashboard/DataUpload.test.tsx:
[2m182:19[22m[39m
    [90m180| [39m            
[34mrender[39m([33m<[39m[33m
DataUpload[39m 
[33m/[39m[33m>[39m)
    [90m181| [39m
    [90m182| [39m            
[35mawait[39m 
[34mwaitFor[39m(() 
[33m=>[39m {
    [90m   | [39m             
     [31m^[39m
    [90m183| [39m             
   expect(screen.getByText('comp
leted')).toBeInTheDocumenΓÇª
    [90m184| [39m            
}[33m,[39m { 
timeout[33m:[39m 
[34m3000[39m })

[31m[2mΓÄ»ΓÄ»ΓÄ»ΓÄ»ΓÄ»ΓÄ»ΓÄ»ΓÄ
»ΓÄ»ΓÄ»ΓÄ»ΓÄ»ΓÄ»ΓÄ»ΓÄ»ΓÄ»ΓÄ»ΓÄ»Γ
Ä»ΓÄ»ΓÄ»ΓÄ»ΓÄ»[5/30]ΓÄ»[22m[39
m

[41m[1m FAIL [22m[49m src/co
mponents/dashboard/DataUpload.te
st.tsx[2m > [22mDataUpload 
Component[2m > [22mDataset 
Deletion[2m > [22mshows 
delete button for completed 
datasets
[31m[1mTestingLibraryElementEr
ror[22m[39m: Unable to find 
an element with the text: 
test.csv. This could be because 
the text is broken up by 
multiple elements. In this 
case, you can provide a 
function for your text matcher 
to make your matcher more 
flexible.

Ignored nodes: comments, 
script, style
[36m<body>[39m
  [36m<div>[39m
    [36m<div[39m
      [33mclass[39m=[32m"roun
ded-lg bg-card 
text-card-foreground shadow-sm 
border-2 border-info/20 
bg-gradient-to-br from-info/10 
to-transparent"[39m
    [36m>[39m
      [36m<div[39m
        
[33mclass[39m=[32m"flex 
flex-col space-y-1.5 p-6"[39m
      [36m>[39m
        [36m<h3[39m
          [33mclass[39m=[32m"
tracking-tight flex 
items-center gap-2 text-xl 
font-semibold"[39m
        [36m>[39m
          [36m<svg[39m
            
[33mclass[39m=[32m"lucide 
lucide-upload h-6 w-6 
text-info"[39m
            
[33mfill[39m=[32m"none"[39m
            
[33mheight[39m=[32m"24"[39m
            [33mstroke[39m=[3
2m"currentColor"[39m
            [33mstroke-linecap
[39m=[32m"round"[39m
            [33mstroke-linejoin
[39m=[32m"round"[39m
            [33mstroke-width[3
9m=[32m"2"[39m
            
[33mviewBox[39m=[32m"0 0 24 
24"[39m
            
[33mwidth[39m=[32m"24"[39m
            [33mxmlns[39m=[32
m"http://www.w3.org/2000/svg"[3
9m
          [36m>[39m
            [36m<path[39m
              
[33md[39m=[32m"M21 15v4a2 2 
0 0 1-2 2H5a2 2 0 0 
1-2-2v-4"[39m
            [36m/>[39m
            [36m<polyline[39m
              
[33mpoints[39m=[32m"17 8 12 
3 7 8"[39m
            [36m/>[39m
            [36m<line[39m
              
[33mx1[39m=[32m"12"[39m
              
[33mx2[39m=[32m"12"[39m
              
[33my1[39m=[32m"3"[39m
              
[33my2[39m=[32m"15"[39m
            [36m/>[39m
          [36m</svg>[39m
          [0mData 
Management[0m
        [36m</h3>[39m
      [36m</div>[39m
      [36m<div[39m
        
[33mclass[39m=[32m"p-6 pt-0 
space-y-6"[39m
      [36m>[39m
        [36m<div[39m
          
[33mclass[39m=[32m"border-2 
border-dashed rounded-lg p-8 
text-center transition-colors 
border-border 
hover:border-primary/50"[39m
        [36m>[39m
          [36m<svg[39m
            
[33mclass[39m=[32m"lucide 
lucide-upload mx-auto h-12 w-12 
text-muted-foreground mb-4"[39m
            
[33mfill[39m=[32m"none"[39m
            
[33mheight[39m=[32m"24"[39m
            [33mstroke[39m=[3
2m"currentColor"[39m
            [33mstroke-linecap
[39m=[32m"round"[39m
            [33mstroke-linejoin
[39m=[32m"round"[39m
            [33mstroke-width[3
9m=[32m"2"[39m
            
[33mviewBox[39m=[32m"0 0 24 
24"[39m
            
[33mwidth[39m=[32m"24"[39m
            [33mxmlns[39m=[32
m"http://www.w3.org/2000/svg"[3
9m
          [36m>[39m
            [36m<path[39m
              
[33md[39m=[32m"M21 15v4a2 2 
0 0 1-2 2H5a2 2 0 0 
1-2-2v-4"[39m
            [36m/>[39m
            [36m<polyline[39m
              
[33mpoints[39m=[32m"17 8 12 
3 7 8"[39m
            [36m/>[39m
            [36m<line[39m
              
[33mx1[39m=[32m"12"[39m
              
[33mx2[39m=[32m"12"[39m
              
[33my1[39m=[32m"3"[39m
              
[33my2[39m=[32m"15"[39m
            [36m/>[39m
          [36m</svg>[39m
          [36m<h3[39m
            
[33mclass[39m=[32m"text-lg 
font-semibold mb-2"[39m
          [36m>[39m
            [0mUpload Your 
Data Files[0m
          [36m</h3>[39m
          [36m<p[39m
            [33mclass[39m=[32
m"text-muted-foreground 
mb-4"[39m
          [36m>[39m
            [0mDrag and drop 
your CSV, Excel, or JSON files 
here[0m
          [36m</p>[39m
          [36m<button[39m
            [33mclass[39m=[32
m"inline-flex items-center 
justify-center gap-2 
whitespace-nowrap rounded-md 
text-sm font-medium 
ring-offset-background 
transition-colors 
focus-visible:outline-none 
focus-visible:ring-2 
focus-visible:ring-ring 
focus-visible:ring-offset-2 
disabled:pointer-events-none 
disabled:opacity-50 
[&_svg]:pointer-events-none 
[&_svg]:size-4 [&_svg]:shrink-0 
text-primary-foreground 
hover:bg-primary/90 h-10 px-4 
py-2 bg-gradient-primary"[39m
          [36m>[39m
            [0mChoose Files[0m
          [36m</button>[39m
          [36m<input[39m
            [33maccept[39m=[3
2m".csv,.xlsx,.xls"[39m
            [33maria-label[39m
=[32m"Upload data files"[39m
            [33mclass[39m=[32
m"hidden"[39m
            
[33mmultiple[39m=[32m""[39m
            
[33mtype[39m=[32m"file"[39m
          [36m/>[39m
        [36m</div>[39m
        [36m<div>[39m
          [36m<h4[39m
            [33mclass[39m=[32
m"font-semibold mb-3"[39m
          [36m>[39m
            [0mRecent 
Uploads[0m
          [36m</h4>[39m
          [36m<div[39m
            [33mclass[39m=[32
m"text-center py-8 
text-muted-foreground"[39m
          [36m>[39m
            [36m<svg[39m
              
[33mclass[39m=[32m"lucide 
lucide-file-text h-12 w-12 
mx-auto mb-2 opacity-50"[39m
              
[33mfill[39m=[32m"none"[39m
              
[33mheight[39m=[32m"24"[39m
              [33mstroke[39m=
[32m"currentColor"[39m
              [33mstroke-lineca
p[39m=[32m"round"[39m
              [33mstroke-linejo
in[39m=[32m"round"[39m
              [33mstroke-width
[39m=[32m"2"[39m
              
[33mviewBox[39m=[32m"0 0 24 
24"[39m
              
[33mwidth[39m=[32m"24"[39m
              [33mxmlns[39m=[
32m"http://www.w3.org/2000/svg"
[39m
            [36m>[39m
              [36m<path[39m
                
[33md[39m=[32m"M15 2H6a2 2 0 
0 0-2 2v16a2 2 0 0 0 2 2h12a2 2 
0 0 0 2-2V7Z"[39m
              [36m/>[39m
              [36m<path[39m
                
[33md[39m=[32m"M14 2v4a2 2 0 
0 0 2 2h4"[39m
              [36m/>[39m
              [36m<path[39m
                
[33md[39m=[32m"M10 9H8"[39m
              [36m/>[39m
              [36m<path[39m
                
[33md[39m=[32m"M16 13H8"[39m
              [36m/>[39m
              [36m<path[39m
                
[33md[39m=[32m"M16 17H8"[39m
              [36m/>[39m
            [36m</svg>[39m
            [36m<p>[39m
              [0mNo files 
uploaded yet[0m
            [36m</p>[39m
            [36m<p[39m
              [33mclass[39m=[
32m"text-sm"[39m
            [36m>[39m
              [0mUpload your 
first CSV or Excel file to get 
started[0m
            [36m</p>[39m
          [36m</div>[39m
        [36m</div>[39m
      [36m</div>[39m
    [36m</div>[39m
    [36m<section[39m
      [33maria-atomic[39m=[32
m"false"[39m
      [33maria-label[39m=[32m
"Notifications alt+T"[39m
      [33maria-live[39m=[32m"
polite"[39m
      [33maria-relevant[39m=[
32m"additions text"[39m
      [33mtabindex[39m=[32m"-
1"[39m
    [36m/>[39m
  [36m</div>[39m
[36m</body>[39m

Ignored nodes: comments, 
script, style
[36m<html>[39m
  [36m<head />[39m
  [36m<body>[39m
    [36m<div>[39m
      [36m<div[39m
        [33mclass[39m=[32m"ro
unded-lg bg-card 
text-card-foreground shadow-sm 
border-2 border-info/20 
bg-gradient-to-br from-info/10 
to-transparent"[39m
      [36m>[39m
        [36m<div[39m
          
[33mclass[39m=[32m"flex 
flex-col space-y-1.5 p-6"[39m
        [36m>[39m
          [36m<h3[39m
            [33mclass[39m=[32
m"tracking-tight flex 
items-center gap-2 text-xl 
font-semibold"[39m
          [36m>[39m
            [36m<svg[39m
              
[33mclass[39m=[32m"lucide 
lucide-upload h-6 w-6 
text-info"[39m
              
[33mfill[39m=[32m"none"[39m
              
[33mheight[39m=[32m"24"[39m
              [33mstroke[39m=
[32m"currentColor"[39m
              [33mstroke-lineca
p[39m=[32m"round"[39m
              [33mstroke-linejo
in[39m=[32m"round"[39m
              [33mstroke-width
[39m=[32m"2"[39m
              
[33mviewBox[39m=[32m"0 0 24 
24"[39m
              
[33mwidth[39m=[32m"24"[39m
              [33mxmlns[39m=[
32m"http://www.w3.org/2000/svg"
[39m
            [36m>[39m
              [36m<path[39m
                
[33md[39m=[32m"M21 15v4a2 2 
0 0 1-2 2H5a2 2 0 0 
1-2-2v-4"[39m
              [36m/>[39m
              
[36m<polyline[39m
                
[33mpoints[39m=[32m"17 8 12 
3 7 8"[39m
              [36m/>[39m
              [36m<line[39m
                
[33mx1[39m=[32m"12"[39m
                
[33mx2[39m=[32m"12"[39m
                
[33my1[39m=[32m"3"[39m
                
[33my2[39m=[32m"15"[39m
              [36m/>[39m
            [36m</svg>[39m
            [0mData 
Management[0m
          [36m</h3>[39m
        [36m</div>[39m
        [36m<div[39m
          
[33mclass[39m=[32m"p-6 pt-0 
space-y-6"[39m
        [36m>[39m
          [36m<div[39m
            
[33mclass[39m=[32m"border-2 
border-dashed rounded-lg p-8 
text-center transition-colors 
border-border 
hover:border-primary/50"[39m
          [36m>[39m
            [36m<svg[39m
              
[33mclass[39m=[32m"lucide 
lucide-upload mx-auto h-12 w-12 
text-muted-foreground mb-4"[39m
              
[33mfill[39m=[32m"none"[39m
              
[33mheight[39m=[32m"24"[39m
              [33mstroke[39m=
[32m"currentColor"[39m
              [33mstroke-lineca
p[39m=[32m"round"[39m
              [33mstroke-linejo
in[39m=[32m"round"[39m
              [33mstroke-width
[39m=[32m"2"[39m
              
[33mviewBox[39m=[32m"0 0 24 
24"[39m
              
[33mwidth[39m=[32m"24"[39m
              [33mxmlns[39m=[
32m"http://www.w3.org/2000/svg"
[39m
            [36m>[39m
              [36m<path[39m
                
[33md[39m=[32m"M21 15v4a2 2 
0 0 1-2 2H5a2 2 0 0 
1-2-2v-4"[39m
              [36m/>[39m
              
[36m<polyline[39m
                
[33mpoints[39m=[32m"17 8 12 
3 7 8"[39m
              [36m/>[39m
              [36m<line[39m
                
[33mx1[39m=[32m"12"[39m
                
[33mx2[39m=[32m"12"[39m
                
[33my1[39m=[32m"3"[39m
                
[33my2[39m=[32m"15"[39m
              [36m/>[39m
            [36m</svg>[39m
            [36m<h3[39m
              
[33mclass[39m=[32m"text-lg 
font-semibold mb-2"[39m
            [36m>[39m
              [0mUpload Your 
Data Files[0m
            [36m</h3>[39m
            [36m<p[39m
              [33mclass[39m=[
32m"text-muted-foreground 
mb-4"[39m
            [36m>[39m
              [0mDrag and drop 
your CSV, Excel, or JSON files 
here[0m
            [36m</p>[39m
            [36m<button[39m
              [33mclass[39m=[
32m"inline-flex items-center 
justify-center gap-2 
whitespace-nowrap rounded-md 
text-sm font-medium 
ring-offset-background 
transition-colors 
focus-visible:outline-none 
focus-visible:ring-2 
focus-visible:ring-ring 
focus-visible:ring-offset-2 
disabled:pointer-events-none 
disabled:opacity-50 
[&_svg]:pointer-events-none 
[&_svg]:size-4 [&_svg]:shrink-0 
text-primary-foreground 
hover:bg-primary/90 h-10 px-4 
py-2 bg-gradient-primary"[39m
            [36m>[39m
              [0mChoose 
Files[0m
            [36m</button>[39m
            [36m<input[39m
              [33maccept[39m=
[32m".csv,.xlsx,.xls"[39m
              [33maria-label[3
9m=[32m"Upload data files"[39m
              [33mclass[39m=[
32m"hidden"[39m
              
[33mmultiple[39m=[32m""[39m
              
[33mtype[39m=[32m"file"[39m
            [36m/>[39m
          [36m</div>[39m
          [36m<div>[39m
            [36m<h4[39m
              [33mclass[39m=[
32m"font-semibold mb-3"[39m
            [36m>[39m
              [0mRecent 
Uploads[0m
            [36m</h4>[39m
            [36m<div[39m
              [33mclass[39m=[
32m"text-center py-8 
text-muted-foreground"[39m
            [36m>[39m
              [36m<svg[39m
                
[33mclass[39m=[32m"lucide 
lucide-file-text h-12 w-12 
mx-auto mb-2 opacity-50"[39m
                
[33mfill[39m=[32m"none"[39m
                
[33mheight[39m=[32m"24"[39m
                [33mstroke[39m
=[32m"currentColor"[39m
                [33mstroke-line
cap[39m=[32m"round"[39m
                [33mstroke-line
join[39m=[32m"round"[39m
                [33mstroke-widt
h[39m=[32m"2"[39m
                
[33mviewBox[39m=[32m"0 0 24 
24"[39m
                
[33mwidth[39m=[32m"24"[39m
                [33mxmlns[39m=
[32m"http://www.w3.org/2000/svg
"[39m
              [36m>[39m
                [36m<path[39m
                  
[33md[39m=[32m"M15 2H6a2 2 0 
0 0-2 2v16a2 2 0 0 0 2 2h12a2 2 
0 0 0 2-2V7Z"[39m
                [36m/>[39m
                [36m<path[39m
                  
[33md[39m=[32m"M14 2v4a2 2 0 
0 0 2 2h4"[39m
                [36m/>[39m
                [36m<path[39m
                  
[33md[39m=[32m"M10 9H8"[39m
                [36m/>[39m
                [36m<path[39m
                  
[33md[39m=[32m"M16 13H8"[39m
                [36m/>[39m
                [36m<path[39m
                  
[33md[39m=[32m"M16 17H8"[39m
                [36m/>[39m
              [36m</svg>[39m
              [36m<p>[39m
                [0mNo files 
uploaded yet[0m
              [36m</p>[39m
              [36m<p[39m
                [33mclass[39m=
[32m"text-sm"[39m
              [36m>[39m
                [0mUpload your 
first CSV or Excel file to get 
started[0m
              [36m</p>[39m
            [36m</div>[39m
          [36m</div>[39m
        [36m</div>[39m
      [36m</div>[39m
      [36m<section[39m
        [33maria-atomic[39m=[
32m"false"[39m
        [33maria-label[39m=[3
2m"Notifications alt+T"[39m
        [33maria-live[39m=[32
m"polite"[39m
        [33maria-relevant[39m=
[32m"additions text"[39m
        [33mtabindex[39m=[32m
"-1"[39m
      [36m/>[39m
    [36m</div>[39m
  [36m</body>[39m
[36m</html>[39m...
[90m [2mΓ¥»[22m 
Module.waitFor node_modules/@tes
ting-library/dom/dist/wait-for.j
s:[2m163:27[22m[39m
[36m [2mΓ¥»[22m src/component
s/dashboard/DataUpload.test.tsx:
[2m218:19[22m[39m
    [90m216| [39m            
[34mrender[39m([33m<[39m[33m
DataUpload[39m 
[33m/[39m[33m>[39m)
    [90m217| [39m
    [90m218| [39m            
[35mawait[39m 
[34mwaitFor[39m(() 
[33m=>[39m {
    [90m   | [39m             
     [31m^[39m
    [90m219| [39m             
   expect(screen.getByText('test
.csv')).toBeInTheDocumentΓÇª
    [90m220| [39m            
}[33m,[39m { 
timeout[33m:[39m 
[34m3000[39m })

[31m[2mΓÄ»ΓÄ»ΓÄ»ΓÄ»ΓÄ»ΓÄ»ΓÄ»ΓÄ
»ΓÄ»ΓÄ»ΓÄ»ΓÄ»ΓÄ»ΓÄ»ΓÄ»ΓÄ»ΓÄ»ΓÄ»Γ
Ä»ΓÄ»ΓÄ»ΓÄ»ΓÄ»[6/30]ΓÄ»[22m[39
m

[41m[1m FAIL [22m[49m src/co
mponents/dashboard/DataUpload.te
st.tsx[2m > [22mDataUpload 
Component[2m > [22mStatus 
Icons and Colors[2m > 
[22mshows check icon for 
completed status
[31m[1mTestingLibraryElementEr
ror[22m[39m: Unable to find 
an element with the text: 
completed. This could be 
because the text is broken up 
by multiple elements. In this 
case, you can provide a 
function for your text matcher 
to make your matcher more 
flexible.

Ignored nodes: comments, 
script, style
[36m<body>[39m
  [36m<div>[39m
    [36m<div[39m
      [33mclass[39m=[32m"roun
ded-lg bg-card 
text-card-foreground shadow-sm 
border-2 border-info/20 
bg-gradient-to-br from-info/10 
to-transparent"[39m
    [36m>[39m
      [36m<div[39m
        
[33mclass[39m=[32m"flex 
flex-col space-y-1.5 p-6"[39m
      [36m>[39m
        [36m<h3[39m
          [33mclass[39m=[32m"
tracking-tight flex 
items-center gap-2 text-xl 
font-semibold"[39m
        [36m>[39m
          [36m<svg[39m
            
[33mclass[39m=[32m"lucide 
lucide-upload h-6 w-6 
text-info"[39m
            
[33mfill[39m=[32m"none"[39m
            
[33mheight[39m=[32m"24"[39m
            [33mstroke[39m=[3
2m"currentColor"[39m
            [33mstroke-linecap
[39m=[32m"round"[39m
            [33mstroke-linejoin
[39m=[32m"round"[39m
            [33mstroke-width[3
9m=[32m"2"[39m
            
[33mviewBox[39m=[32m"0 0 24 
24"[39m
            
[33mwidth[39m=[32m"24"[39m
            [33mxmlns[39m=[32
m"http://www.w3.org/2000/svg"[3
9m
          [36m>[39m
            [36m<path[39m
              
[33md[39m=[32m"M21 15v4a2 2 
0 0 1-2 2H5a2 2 0 0 
1-2-2v-4"[39m
            [36m/>[39m
            [36m<polyline[39m
              
[33mpoints[39m=[32m"17 8 12 
3 7 8"[39m
            [36m/>[39m
            [36m<line[39m
              
[33mx1[39m=[32m"12"[39m
              
[33mx2[39m=[32m"12"[39m
              
[33my1[39m=[32m"3"[39m
              
[33my2[39m=[32m"15"[39m
            [36m/>[39m
          [36m</svg>[39m
          [0mData 
Management[0m
        [36m</h3>[39m
      [36m</div>[39m
      [36m<div[39m
        
[33mclass[39m=[32m"p-6 pt-0 
space-y-6"[39m
      [36m>[39m
        [36m<div[39m
          
[33mclass[39m=[32m"border-2 
border-dashed rounded-lg p-8 
text-center transition-colors 
border-border 
hover:border-primary/50"[39m
        [36m>[39m
          [36m<svg[39m
            
[33mclass[39m=[32m"lucide 
lucide-upload mx-auto h-12 w-12 
text-muted-foreground mb-4"[39m
            
[33mfill[39m=[32m"none"[39m
            
[33mheight[39m=[32m"24"[39m
            [33mstroke[39m=[3
2m"currentColor"[39m
            [33mstroke-linecap
[39m=[32m"round"[39m
            [33mstroke-linejoin
[39m=[32m"round"[39m
            [33mstroke-width[3
9m=[32m"2"[39m
            
[33mviewBox[39m=[32m"0 0 24 
24"[39m
            
[33mwidth[39m=[32m"24"[39m
            [33mxmlns[39m=[32
m"http://www.w3.org/2000/svg"[3
9m
          [36m>[39m
            [36m<path[39m
              
[33md[39m=[32m"M21 15v4a2 2 
0 0 1-2 2H5a2 2 0 0 
1-2-2v-4"[39m
            [36m/>[39m
            [36m<polyline[39m
              
[33mpoints[39m=[32m"17 8 12 
3 7 8"[39m
            [36m/>[39m
            [36m<line[39m
              
[33mx1[39m=[32m"12"[39m
              
[33mx2[39m=[32m"12"[39m
              
[33my1[39m=[32m"3"[39m
              
[33my2[39m=[32m"15"[39m
            [36m/>[39m
          [36m</svg>[39m
          [36m<h3[39m
            
[33mclass[39m=[32m"text-lg 
font-semibold mb-2"[39m
          [36m>[39m
            [0mUpload Your 
Data Files[0m
          [36m</h3>[39m
          [36m<p[39m
            [33mclass[39m=[32
m"text-muted-foreground 
mb-4"[39m
          [36m>[39m
            [0mDrag and drop 
your CSV, Excel, or JSON files 
here[0m
          [36m</p>[39m
          [36m<button[39m
            [33mclass[39m=[32
m"inline-flex items-center 
justify-center gap-2 
whitespace-nowrap rounded-md 
text-sm font-medium 
ring-offset-background 
transition-colors 
focus-visible:outline-none 
focus-visible:ring-2 
focus-visible:ring-ring 
focus-visible:ring-offset-2 
disabled:pointer-events-none 
disabled:opacity-50 
[&_svg]:pointer-events-none 
[&_svg]:size-4 [&_svg]:shrink-0 
text-primary-foreground 
hover:bg-primary/90 h-10 px-4 
py-2 bg-gradient-primary"[39m
          [36m>[39m
            [0mChoose Files[0m
          [36m</button>[39m
          [36m<input[39m
            [33maccept[39m=[3
2m".csv,.xlsx,.xls"[39m
            [33maria-label[39m
=[32m"Upload data files"[39m
            [33mclass[39m=[32
m"hidden"[39m
            
[33mmultiple[39m=[32m""[39m
            
[33mtype[39m=[32m"file"[39m
          [36m/>[39m
        [36m</div>[39m
        [36m<div>[39m
          [36m<h4[39m
            [33mclass[39m=[32
m"font-semibold mb-3"[39m
          [36m>[39m
            [0mRecent 
Uploads[0m
          [36m</h4>[39m
          [36m<div[39m
            [33mclass[39m=[32
m"text-center py-8 
text-muted-foreground"[39m
          [36m>[39m
            [36m<svg[39m
              
[33mclass[39m=[32m"lucide 
lucide-file-text h-12 w-12 
mx-auto mb-2 opacity-50"[39m
              
[33mfill[39m=[32m"none"[39m
              
[33mheight[39m=[32m"24"[39m
              [33mstroke[39m=
[32m"currentColor"[39m
              [33mstroke-lineca
p[39m=[32m"round"[39m
              [33mstroke-linejo
in[39m=[32m"round"[39m
              [33mstroke-width
[39m=[32m"2"[39m
              
[33mviewBox[39m=[32m"0 0 24 
24"[39m
              
[33mwidth[39m=[32m"24"[39m
              [33mxmlns[39m=[
32m"http://www.w3.org/2000/svg"
[39m
            [36m>[39m
              [36m<path[39m
                
[33md[39m=[32m"M15 2H6a2 2 0 
0 0-2 2v16a2 2 0 0 0 2 2h12a2 2 
0 0 0 2-2V7Z"[39m
              [36m/>[39m
              [36m<path[39m
                
[33md[39m=[32m"M14 2v4a2 2 0 
0 0 2 2h4"[39m
              [36m/>[39m
              [36m<path[39m
                
[33md[39m=[32m"M10 9H8"[39m
              [36m/>[39m
              [36m<path[39m
                
[33md[39m=[32m"M16 13H8"[39m
              [36m/>[39m
              [36m<path[39m
                
[33md[39m=[32m"M16 17H8"[39m
              [36m/>[39m
            [36m</svg>[39m
            [36m<p>[39m
              [0mNo files 
uploaded yet[0m
            [36m</p>[39m
            [36m<p[39m
              [33mclass[39m=[
32m"text-sm"[39m
            [36m>[39m
              [0mUpload your 
first CSV or Excel file to get 
started[0m
            [36m</p>[39m
          [36m</div>[39m
        [36m</div>[39m
      [36m</div>[39m
    [36m</div>[39m
    [36m<section[39m
      [33maria-atomic[39m=[32
m"false"[39m
      [33maria-label[39m=[32m
"Notifications alt+T"[39m
      [33maria-live[39m=[32m"
polite"[39m
      [33maria-relevant[39m=[
32m"additions text"[39m
      [33mtabindex[39m=[32m"-
1"[39m
    [36m/>[39m
  [36m</div>[39m
[36m</body>[39m

Ignored nodes: comments, 
script, style
[36m<html>[39m
  [36m<head />[39m
  [36m<body>[39m
    [36m<div>[39m
      [36m<div[39m
        [33mclass[39m=[32m"ro
unded-lg bg-card 
text-card-foreground shadow-sm 
border-2 border-info/20 
bg-gradient-to-br from-info/10 
to-transparent"[39m
      [36m>[39m
        [36m<div[39m
          
[33mclass[39m=[32m"flex 
flex-col space-y-1.5 p-6"[39m
        [36m>[39m
          [36m<h3[39m
            [33mclass[39m=[32
m"tracking-tight flex 
items-center gap-2 text-xl 
font-semibold"[39m
          [36m>[39m
            [36m<svg[39m
              
[33mclass[39m=[32m"lucide 
lucide-upload h-6 w-6 
text-info"[39m
              
[33mfill[39m=[32m"none"[39m
              
[33mheight[39m=[32m"24"[39m
              [33mstroke[39m=
[32m"currentColor"[39m
              [33mstroke-lineca
p[39m=[32m"round"[39m
              [33mstroke-linejo
in[39m=[32m"round"[39m
              [33mstroke-width
[39m=[32m"2"[39m
              
[33mviewBox[39m=[32m"0 0 24 
24"[39m
              
[33mwidth[39m=[32m"24"[39m
              [33mxmlns[39m=[
32m"http://www.w3.org/2000/svg"
[39m
            [36m>[39m
              [36m<path[39m
                
[33md[39m=[32m"M21 15v4a2 2 
0 0 1-2 2H5a2 2 0 0 
1-2-2v-4"[39m
              [36m/>[39m
              
[36m<polyline[39m
                
[33mpoints[39m=[32m"17 8 12 
3 7 8"[39m
              [36m/>[39m
              [36m<line[39m
                
[33mx1[39m=[32m"12"[39m
                
[33mx2[39m=[32m"12"[39m
                
[33my1[39m=[32m"3"[39m
                
[33my2[39m=[32m"15"[39m
              [36m/>[39m
            [36m</svg>[39m
            [0mData 
Management[0m
          [36m</h3>[39m
        [36m</div>[39m
        [36m<div[39m
          
[33mclass[39m=[32m"p-6 pt-0 
space-y-6"[39m
        [36m>[39m
          [36m<div[39m
            
[33mclass[39m=[32m"border-2 
border-dashed rounded-lg p-8 
text-center transition-colors 
border-border 
hover:border-primary/50"[39m
          [36m>[39m
            [36m<svg[39m
              
[33mclass[39m=[32m"lucide 
lucide-upload mx-auto h-12 w-12 
text-muted-foreground mb-4"[39m
              
[33mfill[39m=[32m"none"[39m
              
[33mheight[39m=[32m"24"[39m
              [33mstroke[39m=
[32m"currentColor"[39m
              [33mstroke-lineca
p[39m=[32m"round"[39m
              [33mstroke-linejo
in[39m=[32m"round"[39m
              [33mstroke-width
[39m=[32m"2"[39m
              
[33mviewBox[39m=[32m"0 0 24 
24"[39m
              
[33mwidth[39m=[32m"24"[39m
              [33mxmlns[39m=[
32m"http://www.w3.org/2000/svg"
[39m
            [36m>[39m
              [36m<path[39m
                
[33md[39m=[32m"M21 15v4a2 2 
0 0 1-2 2H5a2 2 0 0 
1-2-2v-4"[39m
              [36m/>[39m
              
[36m<polyline[39m
                
[33mpoints[39m=[32m"17 8 12 
3 7 8"[39m
              [36m/>[39m
              [36m<line[39m
                
[33mx1[39m=[32m"12"[39m
                
[33mx2[39m=[32m"12"[39m
                
[33my1[39m=[32m"3"[39m
                
[33my2[39m=[32m"15"[39m
              [36m/>[39m
            [36m</svg>[39m
            [36m<h3[39m
              
[33mclass[39m=[32m"text-lg 
font-semibold mb-2"[39m
            [36m>[39m
              [0mUpload Your 
Data Files[0m
            [36m</h3>[39m
            [36m<p[39m
              [33mclass[39m=[
32m"text-muted-foreground 
mb-4"[39m
            [36m>[39m
              [0mDrag and drop 
your CSV, Excel, or JSON files 
here[0m
            [36m</p>[39m
            [36m<button[39m
              [33mclass[39m=[
32m"inline-flex items-center 
justify-center gap-2 
whitespace-nowrap rounded-md 
text-sm font-medium 
ring-offset-background 
transition-colors 
focus-visible:outline-none 
focus-visible:ring-2 
focus-visible:ring-ring 
focus-visible:ring-offset-2 
disabled:pointer-events-none 
disabled:opacity-50 
[&_svg]:pointer-events-none 
[&_svg]:size-4 [&_svg]:shrink-0 
text-primary-foreground 
hover:bg-primary/90 h-10 px-4 
py-2 bg-gradient-primary"[39m
            [36m>[39m
              [0mChoose 
Files[0m
            [36m</button>[39m
            [36m<input[39m
              [33maccept[39m=
[32m".csv,.xlsx,.xls"[39m
              [33maria-label[3
9m=[32m"Upload data files"[39m
              [33mclass[39m=[
32m"hidden"[39m
              
[33mmultiple[39m=[32m""[39m
              
[33mtype[39m=[32m"file"[39m
            [36m/>[39m
          [36m</div>[39m
          [36m<div>[39m
            [36m<h4[39m
              [33mclass[39m=[
32m"font-semibold mb-3"[39m
            [36m>[39m
              [0mRecent 
Uploads[0m
            [36m</h4>[39m
            [36m<div[39m
              [33mclass[39m=[
32m"text-center py-8 
text-muted-foreground"[39m
            [36m>[39m
              [36m<svg[39m
                
[33mclass[39m=[32m"lucide 
lucide-file-text h-12 w-12 
mx-auto mb-2 opacity-50"[39m
                
[33mfill[39m=[32m"none"[39m
                
[33mheight[39m=[32m"24"[39m
                [33mstroke[39m
=[32m"currentColor"[39m
                [33mstroke-line
cap[39m=[32m"round"[39m
                [33mstroke-line
join[39m=[32m"round"[39m
                [33mstroke-widt
h[39m=[32m"2"[39m
                
[33mviewBox[39m=[32m"0 0 24 
24"[39m
                
[33mwidth[39m=[32m"24"[39m
                [33mxmlns[39m=
[32m"http://www.w3.org/2000/svg
"[39m
              [36m>[39m
                [36m<path[39m
                  
[33md[39m=[32m"M15 2H6a2 2 0 
0 0-2 2v16a2 2 0 0 0 2 2h12a2 2 
0 0 0 2-2V7Z"[39m
                [36m/>[39m
                [36m<path[39m
                  
[33md[39m=[32m"M14 2v4a2 2 0 
0 0 2 2h4"[39m
                [36m/>[39m
                [36m<path[39m
                  
[33md[39m=[32m"M10 9H8"[39m
                [36m/>[39m
                [36m<path[39m
                  
[33md[39m=[32m"M16 13H8"[39m
                [36m/>[39m
                [36m<path[39m
                  
[33md[39m=[32m"M16 17H8"[39m
                [36m/>[39m
              [36m</svg>[39m
              [36m<p>[39m
                [0mNo files 
uploaded yet[0m
              [36m</p>[39m
              [36m<p[39m
                [33mclass[39m=
[32m"text-sm"[39m
              [36m>[39m
                [0mUpload your 
first CSV or Excel file to get 
started[0m
              [36m</p>[39m
            [36m</div>[39m
          [36m</div>[39m
        [36m</div>[39m
      [36m</div>[39m
      [36m<section[39m
        [33maria-atomic[39m=[
32m"false"[39m
        [33maria-label[39m=[3
2m"Notifications alt+T"[39m
        [33maria-live[39m=[32
m"polite"[39m
        [33maria-relevant[39m=
[32m"additions text"[39m
        [33mtabindex[39m=[32m
"-1"[39m
      [36m/>[39m
    [36m</div>[39m
  [36m</body>[39m
[36m</html>[39m...
[90m [2mΓ¥»[22m 
Module.waitFor node_modules/@tes
ting-library/dom/dist/wait-for.j
s:[2m163:27[22m[39m
[36m [2mΓ¥»[22m src/component
s/dashboard/DataUpload.test.tsx:
[2m273:19[22m[39m
    [90m271| [39m            
[34mrender[39m([33m<[39m[33m
DataUpload[39m 
[33m/[39m[33m>[39m)
    [90m272| [39m
    [90m273| [39m            
[35mawait[39m 
[34mwaitFor[39m(() 
[33m=>[39m {
    [90m   | [39m             
     [31m^[39m
    [90m274| [39m             
   const completedBadge = screen
.getByText('completed').cΓÇª
    [90m275| [39m             
   [34mexpect[39m(completedBad
ge)[33m.[39m[34mtoBeInTheDocu
ment[39m()

[31m[2mΓÄ»ΓÄ»ΓÄ»ΓÄ»ΓÄ»ΓÄ»ΓÄ»ΓÄ
»ΓÄ»ΓÄ»ΓÄ»ΓÄ»ΓÄ»ΓÄ»ΓÄ»ΓÄ»ΓÄ»ΓÄ»Γ
Ä»ΓÄ»ΓÄ»ΓÄ»ΓÄ»[7/30]ΓÄ»[22m[39
m

[41m[1m FAIL [22m[49m src/co
mponents/dashboard/DataUpload.te
st.tsx[2m > [22mDataUpload 
Component[2m > [22mStatus 
Icons and Colors[2m > 
[22mshows alert icon for 
processing status
[31m[1mTestingLibraryElementEr
ror[22m[39m: Unable to find 
an element with the text: 
processing. This could be 
because the text is broken up 
by multiple elements. In this 
case, you can provide a 
function for your text matcher 
to make your matcher more 
flexible.

Ignored nodes: comments, 
script, style
[36m<body>[39m
  [36m<div>[39m
    [36m<div[39m
      [33mclass[39m=[32m"roun
ded-lg bg-card 
text-card-foreground shadow-sm 
border-2 border-info/20 
bg-gradient-to-br from-info/10 
to-transparent"[39m
    [36m>[39m
      [36m<div[39m
        
[33mclass[39m=[32m"flex 
flex-col space-y-1.5 p-6"[39m
      [36m>[39m
        [36m<h3[39m
          [33mclass[39m=[32m"
tracking-tight flex 
items-center gap-2 text-xl 
font-semibold"[39m
        [36m>[39m
          [36m<svg[39m
            
[33mclass[39m=[32m"lucide 
lucide-upload h-6 w-6 
text-info"[39m
            
[33mfill[39m=[32m"none"[39m
            
[33mheight[39m=[32m"24"[39m
            [33mstroke[39m=[3
2m"currentColor"[39m
            [33mstroke-linecap
[39m=[32m"round"[39m
            [33mstroke-linejoin
[39m=[32m"round"[39m
            [33mstroke-width[3
9m=[32m"2"[39m
            
[33mviewBox[39m=[32m"0 0 24 
24"[39m
            
[33mwidth[39m=[32m"24"[39m
            [33mxmlns[39m=[32
m"http://www.w3.org/2000/svg"[3
9m
          [36m>[39m
            [36m<path[39m
              
[33md[39m=[32m"M21 15v4a2 2 
0 0 1-2 2H5a2 2 0 0 
1-2-2v-4"[39m
            [36m/>[39m
            [36m<polyline[39m
              
[33mpoints[39m=[32m"17 8 12 
3 7 8"[39m
            [36m/>[39m
            [36m<line[39m
              
[33mx1[39m=[32m"12"[39m
              
[33mx2[39m=[32m"12"[39m
              
[33my1[39m=[32m"3"[39m
              
[33my2[39m=[32m"15"[39m
            [36m/>[39m
          [36m</svg>[39m
          [0mData 
Management[0m
        [36m</h3>[39m
      [36m</div>[39m
      [36m<div[39m
        
[33mclass[39m=[32m"p-6 pt-0 
space-y-6"[39m
      [36m>[39m
        [36m<div[39m
          
[33mclass[39m=[32m"border-2 
border-dashed rounded-lg p-8 
text-center transition-colors 
border-border 
hover:border-primary/50"[39m
        [36m>[39m
          [36m<svg[39m
            
[33mclass[39m=[32m"lucide 
lucide-upload mx-auto h-12 w-12 
text-muted-foreground mb-4"[39m
            
[33mfill[39m=[32m"none"[39m
            
[33mheight[39m=[32m"24"[39m
            [33mstroke[39m=[3
2m"currentColor"[39m
            [33mstroke-linecap
[39m=[32m"round"[39m
            [33mstroke-linejoin
[39m=[32m"round"[39m
            [33mstroke-width[3
9m=[32m"2"[39m
            
[33mviewBox[39m=[32m"0 0 24 
24"[39m
            
[33mwidth[39m=[32m"24"[39m
            [33mxmlns[39m=[32
m"http://www.w3.org/2000/svg"[3
9m
          [36m>[39m
            [36m<path[39m
              
[33md[39m=[32m"M21 15v4a2 2 
0 0 1-2 2H5a2 2 0 0 
1-2-2v-4"[39m
            [36m/>[39m
            [36m<polyline[39m
              
[33mpoints[39m=[32m"17 8 12 
3 7 8"[39m
            [36m/>[39m
            [36m<line[39m
              
[33mx1[39m=[32m"12"[39m
              
[33mx2[39m=[32m"12"[39m
              
[33my1[39m=[32m"3"[39m
              
[33my2[39m=[32m"15"[39m
            [36m/>[39m
          [36m</svg>[39m
          [36m<h3[39m
            
[33mclass[39m=[32m"text-lg 
font-semibold mb-2"[39m
          [36m>[39m
            [0mUpload Your 
Data Files[0m
          [36m</h3>[39m
          [36m<p[39m
            [33mclass[39m=[32
m"text-muted-foreground 
mb-4"[39m
          [36m>[39m
            [0mDrag and drop 
your CSV, Excel, or JSON files 
here[0m
          [36m</p>[39m
          [36m<button[39m
            [33mclass[39m=[32
m"inline-flex items-center 
justify-center gap-2 
whitespace-nowrap rounded-md 
text-sm font-medium 
ring-offset-background 
transition-colors 
focus-visible:outline-none 
focus-visible:ring-2 
focus-visible:ring-ring 
focus-visible:ring-offset-2 
disabled:pointer-events-none 
disabled:opacity-50 
[&_svg]:pointer-events-none 
[&_svg]:size-4 [&_svg]:shrink-0 
text-primary-foreground 
hover:bg-primary/90 h-10 px-4 
py-2 bg-gradient-primary"[39m
          [36m>[39m
            [0mChoose Files[0m
          [36m</button>[39m
          [36m<input[39m
            [33maccept[39m=[3
2m".csv,.xlsx,.xls"[39m
            [33maria-label[39m
=[32m"Upload data files"[39m
            [33mclass[39m=[32
m"hidden"[39m
            
[33mmultiple[39m=[32m""[39m
            
[33mtype[39m=[32m"file"[39m
          [36m/>[39m
        [36m</div>[39m
        [36m<div>[39m
          [36m<h4[39m
            [33mclass[39m=[32
m"font-semibold mb-3"[39m
          [36m>[39m
            [0mRecent 
Uploads[0m
          [36m</h4>[39m
          [36m<div[39m
            [33mclass[39m=[32
m"text-center py-8 
text-muted-foreground"[39m
          [36m>[39m
            [36m<svg[39m
              
[33mclass[39m=[32m"lucide 
lucide-file-text h-12 w-12 
mx-auto mb-2 opacity-50"[39m
              
[33mfill[39m=[32m"none"[39m
              
[33mheight[39m=[32m"24"[39m
              [33mstroke[39m=
[32m"currentColor"[39m
              [33mstroke-lineca
p[39m=[32m"round"[39m
              [33mstroke-linejo
in[39m=[32m"round"[39m
              [33mstroke-width
[39m=[32m"2"[39m
              
[33mviewBox[39m=[32m"0 0 24 
24"[39m
              
[33mwidth[39m=[32m"24"[39m
              [33mxmlns[39m=[
32m"http://www.w3.org/2000/svg"
[39m
            [36m>[39m
              [36m<path[39m
                
[33md[39m=[32m"M15 2H6a2 2 0 
0 0-2 2v16a2 2 0 0 0 2 2h12a2 2 
0 0 0 2-2V7Z"[39m
              [36m/>[39m
              [36m<path[39m
                
[33md[39m=[32m"M14 2v4a2 2 0 
0 0 2 2h4"[39m
              [36m/>[39m
              [36m<path[39m
                
[33md[39m=[32m"M10 9H8"[39m
              [36m/>[39m
              [36m<path[39m
                
[33md[39m=[32m"M16 13H8"[39m
              [36m/>[39m
              [36m<path[39m
                
[33md[39m=[32m"M16 17H8"[39m
              [36m/>[39m
            [36m</svg>[39m
            [36m<p>[39m
              [0mNo files 
uploaded yet[0m
            [36m</p>[39m
            [36m<p[39m
              [33mclass[39m=[
32m"text-sm"[39m
            [36m>[39m
              [0mUpload your 
first CSV or Excel file to get 
started[0m
            [36m</p>[39m
          [36m</div>[39m
        [36m</div>[39m
      [36m</div>[39m
    [36m</div>[39m
    [36m<section[39m
      [33maria-atomic[39m=[32
m"false"[39m
      [33maria-label[39m=[32m
"Notifications alt+T"[39m
      [33maria-live[39m=[32m"
polite"[39m
      [33maria-relevant[39m=[
32m"additions text"[39m
      [33mtabindex[39m=[32m"-
1"[39m
    [36m/>[39m
  [36m</div>[39m
[36m</body>[39m

Ignored nodes: comments, 
script, style
[36m<html>[39m
  [36m<head />[39m
  [36m<body>[39m
    [36m<div>[39m
      [36m<div[39m
        [33mclass[39m=[32m"ro
unded-lg bg-card 
text-card-foreground shadow-sm 
border-2 border-info/20 
bg-gradient-to-br from-info/10 
to-transparent"[39m
      [36m>[39m
        [36m<div[39m
          
[33mclass[39m=[32m"flex 
flex-col space-y-1.5 p-6"[39m
        [36m>[39m
          [36m<h3[39m
            [33mclass[39m=[32
m"tracking-tight flex 
items-center gap-2 text-xl 
font-semibold"[39m
          [36m>[39m
            [36m<svg[39m
              
[33mclass[39m=[32m"lucide 
lucide-upload h-6 w-6 
text-info"[39m
              
[33mfill[39m=[32m"none"[39m
              
[33mheight[39m=[32m"24"[39m
              [33mstroke[39m=
[32m"currentColor"[39m
              [33mstroke-lineca
p[39m=[32m"round"[39m
              [33mstroke-linejo
in[39m=[32m"round"[39m
              [33mstroke-width
[39m=[32m"2"[39m
              
[33mviewBox[39m=[32m"0 0 24 
24"[39m
              
[33mwidth[39m=[32m"24"[39m
              [33mxmlns[39m=[
32m"http://www.w3.org/2000/svg"
[39m
            [36m>[39m
              [36m<path[39m
                
[33md[39m=[32m"M21 15v4a2 2 
0 0 1-2 2H5a2 2 0 0 
1-2-2v-4"[39m
              [36m/>[39m
              
[36m<polyline[39m
                
[33mpoints[39m=[32m"17 8 12 
3 7 8"[39m
              [36m/>[39m
              [36m<line[39m
                
[33mx1[39m=[32m"12"[39m
                
[33mx2[39m=[32m"12"[39m
                
[33my1[39m=[32m"3"[39m
                
[33my2[39m=[32m"15"[39m
              [36m/>[39m
            [36m</svg>[39m
            [0mData 
Management[0m
          [36m</h3>[39m
        [36m</div>[39m
        [36m<div[39m
          
[33mclass[39m=[32m"p-6 pt-0 
space-y-6"[39m
        [36m>[39m
          [36m<div[39m
            
[33mclass[39m=[32m"border-2 
border-dashed rounded-lg p-8 
text-center transition-colors 
border-border 
hover:border-primary/50"[39m
          [36m>[39m
            [36m<svg[39m
              
[33mclass[39m=[32m"lucide 
lucide-upload mx-auto h-12 w-12 
text-muted-foreground mb-4"[39m
              
[33mfill[39m=[32m"none"[39m
              
[33mheight[39m=[32m"24"[39m
              [33mstroke[39m=
[32m"currentColor"[39m
              [33mstroke-lineca
p[39m=[32m"round"[39m
              [33mstroke-linejo
in[39m=[32m"round"[39m
              [33mstroke-width
[39m=[32m"2"[39m
              
[33mviewBox[39m=[32m"0 0 24 
24"[39m
              
[33mwidth[39m=[32m"24"[39m
              [33mxmlns[39m=[
32m"http://www.w3.org/2000/svg"
[39m
            [36m>[39m
              [36m<path[39m
                
[33md[39m=[32m"M21 15v4a2 2 
0 0 1-2 2H5a2 2 0 0 
1-2-2v-4"[39m
              [36m/>[39m
              
[36m<polyline[39m
                
[33mpoints[39m=[32m"17 8 12 
3 7 8"[39m
              [36m/>[39m
              [36m<line[39m
                
[33mx1[39m=[32m"12"[39m
                
[33mx2[39m=[32m"12"[39m
                
[33my1[39m=[32m"3"[39m
                
[33my2[39m=[32m"15"[39m
              [36m/>[39m
            [36m</svg>[39m
            [36m<h3[39m
              
[33mclass[39m=[32m"text-lg 
font-semibold mb-2"[39m
            [36m>[39m
              [0mUpload Your 
Data Files[0m
            [36m</h3>[39m
            [36m<p[39m
              [33mclass[39m=[
32m"text-muted-foreground 
mb-4"[39m
            [36m>[39m
              [0mDrag and drop 
your CSV, Excel, or JSON files 
here[0m
            [36m</p>[39m
            [36m<button[39m
              [33mclass[39m=[
32m"inline-flex items-center 
justify-center gap-2 
whitespace-nowrap rounded-md 
text-sm font-medium 
ring-offset-background 
transition-colors 
focus-visible:outline-none 
focus-visible:ring-2 
focus-visible:ring-ring 
focus-visible:ring-offset-2 
disabled:pointer-events-none 
disabled:opacity-50 
[&_svg]:pointer-events-none 
[&_svg]:size-4 [&_svg]:shrink-0 
text-primary-foreground 
hover:bg-primary/90 h-10 px-4 
py-2 bg-gradient-primary"[39m
            [36m>[39m
              [0mChoose 
Files[0m
            [36m</button>[39m
            [36m<input[39m
              [33maccept[39m=
[32m".csv,.xlsx,.xls"[39m
              [33maria-label[3
9m=[32m"Upload data files"[39m
              [33mclass[39m=[
32m"hidden"[39m
              
[33mmultiple[39m=[32m""[39m
              
[33mtype[39m=[32m"file"[39m
            [36m/>[39m
          [36m</div>[39m
          [36m<div>[39m
            [36m<h4[39m
              [33mclass[39m=[
32m"font-semibold mb-3"[39m
            [36m>[39m
              [0mRecent 
Uploads[0m
            [36m</h4>[39m
            [36m<div[39m
              [33mclass[39m=[
32m"text-center py-8 
text-muted-foreground"[39m
            [36m>[39m
              [36m<svg[39m
                
[33mclass[39m=[32m"lucide 
lucide-file-text h-12 w-12 
mx-auto mb-2 opacity-50"[39m
                
[33mfill[39m=[32m"none"[39m
                
[33mheight[39m=[32m"24"[39m
                [33mstroke[39m
=[32m"currentColor"[39m
                [33mstroke-line
cap[39m=[32m"round"[39m
                [33mstroke-line
join[39m=[32m"round"[39m
                [33mstroke-widt
h[39m=[32m"2"[39m
                
[33mviewBox[39m=[32m"0 0 24 
24"[39m
                
[33mwidth[39m=[32m"24"[39m
                [33mxmlns[39m=
[32m"http://www.w3.org/2000/svg
"[39m
              [36m>[39m
                [36m<path[39m
                  
[33md[39m=[32m"M15 2H6a2 2 0 
0 0-2 2v16a2 2 0 0 0 2 2h12a2 2 
0 0 0 2-2V7Z"[39m
                [36m/>[39m
                [36m<path[39m
                  
[33md[39m=[32m"M14 2v4a2 2 0 
0 0 2 2h4"[39m
                [36m/>[39m
                [36m<path[39m
                  
[33md[39m=[32m"M10 9H8"[39m
                [36m/>[39m
                [36m<path[39m
                  
[33md[39m=[32m"M16 13H8"[39m
                [36m/>[39m
                [36m<path[39m
                  
[33md[39m=[32m"M16 17H8"[39m
                [36m/>[39m
              [36m</svg>[39m
              [36m<p>[39m
                [0mNo files 
uploaded yet[0m
              [36m</p>[39m
              [36m<p[39m
                [33mclass[39m=
[32m"text-sm"[39m
              [36m>[39m
                [0mUpload your 
first CSV or Excel file to get 
started[0m
              [36m</p>[39m
            [36m</div>[39m
          [36m</div>[39m
        [36m</div>[39m
      [36m</div>[39m
      [36m<section[39m
        [33maria-atomic[39m=[
32m"false"[39m
        [33maria-label[39m=[3
2m"Notifications alt+T"[39m
        [33maria-live[39m=[32
m"polite"[39m
        [33maria-relevant[39m=
[32m"additions text"[39m
        [33mtabindex[39m=[32m
"-1"[39m
      [36m/>[39m
    [36m</div>[39m
  [36m</body>[39m
[36m</html>[39m...
[90m [2mΓ¥»[22m 
Module.waitFor node_modules/@tes
ting-library/dom/dist/wait-for.j
s:[2m163:27[22m[39m
[36m [2mΓ¥»[22m src/component
s/dashboard/DataUpload.test.tsx:
[2m286:19[22m[39m
    [90m284| [39m            
[34mrender[39m([33m<[39m[33m
DataUpload[39m 
[33m/[39m[33m>[39m)
    [90m285| [39m
    [90m286| [39m            
[35mawait[39m 
[34mwaitFor[39m(() 
[33m=>[39m {
    [90m   | [39m             
     [31m^[39m
    [90m287| [39m             
   const processingBadge = scree
n.getByText('processing')ΓÇª
    [90m288| [39m             
   [34mexpect[39m(processingBa
dge)[33m.[39m[34mtoBeInTheDoc
ument[39m()

[31m[2mΓÄ»ΓÄ»ΓÄ»ΓÄ»ΓÄ»ΓÄ»ΓÄ»ΓÄ
»ΓÄ»ΓÄ»ΓÄ»ΓÄ»ΓÄ»ΓÄ»ΓÄ»ΓÄ»ΓÄ»ΓÄ»Γ
Ä»ΓÄ»ΓÄ»ΓÄ»ΓÄ»[8/30]ΓÄ»[22m[39
m

[41m[1m FAIL [22m[49m src/co
mponents/dashboard/DataUpload.te
st.tsx[2m > [22mDataUpload 
Component[2m > [22mStatus 
Icons and Colors[2m > 
[22mshows alert icon for error 
status
[31m[1mTestingLibraryElementEr
ror[22m[39m: Unable to find 
an element with the text: 
error. This could be because 
the text is broken up by 
multiple elements. In this 
case, you can provide a 
function for your text matcher 
to make your matcher more 
flexible.

Ignored nodes: comments, 
script, style
[36m<body>[39m
  [36m<div>[39m
    [36m<div[39m
      [33mclass[39m=[32m"roun
ded-lg bg-card 
text-card-foreground shadow-sm 
border-2 border-info/20 
bg-gradient-to-br from-info/10 
to-transparent"[39m
    [36m>[39m
      [36m<div[39m
        
[33mclass[39m=[32m"flex 
flex-col space-y-1.5 p-6"[39m
      [36m>[39m
        [36m<h3[39m
          [33mclass[39m=[32m"
tracking-tight flex 
items-center gap-2 text-xl 
font-semibold"[39m
        [36m>[39m
          [36m<svg[39m
            
[33mclass[39m=[32m"lucide 
lucide-upload h-6 w-6 
text-info"[39m
            
[33mfill[39m=[32m"none"[39m
            
[33mheight[39m=[32m"24"[39m
            [33mstroke[39m=[3
2m"currentColor"[39m
            [33mstroke-linecap
[39m=[32m"round"[39m
            [33mstroke-linejoin
[39m=[32m"round"[39m
            [33mstroke-width[3
9m=[32m"2"[39m
            
[33mviewBox[39m=[32m"0 0 24 
24"[39m
            
[33mwidth[39m=[32m"24"[39m
            [33mxmlns[39m=[32
m"http://www.w3.org/2000/svg"[3
9m
          [36m>[39m
            [36m<path[39m
              
[33md[39m=[32m"M21 15v4a2 2 
0 0 1-2 2H5a2 2 0 0 
1-2-2v-4"[39m
            [36m/>[39m
            [36m<polyline[39m
              
[33mpoints[39m=[32m"17 8 12 
3 7 8"[39m
            [36m/>[39m
            [36m<line[39m
              
[33mx1[39m=[32m"12"[39m
              
[33mx2[39m=[32m"12"[39m
              
[33my1[39m=[32m"3"[39m
              
[33my2[39m=[32m"15"[39m
            [36m/>[39m
          [36m</svg>[39m
          [0mData 
Management[0m
        [36m</h3>[39m
      [36m</div>[39m
      [36m<div[39m
        
[33mclass[39m=[32m"p-6 pt-0 
space-y-6"[39m
      [36m>[39m
        [36m<div[39m
          
[33mclass[39m=[32m"border-2 
border-dashed rounded-lg p-8 
text-center transition-colors 
border-border 
hover:border-primary/50"[39m
        [36m>[39m
          [36m<svg[39m
            
[33mclass[39m=[32m"lucide 
lucide-upload mx-auto h-12 w-12 
text-muted-foreground mb-4"[39m
            
[33mfill[39m=[32m"none"[39m
            
[33mheight[39m=[32m"24"[39m
            [33mstroke[39m=[3
2m"currentColor"[39m
            [33mstroke-linecap
[39m=[32m"round"[39m
            [33mstroke-linejoin
[39m=[32m"round"[39m
            [33mstroke-width[3
9m=[32m"2"[39m
            
[33mviewBox[39m=[32m"0 0 24 
24"[39m
            
[33mwidth[39m=[32m"24"[39m
            [33mxmlns[39m=[32
m"http://www.w3.org/2000/svg"[3
9m
          [36m>[39m
            [36m<path[39m
              
[33md[39m=[32m"M21 15v4a2 2 
0 0 1-2 2H5a2 2 0 0 
1-2-2v-4"[39m
            [36m/>[39m
            [36m<polyline[39m
              
[33mpoints[39m=[32m"17 8 12 
3 7 8"[39m
            [36m/>[39m
            [36m<line[39m
              
[33mx1[39m=[32m"12"[39m
              
[33mx2[39m=[32m"12"[39m
              
[33my1[39m=[32m"3"[39m
              
[33my2[39m=[32m"15"[39m
            [36m/>[39m
          [36m</svg>[39m
          [36m<h3[39m
            
[33mclass[39m=[32m"text-lg 
font-semibold mb-2"[39m
          [36m>[39m
            [0mUpload Your 
Data Files[0m
          [36m</h3>[39m
          [36m<p[39m
            [33mclass[39m=[32
m"text-muted-foreground 
mb-4"[39m
          [36m>[39m
            [0mDrag and drop 
your CSV, Excel, or JSON files 
here[0m
          [36m</p>[39m
          [36m<button[39m
            [33mclass[39m=[32
m"inline-flex items-center 
justify-center gap-2 
whitespace-nowrap rounded-md 
text-sm font-medium 
ring-offset-background 
transition-colors 
focus-visible:outline-none 
focus-visible:ring-2 
focus-visible:ring-ring 
focus-visible:ring-offset-2 
disabled:pointer-events-none 
disabled:opacity-50 
[&_svg]:pointer-events-none 
[&_svg]:size-4 [&_svg]:shrink-0 
text-primary-foreground 
hover:bg-primary/90 h-10 px-4 
py-2 bg-gradient-primary"[39m
          [36m>[39m
            [0mChoose Files[0m
          [36m</button>[39m
          [36m<input[39m
            [33maccept[39m=[3
2m".csv,.xlsx,.xls"[39m
            [33maria-label[39m
=[32m"Upload data files"[39m
            [33mclass[39m=[32
m"hidden"[39m
            
[33mmultiple[39m=[32m""[39m
            
[33mtype[39m=[32m"file"[39m
          [36m/>[39m
        [36m</div>[39m
        [36m<div>[39m
          [36m<h4[39m
            [33mclass[39m=[32
m"font-semibold mb-3"[39m
          [36m>[39m
            [0mRecent 
Uploads[0m
          [36m</h4>[39m
          [36m<div[39m
            [33mclass[39m=[32
m"text-center py-8 
text-muted-foreground"[39m
          [36m>[39m
            [36m<svg[39m
              
[33mclass[39m=[32m"lucide 
lucide-file-text h-12 w-12 
mx-auto mb-2 opacity-50"[39m
              
[33mfill[39m=[32m"none"[39m
              
[33mheight[39m=[32m"24"[39m
              [33mstroke[39m=
[32m"currentColor"[39m
              [33mstroke-lineca
p[39m=[32m"round"[39m
              [33mstroke-linejo
in[39m=[32m"round"[39m
              [33mstroke-width
[39m=[32m"2"[39m
              
[33mviewBox[39m=[32m"0 0 24 
24"[39m
              
[33mwidth[39m=[32m"24"[39m
              [33mxmlns[39m=[
32m"http://www.w3.org/2000/svg"
[39m
            [36m>[39m
              [36m<path[39m
                
[33md[39m=[32m"M15 2H6a2 2 0 
0 0-2 2v16a2 2 0 0 0 2 2h12a2 2 
0 0 0 2-2V7Z"[39m
              [36m/>[39m
              [36m<path[39m
                
[33md[39m=[32m"M14 2v4a2 2 0 
0 0 2 2h4"[39m
              [36m/>[39m
              [36m<path[39m
                
[33md[39m=[32m"M10 9H8"[39m
              [36m/>[39m
              [36m<path[39m
                
[33md[39m=[32m"M16 13H8"[39m
              [36m/>[39m
              [36m<path[39m
                
[33md[39m=[32m"M16 17H8"[39m
              [36m/>[39m
            [36m</svg>[39m
            [36m<p>[39m
              [0mNo files 
uploaded yet[0m
            [36m</p>[39m
            [36m<p[39m
              [33mclass[39m=[
32m"text-sm"[39m
            [36m>[39m
              [0mUpload your 
first CSV or Excel file to get 
started[0m
            [36m</p>[39m
          [36m</div>[39m
        [36m</div>[39m
      [36m</div>[39m
    [36m</div>[39m
    [36m<section[39m
      [33maria-atomic[39m=[32
m"false"[39m
      [33maria-label[39m=[32m
"Notifications alt+T"[39m
      [33maria-live[39m=[32m"
polite"[39m
      [33maria-relevant[39m=[
32m"additions text"[39m
      [33mtabindex[39m=[32m"-
1"[39m
    [36m/>[39m
  [36m</div>[39m
[36m</body>[39m

Ignored nodes: comments, 
script, style
[36m<html>[39m
  [36m<head />[39m
  [36m<body>[39m
    [36m<div>[39m
      [36m<div[39m
        [33mclass[39m=[32m"ro
unded-lg bg-card 
text-card-foreground shadow-sm 
border-2 border-info/20 
bg-gradient-to-br from-info/10 
to-transparent"[39m
      [36m>[39m
        [36m<div[39m
          
[33mclass[39m=[32m"flex 
flex-col space-y-1.5 p-6"[39m
        [36m>[39m
          [36m<h3[39m
            [33mclass[39m=[32
m"tracking-tight flex 
items-center gap-2 text-xl 
font-semibold"[39m
          [36m>[39m
            [36m<svg[39m
              
[33mclass[39m=[32m"lucide 
lucide-upload h-6 w-6 
text-info"[39m
              
[33mfill[39m=[32m"none"[39m
              
[33mheight[39m=[32m"24"[39m
              [33mstroke[39m=
[32m"currentColor"[39m
              [33mstroke-lineca
p[39m=[32m"round"[39m
              [33mstroke-linejo
in[39m=[32m"round"[39m
              [33mstroke-width
[39m=[32m"2"[39m
              
[33mviewBox[39m=[32m"0 0 24 
24"[39m
              
[33mwidth[39m=[32m"24"[39m
              [33mxmlns[39m=[
32m"http://www.w3.org/2000/svg"
[39m
            [36m>[39m
              [36m<path[39m
                
[33md[39m=[32m"M21 15v4a2 2 
0 0 1-2 2H5a2 2 0 0 
1-2-2v-4"[39m
              [36m/>[39m
              
[36m<polyline[39m
                
[33mpoints[39m=[32m"17 8 12 
3 7 8"[39m
              [36m/>[39m
              [36m<line[39m
                
[33mx1[39m=[32m"12"[39m
                
[33mx2[39m=[32m"12"[39m
                
[33my1[39m=[32m"3"[39m
                
[33my2[39m=[32m"15"[39m
              [36m/>[39m
            [36m</svg>[39m
            [0mData 
Management[0m
          [36m</h3>[39m
        [36m</div>[39m
        [36m<div[39m
          
[33mclass[39m=[32m"p-6 pt-0 
space-y-6"[39m
        [36m>[39m
          [36m<div[39m
            
[33mclass[39m=[32m"border-2 
border-dashed rounded-lg p-8 
text-center transition-colors 
border-border 
hover:border-primary/50"[39m
          [36m>[39m
            [36m<svg[39m
              
[33mclass[39m=[32m"lucide 
lucide-upload mx-auto h-12 w-12 
text-muted-foreground mb-4"[39m
              
[33mfill[39m=[32m"none"[39m
              
[33mheight[39m=[32m"24"[39m
              [33mstroke[39m=
[32m"currentColor"[39m
              [33mstroke-lineca
p[39m=[32m"round"[39m
              [33mstroke-linejo
in[39m=[32m"round"[39m
              [33mstroke-width
[39m=[32m"2"[39m
              
[33mviewBox[39m=[32m"0 0 24 
24"[39m
              
[33mwidth[39m=[32m"24"[39m
              [33mxmlns[39m=[
32m"http://www.w3.org/2000/svg"
[39m
            [36m>[39m
              [36m<path[39m
                
[33md[39m=[32m"M21 15v4a2 2 
0 0 1-2 2H5a2 2 0 0 
1-2-2v-4"[39m
              [36m/>[39m
              
[36m<polyline[39m
                
[33mpoints[39m=[32m"17 8 12 
3 7 8"[39m
              [36m/>[39m
              [36m<line[39m
                
[33mx1[39m=[32m"12"[39m
                
[33mx2[39m=[32m"12"[39m
                
[33my1[39m=[32m"3"[39m
                
[33my2[39m=[32m"15"[39m
              [36m/>[39m
            [36m</svg>[39m
            [36m<h3[39m
              
[33mclass[39m=[32m"text-lg 
font-semibold mb-2"[39m
            [36m>[39m
              [0mUpload Your 
Data Files[0m
            [36m</h3>[39m
            [36m<p[39m
              [33mclass[39m=[
32m"text-muted-foreground 
mb-4"[39m
            [36m>[39m
              [0mDrag and drop 
your CSV, Excel, or JSON files 
here[0m
            [36m</p>[39m
            [36m<button[39m
              [33mclass[39m=[
32m"inline-flex items-center 
justify-center gap-2 
whitespace-nowrap rounded-md 
text-sm font-medium 
ring-offset-background 
transition-colors 
focus-visible:outline-none 
focus-visible:ring-2 
focus-visible:ring-ring 
focus-visible:ring-offset-2 
disabled:pointer-events-none 
disabled:opacity-50 
[&_svg]:pointer-events-none 
[&_svg]:size-4 [&_svg]:shrink-0 
text-primary-foreground 
hover:bg-primary/90 h-10 px-4 
py-2 bg-gradient-primary"[39m
            [36m>[39m
              [0mChoose 
Files[0m
            [36m</button>[39m
            [36m<input[39m
              [33maccept[39m=
[32m".csv,.xlsx,.xls"[39m
              [33maria-label[3
9m=[32m"Upload data files"[39m
              [33mclass[39m=[
32m"hidden"[39m
              
[33mmultiple[39m=[32m""[39m
              
[33mtype[39m=[32m"file"[39m
            [36m/>[39m
          [36m</div>[39m
          [36m<div>[39m
            [36m<h4[39m
              [33mclass[39m=[
32m"font-semibold mb-3"[39m
            [36m>[39m
              [0mRecent 
Uploads[0m
            [36m</h4>[39m
            [36m<div[39m
              [33mclass[39m=[
32m"text-center py-8 
text-muted-foreground"[39m
            [36m>[39m
              [36m<svg[39m
                
[33mclass[39m=[32m"lucide 
lucide-file-text h-12 w-12 
mx-auto mb-2 opacity-50"[39m
                
[33mfill[39m=[32m"none"[39m
                
[33mheight[39m=[32m"24"[39m
                [33mstroke[39m
=[32m"currentColor"[39m
                [33mstroke-line
cap[39m=[32m"round"[39m
                [33mstroke-line
join[39m=[32m"round"[39m
                [33mstroke-widt
h[39m=[32m"2"[39m
                
[33mviewBox[39m=[32m"0 0 24 
24"[39m
                
[33mwidth[39m=[32m"24"[39m
                [33mxmlns[39m=
[32m"http://www.w3.org/2000/svg
"[39m
              [36m>[39m
                [36m<path[39m
                  
[33md[39m=[32m"M15 2H6a2 2 0 
0 0-2 2v16a2 2 0 0 0 2 2h12a2 2 
0 0 0 2-2V7Z"[39m
                [36m/>[39m
                [36m<path[39m
                  
[33md[39m=[32m"M14 2v4a2 2 0 
0 0 2 2h4"[39m
                [36m/>[39m
                [36m<path[39m
                  
[33md[39m=[32m"M10 9H8"[39m
                [36m/>[39m
                [36m<path[39m
                  
[33md[39m=[32m"M16 13H8"[39m
                [36m/>[39m
                [36m<path[39m
                  
[33md[39m=[32m"M16 17H8"[39m
                [36m/>[39m
              [36m</svg>[39m
              [36m<p>[39m
                [0mNo files 
uploaded yet[0m
              [36m</p>[39m
              [36m<p[39m
                [33mclass[39m=
[32m"text-sm"[39m
              [36m>[39m
                [0mUpload your 
first CSV or Excel file to get 
started[0m
              [36m</p>[39m
            [36m</div>[39m
          [36m</div>[39m
        [36m</div>[39m
      [36m</div>[39m
      [36m<section[39m
        [33maria-atomic[39m=[
32m"false"[39m
        [33maria-label[39m=[3
2m"Notifications alt+T"[39m
        [33maria-live[39m=[32
m"polite"[39m
        [33maria-relevant[39m=
[32m"additions text"[39m
        [33mtabindex[39m=[32m
"-1"[39m
      [36m/>[39m
    [36m</div>[39m
  [36m</body>[39m
[36m</html>[39m...
[90m [2mΓ¥»[22m 
Module.waitFor node_modules/@tes
ting-library/dom/dist/wait-for.j
s:[2m163:27[22m[39m
[36m [2mΓ¥»[22m src/component
s/dashboard/DataUpload.test.tsx:
[2m299:19[22m[39m
    [90m297| [39m            
[34mrender[39m([33m<[39m[33m
DataUpload[39m 
[33m/[39m[33m>[39m)
    [90m298| [39m
    [90m299| [39m            
[35mawait[39m 
[34mwaitFor[39m(() 
[33m=>[39m {
    [90m   | [39m             
     [31m^[39m
    [90m300| [39m             
   const errorBadge = screen.get
ByText('error').closest('ΓÇª
    [90m301| [39m             
   [34mexpect[39m(errorBadge)
[33m.[39m[34mtoBeInTheDocument
[39m()

[31m[2mΓÄ»ΓÄ»ΓÄ»ΓÄ»ΓÄ»ΓÄ»ΓÄ»ΓÄ
»ΓÄ»ΓÄ»ΓÄ»ΓÄ»ΓÄ»ΓÄ»ΓÄ»ΓÄ»ΓÄ»ΓÄ»Γ
Ä»ΓÄ»ΓÄ»ΓÄ»ΓÄ»[9/30]ΓÄ»[22m[39
m

[41m[1m FAIL [22m[49m src/co
mponents/dashboard/DataUpload.te
st.tsx[2m > [22mDataUpload 
Component[2m > [22mFile Size 
Formatting[2m > [22mformats 
bytes to KB correctly
[31m[1mTestingLibraryElementEr
ror[22m[39m: Unable to find 
an element with the text: /1 
KB/i. This could be because the 
text is broken up by multiple 
elements. In this case, you can 
provide a function for your 
text matcher to make your 
matcher more flexible.

Ignored nodes: comments, 
script, style
[36m<body>[39m
  [36m<div>[39m
    [36m<div[39m
      [33mclass[39m=[32m"roun
ded-lg bg-card 
text-card-foreground shadow-sm 
border-2 border-info/20 
bg-gradient-to-br from-info/10 
to-transparent"[39m
    [36m>[39m
      [36m<div[39m
        
[33mclass[39m=[32m"flex 
flex-col space-y-1.5 p-6"[39m
      [36m>[39m
        [36m<h3[39m
          [33mclass[39m=[32m"
tracking-tight flex 
items-center gap-2 text-xl 
font-semibold"[39m
        [36m>[39m
          [36m<svg[39m
            
[33mclass[39m=[32m"lucide 
lucide-upload h-6 w-6 
text-info"[39m
            
[33mfill[39m=[32m"none"[39m
            
[33mheight[39m=[32m"24"[39m
            [33mstroke[39m=[3
2m"currentColor"[39m
            [33mstroke-linecap
[39m=[32m"round"[39m
            [33mstroke-linejoin
[39m=[32m"round"[39m
            [33mstroke-width[3
9m=[32m"2"[39m
            
[33mviewBox[39m=[32m"0 0 24 
24"[39m
            
[33mwidth[39m=[32m"24"[39m
            [33mxmlns[39m=[32
m"http://www.w3.org/2000/svg"[3
9m
          [36m>[39m
            [36m<path[39m
              
[33md[39m=[32m"M21 15v4a2 2 
0 0 1-2 2H5a2 2 0 0 
1-2-2v-4"[39m
            [36m/>[39m
            [36m<polyline[39m
              
[33mpoints[39m=[32m"17 8 12 
3 7 8"[39m
            [36m/>[39m
            [36m<line[39m
              
[33mx1[39m=[32m"12"[39m
              
[33mx2[39m=[32m"12"[39m
              
[33my1[39m=[32m"3"[39m
              
[33my2[39m=[32m"15"[39m
            [36m/>[39m
          [36m</svg>[39m
          [0mData 
Management[0m
        [36m</h3>[39m
      [36m</div>[39m
      [36m<div[39m
        
[33mclass[39m=[32m"p-6 pt-0 
space-y-6"[39m
      [36m>[39m
        [36m<div[39m
          
[33mclass[39m=[32m"border-2 
border-dashed rounded-lg p-8 
text-center transition-colors 
border-border 
hover:border-primary/50"[39m
        [36m>[39m
          [36m<svg[39m
            
[33mclass[39m=[32m"lucide 
lucide-upload mx-auto h-12 w-12 
text-muted-foreground mb-4"[39m
            
[33mfill[39m=[32m"none"[39m
            
[33mheight[39m=[32m"24"[39m
            [33mstroke[39m=[3
2m"currentColor"[39m
            [33mstroke-linecap
[39m=[32m"round"[39m
            [33mstroke-linejoin
[39m=[32m"round"[39m
            [33mstroke-width[3
9m=[32m"2"[39m
            
[33mviewBox[39m=[32m"0 0 24 
24"[39m
            
[33mwidth[39m=[32m"24"[39m
            [33mxmlns[39m=[32
m"http://www.w3.org/2000/svg"[3
9m
          [36m>[39m
            [36m<path[39m
              
[33md[39m=[32m"M21 15v4a2 2 
0 0 1-2 2H5a2 2 0 0 
1-2-2v-4"[39m
            [36m/>[39m
            [36m<polyline[39m
              
[33mpoints[39m=[32m"17 8 12 
3 7 8"[39m
            [36m/>[39m
            [36m<line[39m
              
[33mx1[39m=[32m"12"[39m
              
[33mx2[39m=[32m"12"[39m
              
[33my1[39m=[32m"3"[39m
              
[33my2[39m=[32m"15"[39m
            [36m/>[39m
          [36m</svg>[39m
          [36m<h3[39m
            
[33mclass[39m=[32m"text-lg 
font-semibold mb-2"[39m
          [36m>[39m
            [0mUpload Your 
Data Files[0m
          [36m</h3>[39m
          [36m<p[39m
            [33mclass[39m=[32
m"text-muted-foreground 
mb-4"[39m
          [36m>[39m
            [0mDrag and drop 
your CSV, Excel, or JSON files 
here[0m
          [36m</p>[39m
          [36m<button[39m
            [33mclass[39m=[32
m"inline-flex items-center 
justify-center gap-2 
whitespace-nowrap rounded-md 
text-sm font-medium 
ring-offset-background 
transition-colors 
focus-visible:outline-none 
focus-visible:ring-2 
focus-visible:ring-ring 
focus-visible:ring-offset-2 
disabled:pointer-events-none 
disabled:opacity-50 
[&_svg]:pointer-events-none 
[&_svg]:size-4 [&_svg]:shrink-0 
text-primary-foreground 
hover:bg-primary/90 h-10 px-4 
py-2 bg-gradient-primary"[39m
          [36m>[39m
            [0mChoose Files[0m
          [36m</button>[39m
          [36m<input[39m
            [33maccept[39m=[3
2m".csv,.xlsx,.xls"[39m
            [33maria-label[39m
=[32m"Upload data files"[39m
            [33mclass[39m=[32
m"hidden"[39m
            
[33mmultiple[39m=[32m""[39m
            
[33mtype[39m=[32m"file"[39m
          [36m/>[39m
        [36m</div>[39m
        [36m<div>[39m
          [36m<h4[39m
            [33mclass[39m=[32
m"font-semibold mb-3"[39m
          [36m>[39m
            [0mRecent 
Uploads[0m
          [36m</h4>[39m
          [36m<div[39m
            [33mclass[39m=[32
m"text-center py-8 
text-muted-foreground"[39m
          [36m>[39m
            [36m<svg[39m
              
[33mclass[39m=[32m"lucide 
lucide-file-text h-12 w-12 
mx-auto mb-2 opacity-50"[39m
              
[33mfill[39m=[32m"none"[39m
              
[33mheight[39m=[32m"24"[39m
              [33mstroke[39m=
[32m"currentColor"[39m
              [33mstroke-lineca
p[39m=[32m"round"[39m
              [33mstroke-linejo
in[39m=[32m"round"[39m
              [33mstroke-width
[39m=[32m"2"[39m
              
[33mviewBox[39m=[32m"0 0 24 
24"[39m
              
[33mwidth[39m=[32m"24"[39m
              [33mxmlns[39m=[
32m"http://www.w3.org/2000/svg"
[39m
            [36m>[39m
              [36m<path[39m
                
[33md[39m=[32m"M15 2H6a2 2 0 
0 0-2 2v16a2 2 0 0 0 2 2h12a2 2 
0 0 0 2-2V7Z"[39m
              [36m/>[39m
              [36m<path[39m
                
[33md[39m=[32m"M14 2v4a2 2 0 
0 0 2 2h4"[39m
              [36m/>[39m
              [36m<path[39m
                
[33md[39m=[32m"M10 9H8"[39m
              [36m/>[39m
              [36m<path[39m
                
[33md[39m=[32m"M16 13H8"[39m
              [36m/>[39m
              [36m<path[39m
                
[33md[39m=[32m"M16 17H8"[39m
              [36m/>[39m
            [36m</svg>[39m
            [36m<p>[39m
              [0mNo files 
uploaded yet[0m
            [36m</p>[39m
            [36m<p[39m
              [33mclass[39m=[
32m"text-sm"[39m
            [36m>[39m
              [0mUpload your 
first CSV or Excel file to get 
started[0m
            [36m</p>[39m
          [36m</div>[39m
        [36m</div>[39m
      [36m</div>[39m
    [36m</div>[39m
    [36m<section[39m
      [33maria-atomic[39m=[32
m"false"[39m
      [33maria-label[39m=[32m
"Notifications alt+T"[39m
      [33maria-live[39m=[32m"
polite"[39m
      [33maria-relevant[39m=[
32m"additions text"[39m
      [33mtabindex[39m=[32m"-
1"[39m
    [36m/>[39m
  [36m</div>[39m
[36m</body>[39m

Ignored nodes: comments, 
script, style
[36m<html>[39m
  [36m<head />[39m
  [36m<body>[39m
    [36m<div>[39m
      [36m<div[39m
        [33mclass[39m=[32m"ro
unded-lg bg-card 
text-card-foreground shadow-sm 
border-2 border-info/20 
bg-gradient-to-br from-info/10 
to-transparent"[39m
      [36m>[39m
        [36m<div[39m
          
[33mclass[39m=[32m"flex 
flex-col space-y-1.5 p-6"[39m
        [36m>[39m
          [36m<h3[39m
            [33mclass[39m=[32
m"tracking-tight flex 
items-center gap-2 text-xl 
font-semibold"[39m
          [36m>[39m
            [36m<svg[39m
              
[33mclass[39m=[32m"lucide 
lucide-upload h-6 w-6 
text-info"[39m
              
[33mfill[39m=[32m"none"[39m
              
[33mheight[39m=[32m"24"[39m
              [33mstroke[39m=
[32m"currentColor"[39m
              [33mstroke-lineca
p[39m=[32m"round"[39m
              [33mstroke-linejo
in[39m=[32m"round"[39m
              [33mstroke-width
[39m=[32m"2"[39m
              
[33mviewBox[39m=[32m"0 0 24 
24"[39m
              
[33mwidth[39m=[32m"24"[39m
              [33mxmlns[39m=[
32m"http://www.w3.org/2000/svg"
[39m
            [36m>[39m
              [36m<path[39m
                
[33md[39m=[32m"M21 15v4a2 2 
0 0 1-2 2H5a2 2 0 0 
1-2-2v-4"[39m
              [36m/>[39m
              
[36m<polyline[39m
                
[33mpoints[39m=[32m"17 8 12 
3 7 8"[39m
              [36m/>[39m
              [36m<line[39m
                
[33mx1[39m=[32m"12"[39m
                
[33mx2[39m=[32m"12"[39m
                
[33my1[39m=[32m"3"[39m
                
[33my2[39m=[32m"15"[39m
              [36m/>[39m
            [36m</svg>[39m
            [0mData 
Management[0m
          [36m</h3>[39m
        [36m</div>[39m
        [36m<div[39m
          
[33mclass[39m=[32m"p-6 pt-0 
space-y-6"[39m
        [36m>[39m
          [36m<div[39m
            
[33mclass[39m=[32m"border-2 
border-dashed rounded-lg p-8 
text-center transition-colors 
border-border 
hover:border-primary/50"[39m
          [36m>[39m
            [36m<svg[39m
              
[33mclass[39m=[32m"lucide 
lucide-upload mx-auto h-12 w-12 
text-muted-foreground mb-4"[39m
              
[33mfill[39m=[32m"none"[39m
              
[33mheight[39m=[32m"24"[39m
              [33mstroke[39m=
[32m"currentColor"[39m
              [33mstroke-lineca
p[39m=[32m"round"[39m
              [33mstroke-linejo
in[39m=[32m"round"[39m
              [33mstroke-width
[39m=[32m"2"[39m
              
[33mviewBox[39m=[32m"0 0 24 
24"[39m
              
[33mwidth[39m=[32m"24"[39m
              [33mxmlns[39m=[
32m"http://www.w3.org/2000/svg"
[39m
            [36m>[39m
              [36m<path[39m
                
[33md[39m=[32m"M21 15v4a2 2 
0 0 1-2 2H5a2 2 0 0 
1-2-2v-4"[39m
              [36m/>[39m
              
[36m<polyline[39m
                
[33mpoints[39m=[32m"17 8 12 
3 7 8"[39m
              [36m/>[39m
              [36m<line[39m
                
[33mx1[39m=[32m"12"[39m
                
[33mx2[39m=[32m"12"[39m
                
[33my1[39m=[32m"3"[39m
                
[33my2[39m=[32m"15"[39m
              [36m/>[39m
            [36m</svg>[39m
            [36m<h3[39m
              
[33mclass[39m=[32m"text-lg 
font-semibold mb-2"[39m
            [36m>[39m
              [0mUpload Your 
Data Files[0m
            [36m</h3>[39m
            [36m<p[39m
              [33mclass[39m=[
32m"text-muted-foreground 
mb-4"[39m
            [36m>[39m
              [0mDrag and drop 
your CSV, Excel, or JSON files 
here[0m
            [36m</p>[39m
            [36m<button[39m
              [33mclass[39m=[
32m"inline-flex items-center 
justify-center gap-2 
whitespace-nowrap rounded-md 
text-sm font-medium 
ring-offset-background 
transition-colors 
focus-visible:outline-none 
focus-visible:ring-2 
focus-visible:ring-ring 
focus-visible:ring-offset-2 
disabled:pointer-events-none 
disabled:opacity-50 
[&_svg]:pointer-events-none 
[&_svg]:size-4 [&_svg]:shrink-0 
text-primary-foreground 
hover:bg-primary/90 h-10 px-4 
py-2 bg-gradient-primary"[39m
            [36m>[39m
              [0mChoose 
Files[0m
            [36m</button>[39m
            [36m<input[39m
              [33maccept[39m=
[32m".csv,.xlsx,.xls"[39m
              [33maria-label[3
9m=[32m"Upload data files"[39m
              [33mclass[39m=[
32m"hidden"[39m
              
[33mmultiple[39m=[32m""[39m
              
[33mtype[39m=[32m"file"[39m
            [36m/>[39m
          [36m</div>[39m
          [36m<div>[39m
            [36m<h4[39m
              [33mclass[39m=[
32m"font-semibold mb-3"[39m
            [36m>[39m
              [0mRecent 
Uploads[0m
            [36m</h4>[39m
            [36m<div[39m
              [33mclass[39m=[
32m"text-center py-8 
text-muted-foreground"[39m
            [36m>[39m
              [36m<svg[39m
                
[33mclass[39m=[32m"lucide 
lucide-file-text h-12 w-12 
mx-auto mb-2 opacity-50"[39m
                
[33mfill[39m=[32m"none"[39m
                
[33mheight[39m=[32m"24"[39m
                [33mstroke[39m
=[32m"currentColor"[39m
                [33mstroke-line
cap[39m=[32m"round"[39m
                [33mstroke-line
join[39m=[32m"round"[39m
                [33mstroke-widt
h[39m=[32m"2"[39m
                
[33mviewBox[39m=[32m"0 0 24 
24"[39m
                
[33mwidth[39m=[32m"24"[39m
                [33mxmlns[39m=
[32m"http://www.w3.org/2000/svg
"[39m
              [36m>[39m
                [36m<path[39m
                  
[33md[39m=[32m"M15 2H6a2 2 0 
0 0-2 2v16a2 2 0 0 0 2 2h12a2 2 
0 0 0 2-2V7Z"[39m
                [36m/>[39m
                [36m<path[39m
                  
[33md[39m=[32m"M14 2v4a2 2 0 
0 0 2 2h4"[39m
                [36m/>[39m
                [36m<path[39m
                  
[33md[39m=[32m"M10 9H8"[39m
                [36m/>[39m
                [36m<path[39m
                  
[33md[39m=[32m"M16 13H8"[39m
                [36m/>[39m
                [36m<path[39m
                  
[33md[39m=[32m"M16 17H8"[39m
                [36m/>[39m
              [36m</svg>[39m
              [36m<p>[39m
                [0mNo files 
uploaded yet[0m
              [36m</p>[39m
              [36m<p[39m
                [33mclass[39m=
[32m"text-sm"[39m
              [36m>[39m
                [0mUpload your 
first CSV or Excel file to get 
started[0m
              [36m</p>[39m
            [36m</div>[39m
          [36m</div>[39m
        [36m</div>[39m
      [36m</div>[39m
      [36m<section[39m
        [33maria-atomic[39m=[
32m"false"[39m
        [33maria-label[39m=[3
2m"Notifications alt+T"[39m
        [33maria-live[39m=[32
m"polite"[39m
        [33maria-relevant[39m=
[32m"additions text"[39m
        [33mtabindex[39m=[32m
"-1"[39m
      [36m/>[39m
    [36m</div>[39m
  [36m</body>[39m
[36m</html>[39m...
[90m [2mΓ¥»[22m 
Module.waitFor node_modules/@tes
ting-library/dom/dist/wait-for.j
s:[2m163:27[22m[39m
[36m [2mΓ¥»[22m src/component
s/dashboard/DataUpload.test.tsx:
[2m314:19[22m[39m
    [90m312| [39m            
[34mrender[39m([33m<[39m[33m
DataUpload[39m 
[33m/[39m[33m>[39m)
    [90m313| [39m
    [90m314| [39m            
[35mawait[39m 
[34mwaitFor[39m(() 
[33m=>[39m {
    [90m   | [39m             
     [31m^[39m
    [90m315| [39m             
   [34mexpect[39m(screen[33m.
[39m[34mgetByText[39m([36m/1
 KB/i[39m))[33m.[39m[34mtoBe
InTheDocument[39m()
    [90m316| [39m            
}[33m,[39m { 
timeout[33m:[39m 
[34m3000[39m })

[31m[2mΓÄ»ΓÄ»ΓÄ»ΓÄ»ΓÄ»ΓÄ»ΓÄ»ΓÄ
»ΓÄ»ΓÄ»ΓÄ»ΓÄ»ΓÄ»ΓÄ»ΓÄ»ΓÄ»ΓÄ»ΓÄ»Γ
Ä»ΓÄ»ΓÄ»ΓÄ»[10/30]ΓÄ»[22m[39m

[41m[1m FAIL [22m[49m src/co
mponents/dashboard/DataUpload.te
st.tsx[2m > [22mDataUpload 
Component[2m > [22mFile Size 
Formatting[2m > [22mformats 
larger files to MB correctly
[31m[1mTestingLibraryElementEr
ror[22m[39m: Unable to find 
an element with the text: /1 
MB/i. This could be because the 
text is broken up by multiple 
elements. In this case, you can 
provide a function for your 
text matcher to make your 
matcher more flexible.

Ignored nodes: comments, 
script, style
[36m<body>[39m
  [36m<div>[39m
    [36m<div[39m
      [33mclass[39m=[32m"roun
ded-lg bg-card 
text-card-foreground shadow-sm 
border-2 border-info/20 
bg-gradient-to-br from-info/10 
to-transparent"[39m
    [36m>[39m
      [36m<div[39m
        
[33mclass[39m=[32m"flex 
flex-col space-y-1.5 p-6"[39m
      [36m>[39m
        [36m<h3[39m
          [33mclass[39m=[32m"
tracking-tight flex 
items-center gap-2 text-xl 
font-semibold"[39m
        [36m>[39m
          [36m<svg[39m
            
[33mclass[39m=[32m"lucide 
lucide-upload h-6 w-6 
text-info"[39m
            
[33mfill[39m=[32m"none"[39m
            
[33mheight[39m=[32m"24"[39m
            [33mstroke[39m=[3
2m"currentColor"[39m
            [33mstroke-linecap
[39m=[32m"round"[39m
            [33mstroke-linejoin
[39m=[32m"round"[39m
            [33mstroke-width[3
9m=[32m"2"[39m
            
[33mviewBox[39m=[32m"0 0 24 
24"[39m
            
[33mwidth[39m=[32m"24"[39m
            [33mxmlns[39m=[32
m"http://www.w3.org/2000/svg"[3
9m
          [36m>[39m
            [36m<path[39m
              
[33md[39m=[32m"M21 15v4a2 2 
0 0 1-2 2H5a2 2 0 0 
1-2-2v-4"[39m
            [36m/>[39m
            [36m<polyline[39m
              
[33mpoints[39m=[32m"17 8 12 
3 7 8"[39m
            [36m/>[39m
            [36m<line[39m
              
[33mx1[39m=[32m"12"[39m
              
[33mx2[39m=[32m"12"[39m
              
[33my1[39m=[32m"3"[39m
              
[33my2[39m=[32m"15"[39m
            [36m/>[39m
          [36m</svg>[39m
          [0mData 
Management[0m
        [36m</h3>[39m
      [36m</div>[39m
      [36m<div[39m
        
[33mclass[39m=[32m"p-6 pt-0 
space-y-6"[39m
      [36m>[39m
        [36m<div[39m
          
[33mclass[39m=[32m"border-2 
border-dashed rounded-lg p-8 
text-center transition-colors 
border-border 
hover:border-primary/50"[39m
        [36m>[39m
          [36m<svg[39m
            
[33mclass[39m=[32m"lucide 
lucide-upload mx-auto h-12 w-12 
text-muted-foreground mb-4"[39m
            
[33mfill[39m=[32m"none"[39m
            
[33mheight[39m=[32m"24"[39m
            [33mstroke[39m=[3
2m"currentColor"[39m
            [33mstroke-linecap
[39m=[32m"round"[39m
            [33mstroke-linejoin
[39m=[32m"round"[39m
            [33mstroke-width[3
9m=[32m"2"[39m
            
[33mviewBox[39m=[32m"0 0 24 
24"[39m
            
[33mwidth[39m=[32m"24"[39m
            [33mxmlns[39m=[32
m"http://www.w3.org/2000/svg"[3
9m
          [36m>[39m
            [36m<path[39m
              
[33md[39m=[32m"M21 15v4a2 2 
0 0 1-2 2H5a2 2 0 0 
1-2-2v-4"[39m
            [36m/>[39m
            [36m<polyline[39m
              
[33mpoints[39m=[32m"17 8 12 
3 7 8"[39m
            [36m/>[39m
            [36m<line[39m
              
[33mx1[39m=[32m"12"[39m
              
[33mx2[39m=[32m"12"[39m
              
[33my1[39m=[32m"3"[39m
              
[33my2[39m=[32m"15"[39m
            [36m/>[39m
          [36m</svg>[39m
          [36m<h3[39m
            
[33mclass[39m=[32m"text-lg 
font-semibold mb-2"[39m
          [36m>[39m
            [0mUpload Your 
Data Files[0m
          [36m</h3>[39m
          [36m<p[39m
            [33mclass[39m=[32
m"text-muted-foreground 
mb-4"[39m
          [36m>[39m
            [0mDrag and drop 
your CSV, Excel, or JSON files 
here[0m
          [36m</p>[39m
          [36m<button[39m
            [33mclass[39m=[32
m"inline-flex items-center 
justify-center gap-2 
whitespace-nowrap rounded-md 
text-sm font-medium 
ring-offset-background 
transition-colors 
focus-visible:outline-none 
focus-visible:ring-2 
focus-visible:ring-ring 
focus-visible:ring-offset-2 
disabled:pointer-events-none 
disabled:opacity-50 
[&_svg]:pointer-events-none 
[&_svg]:size-4 [&_svg]:shrink-0 
text-primary-foreground 
hover:bg-primary/90 h-10 px-4 
py-2 bg-gradient-primary"[39m
          [36m>[39m
            [0mChoose Files[0m
          [36m</button>[39m
          [36m<input[39m
            [33maccept[39m=[3
2m".csv,.xlsx,.xls"[39m
            [33maria-label[39m
=[32m"Upload data files"[39m
            [33mclass[39m=[32
m"hidden"[39m
            
[33mmultiple[39m=[32m""[39m
            
[33mtype[39m=[32m"file"[39m
          [36m/>[39m
        [36m</div>[39m
        [36m<div>[39m
          [36m<h4[39m
            [33mclass[39m=[32
m"font-semibold mb-3"[39m
          [36m>[39m
            [0mRecent 
Uploads[0m
          [36m</h4>[39m
          [36m<div[39m
            [33mclass[39m=[32
m"text-center py-8 
text-muted-foreground"[39m
          [36m>[39m
            [36m<svg[39m
              
[33mclass[39m=[32m"lucide 
lucide-file-text h-12 w-12 
mx-auto mb-2 opacity-50"[39m
              
[33mfill[39m=[32m"none"[39m
              
[33mheight[39m=[32m"24"[39m
              [33mstroke[39m=
[32m"currentColor"[39m
              [33mstroke-lineca
p[39m=[32m"round"[39m
              [33mstroke-linejo
in[39m=[32m"round"[39m
              [33mstroke-width
[39m=[32m"2"[39m
              
[33mviewBox[39m=[32m"0 0 24 
24"[39m
              
[33mwidth[39m=[32m"24"[39m
              [33mxmlns[39m=[
32m"http://www.w3.org/2000/svg"
[39m
            [36m>[39m
              [36m<path[39m
                
[33md[39m=[32m"M15 2H6a2 2 0 
0 0-2 2v16a2 2 0 0 0 2 2h12a2 2 
0 0 0 2-2V7Z"[39m
              [36m/>[39m
              [36m<path[39m
                
[33md[39m=[32m"M14 2v4a2 2 0 
0 0 2 2h4"[39m
              [36m/>[39m
              [36m<path[39m
                
[33md[39m=[32m"M10 9H8"[39m
              [36m/>[39m
              [36m<path[39m
                
[33md[39m=[32m"M16 13H8"[39m
              [36m/>[39m
              [36m<path[39m
                
[33md[39m=[32m"M16 17H8"[39m
              [36m/>[39m
            [36m</svg>[39m
            [36m<p>[39m
              [0mNo files 
uploaded yet[0m
            [36m</p>[39m
            [36m<p[39m
              [33mclass[39m=[
32m"text-sm"[39m
            [36m>[39m
              [0mUpload your 
first CSV or Excel file to get 
started[0m
            [36m</p>[39m
          [36m</div>[39m
        [36m</div>[39m
      [36m</div>[39m
    [36m</div>[39m
    [36m<section[39m
      [33maria-atomic[39m=[32
m"false"[39m
      [33maria-label[39m=[32m
"Notifications alt+T"[39m
      [33maria-live[39m=[32m"
polite"[39m
      [33maria-relevant[39m=[
32m"additions text"[39m
      [33mtabindex[39m=[32m"-
1"[39m
    [36m/>[39m
  [36m</div>[39m
[36m</body>[39m

Ignored nodes: comments, 
script, style
[36m<html>[39m
  [36m<head />[39m
  [36m<body>[39m
    [36m<div>[39m
      [36m<div[39m
        [33mclass[39m=[32m"ro
unded-lg bg-card 
text-card-foreground shadow-sm 
border-2 border-info/20 
bg-gradient-to-br from-info/10 
to-transparent"[39m
      [36m>[39m
        [36m<div[39m
          
[33mclass[39m=[32m"flex 
flex-col space-y-1.5 p-6"[39m
        [36m>[39m
          [36m<h3[39m
            [33mclass[39m=[32
m"tracking-tight flex 
items-center gap-2 text-xl 
font-semibold"[39m
          [36m>[39m
            [36m<svg[39m
              
[33mclass[39m=[32m"lucide 
lucide-upload h-6 w-6 
text-info"[39m
              
[33mfill[39m=[32m"none"[39m
              
[33mheight[39m=[32m"24"[39m
              [33mstroke[39m=
[32m"currentColor"[39m
              [33mstroke-lineca
p[39m=[32m"round"[39m
              [33mstroke-linejo
in[39m=[32m"round"[39m
              [33mstroke-width
[39m=[32m"2"[39m
              
[33mviewBox[39m=[32m"0 0 24 
24"[39m
              
[33mwidth[39m=[32m"24"[39m
              [33mxmlns[39m=[
32m"http://www.w3.org/2000/svg"
[39m
            [36m>[39m
              [36m<path[39m
                
[33md[39m=[32m"M21 15v4a2 2 
0 0 1-2 2H5a2 2 0 0 
1-2-2v-4"[39m
              [36m/>[39m
              
[36m<polyline[39m
                
[33mpoints[39m=[32m"17 8 12 
3 7 8"[39m
              [36m/>[39m
              [36m<line[39m
                
[33mx1[39m=[32m"12"[39m
                
[33mx2[39m=[32m"12"[39m
                
[33my1[39m=[32m"3"[39m
                
[33my2[39m=[32m"15"[39m
              [36m/>[39m
            [36m</svg>[39m
            [0mData 
Management[0m
          [36m</h3>[39m
        [36m</div>[39m
        [36m<div[39m
          
[33mclass[39m=[32m"p-6 pt-0 
space-y-6"[39m
        [36m>[39m
          [36m<div[39m
            
[33mclass[39m=[32m"border-2 
border-dashed rounded-lg p-8 
text-center transition-colors 
border-border 
hover:border-primary/50"[39m
          [36m>[39m
            [36m<svg[39m
              
[33mclass[39m=[32m"lucide 
lucide-upload mx-auto h-12 w-12 
text-muted-foreground mb-4"[39m
              
[33mfill[39m=[32m"none"[39m
              
[33mheight[39m=[32m"24"[39m
              [33mstroke[39m=
[32m"currentColor"[39m
              [33mstroke-lineca
p[39m=[32m"round"[39m
              [33mstroke-linejo
in[39m=[32m"round"[39m
              [33mstroke-width
[39m=[32m"2"[39m
              
[33mviewBox[39m=[32m"0 0 24 
24"[39m
              
[33mwidth[39m=[32m"24"[39m
              [33mxmlns[39m=[
32m"http://www.w3.org/2000/svg"
[39m
            [36m>[39m
              [36m<path[39m
                
[33md[39m=[32m"M21 15v4a2 2 
0 0 1-2 2H5a2 2 0 0 
1-2-2v-4"[39m
              [36m/>[39m
              
[36m<polyline[39m
                
[33mpoints[39m=[32m"17 8 12 
3 7 8"[39m
              [36m/>[39m
              [36m<line[39m
                
[33mx1[39m=[32m"12"[39m
                
[33mx2[39m=[32m"12"[39m
                
[33my1[39m=[32m"3"[39m
                
[33my2[39m=[32m"15"[39m
              [36m/>[39m
            [36m</svg>[39m
            [36m<h3[39m
              
[33mclass[39m=[32m"text-lg 
font-semibold mb-2"[39m
            [36m>[39m
              [0mUpload Your 
Data Files[0m
            [36m</h3>[39m
            [36m<p[39m
              [33mclass[39m=[
32m"text-muted-foreground 
mb-4"[39m
            [36m>[39m
              [0mDrag and drop 
your CSV, Excel, or JSON files 
here[0m
            [36m</p>[39m
            [36m<button[39m
              [33mclass[39m=[
32m"inline-flex items-center 
justify-center gap-2 
whitespace-nowrap rounded-md 
text-sm font-medium 
ring-offset-background 
transition-colors 
focus-visible:outline-none 
focus-visible:ring-2 
focus-visible:ring-ring 
focus-visible:ring-offset-2 
disabled:pointer-events-none 
disabled:opacity-50 
[&_svg]:pointer-events-none 
[&_svg]:size-4 [&_svg]:shrink-0 
text-primary-foreground 
hover:bg-primary/90 h-10 px-4 
py-2 bg-gradient-primary"[39m
            [36m>[39m
              [0mChoose 
Files[0m
            [36m</button>[39m
            [36m<input[39m
              [33maccept[39m=
[32m".csv,.xlsx,.xls"[39m
              [33maria-label[3
9m=[32m"Upload data files"[39m
              [33mclass[39m=[
32m"hidden"[39m
              
[33mmultiple[39m=[32m""[39m
              
[33mtype[39m=[32m"file"[39m
            [36m/>[39m
          [36m</div>[39m
          [36m<div>[39m
            [36m<h4[39m
              [33mclass[39m=[
32m"font-semibold mb-3"[39m
            [36m>[39m
              [0mRecent 
Uploads[0m
            [36m</h4>[39m
            [36m<div[39m
              [33mclass[39m=[
32m"text-center py-8 
text-muted-foreground"[39m
            [36m>[39m
              [36m<svg[39m
                
[33mclass[39m=[32m"lucide 
lucide-file-text h-12 w-12 
mx-auto mb-2 opacity-50"[39m
                
[33mfill[39m=[32m"none"[39m
                
[33mheight[39m=[32m"24"[39m
                [33mstroke[39m
=[32m"currentColor"[39m
                [33mstroke-line
cap[39m=[32m"round"[39m
                [33mstroke-line
join[39m=[32m"round"[39m
                [33mstroke-widt
h[39m=[32m"2"[39m
                
[33mviewBox[39m=[32m"0 0 24 
24"[39m
                
[33mwidth[39m=[32m"24"[39m
                [33mxmlns[39m=
[32m"http://www.w3.org/2000/svg
"[39m
              [36m>[39m
                [36m<path[39m
                  
[33md[39m=[32m"M15 2H6a2 2 0 
0 0-2 2v16a2 2 0 0 0 2 2h12a2 2 
0 0 0 2-2V7Z"[39m
                [36m/>[39m
                [36m<path[39m
                  
[33md[39m=[32m"M14 2v4a2 2 0 
0 0 2 2h4"[39m
                [36m/>[39m
                [36m<path[39m
                  
[33md[39m=[32m"M10 9H8"[39m
                [36m/>[39m
                [36m<path[39m
                  
[33md[39m=[32m"M16 13H8"[39m
                [36m/>[39m
                [36m<path[39m
                  
[33md[39m=[32m"M16 17H8"[39m
                [36m/>[39m
              [36m</svg>[39m
              [36m<p>[39m
                [0mNo files 
uploaded yet[0m
              [36m</p>[39m
              [36m<p[39m
                [33mclass[39m=
[32m"text-sm"[39m
              [36m>[39m
                [0mUpload your 
first CSV or Excel file to get 
started[0m
              [36m</p>[39m
            [36m</div>[39m
          [36m</div>[39m
        [36m</div>[39m
      [36m</div>[39m
      [36m<section[39m
        [33maria-atomic[39m=[
32m"false"[39m
        [33maria-label[39m=[3
2m"Notifications alt+T"[39m
        [33maria-live[39m=[32
m"polite"[39m
        [33maria-relevant[39m=
[32m"additions text"[39m
        [33mtabindex[39m=[32m
"-1"[39m
      [36m/>[39m
    [36m</div>[39m
  [36m</body>[39m
[36m</html>[39m...
[90m [2mΓ¥»[22m 
Module.waitFor node_modules/@tes
ting-library/dom/dist/wait-for.j
s:[2m163:27[22m[39m
[36m [2mΓ¥»[22m src/component
s/dashboard/DataUpload.test.tsx:
[2m343:19[22m[39m
    [90m341| [39m            
[34mrender[39m([33m<[39m[33m
DataUpload[39m 
[33m/[39m[33m>[39m)
    [90m342| [39m
    [90m343| [39m            
[35mawait[39m 
[34mwaitFor[39m(() 
[33m=>[39m {
    [90m   | [39m             
     [31m^[39m
    [90m344| [39m             
   [34mexpect[39m(screen[33m.
[39m[34mgetByText[39m([36m/1
 MB/i[39m))[33m.[39m[34mtoBe
InTheDocument[39m()
    [90m345| [39m            
}[33m,[39m { 
timeout[33m:[39m 
[34m3000[39m })

[31m[2mΓÄ»ΓÄ»ΓÄ»ΓÄ»ΓÄ»ΓÄ»ΓÄ»ΓÄ
»ΓÄ»ΓÄ»ΓÄ»ΓÄ»ΓÄ»ΓÄ»ΓÄ»ΓÄ»ΓÄ»ΓÄ»Γ
Ä»ΓÄ»ΓÄ»ΓÄ»[11/30]ΓÄ»[22m[39m

[41m[1m FAIL [22m[49m src/co
mponents/dashboard/EnhancedDataU
pload.test.tsx[2m > 
[22mEnhancedDataUpload 
Component[2m > 
[22mRendering[2m > 
[22mrenders the enhanced 
upload component
[41m[1m FAIL [22m[49m src/co
mponents/dashboard/EnhancedDataU
pload.test.tsx[2m > 
[22mEnhancedDataUpload 
Component[2m > 
[22mRendering[2m > [22mshows 
file input and analyze button
[41m[1m FAIL [22m[49m src/co
mponents/dashboard/EnhancedDataU
pload.test.tsx[2m > 
[22mEnhancedDataUpload 
Component[2m > 
[22mRendering[2m > 
[22manalyze button is disabled 
when no file is selected
[41m[1m FAIL [22m[49m src/co
mponents/dashboard/EnhancedDataU
pload.test.tsx[2m > 
[22mEnhancedDataUpload 
Component[2m > [22mFile 
Selection[2m > [22maccepts 
only CSV files
[41m[1m FAIL [22m[49m src/co
mponents/dashboard/EnhancedDataU
pload.test.tsx[2m > 
[22mEnhancedDataUpload 
Component[2m > [22mFile 
Selection[2m > [22menables 
analyze button when CSV file is 
selected
[41m[1m FAIL [22m[49m src/co
mponents/dashboard/EnhancedDataU
pload.test.tsx[2m > 
[22mEnhancedDataUpload 
Component[2m > [22mFile 
Selection[2m > [22mrejects 
non-CSV files with error toast
[41m[1m FAIL [22m[49m src/co
mponents/dashboard/EnhancedDataU
pload.test.tsx[2m > 
[22mEnhancedDataUpload 
Component[2m > [22mData 
Analysis[2m > [22mshows 
loading state during analysis
[41m[1m FAIL [22m[49m src/co
mponents/dashboard/EnhancedDataU
pload.test.tsx[2m > 
[22mEnhancedDataUpload 
Component[2m > [22mData 
Analysis[2m > [22mdisplays 
data quality report after 
analysis
[41m[1m FAIL [22m[49m src/co
mponents/dashboard/EnhancedDataU
pload.test.tsx[2m > 
[22mEnhancedDataUpload 
Component[2m > [22mData 
Analysis[2m > [22mshows total 
rows in quality report
[41m[1m FAIL [22m[49m src/co
mponents/dashboard/EnhancedDataU
pload.test.tsx[2m > 
[22mEnhancedDataUpload 
Component[2m > [22mData 
Analysis[2m > [22mshows total 
columns in quality report
[41m[1m FAIL [22m[49m src/co
mponents/dashboard/EnhancedDataU
pload.test.tsx[2m > 
[22mEnhancedDataUpload 
Component[2m > [22mData 
Analysis[2m > [22mshows 
duplicate count
[41m[1m FAIL [22m[49m src/co
mponents/dashboard/EnhancedDataU
pload.test.tsx[2m > 
[22mEnhancedDataUpload 
Component[2m > [22mData 
Analysis[2m > [22midentifies 
numeric columns
[41m[1m FAIL [22m[49m src/co
mponents/dashboard/EnhancedDataU
pload.test.tsx[2m > 
[22mEnhancedDataUpload 
Component[2m > [22mData 
Analysis[2m > [22mshows 
upload button after analysis
[41m[1m FAIL [22m[49m src/co
mponents/dashboard/EnhancedDataU
pload.test.tsx[2m > 
[22mEnhancedDataUpload 
Component[2m > [22mData 
Upload[2m > [22mcalls 
supabase insert on upload
[41m[1m FAIL [22m[49m src/co
mponents/dashboard/EnhancedDataU
pload.test.tsx[2m > 
[22mEnhancedDataUpload 
Component[2m > [22mData 
Upload[2m > [22mincludes 
quality analysis in metadata
[41m[1m FAIL [22m[49m src/co
mponents/dashboard/EnhancedDataU
pload.test.tsx[2m > 
[22mEnhancedDataUpload 
Component[2m > [22mData 
Upload[2m > [22mshows success 
toast on successful upload
[41m[1m FAIL [22m[49m src/co
mponents/dashboard/EnhancedDataU
pload.test.tsx[2m > 
[22mEnhancedDataUpload 
Component[2m > [22mData 
Upload[2m > [22mclears file 
and analysis after successful 
upload
[41m[1m FAIL [22m[49m src/co
mponents/dashboard/EnhancedDataU
pload.test.tsx[2m > 
[22mEnhancedDataUpload 
Component[2m > [22mError 
Handling[2m > [22mshows error 
toast on upload failure
[41m[1m FAIL [22m[49m src/co
mponents/dashboard/EnhancedDataU
pload.test.tsx[2m > 
[22mEnhancedDataUpload 
Component[2m > [22mError 
Handling[2m > [22mrequires 
authentication for upload
[31m[1mTypeError[22m: Cannot 
read properties of undefined 
(reading 
'mockResolvedValue')[39m
[36m [2mΓ¥»[22m src/component
s/dashboard/EnhancedDataUpload.t
est.tsx:[2m31:40[22m[39m
    [90m 29| [39m
    [90m 30| [39m        
[90m// Mock supabase auth[39m
    [90m 31| [39m        vi[3
3m.[39m[34mmocked[39m(supabas
e[33m.[39mauth[33m.[39mgetUs
er)[33m.[39m[34mmockResolvedV
alue[39m({
    [90m   | [39m             
                          
[31m^[39m
    [90m 32| [39m            
data[33m:[39m {
    [90m 33| [39m             
   user: { id: 'test-user-123', 
email: 'test@example.com'ΓÇª

[31m[2mΓÄ»ΓÄ»ΓÄ»ΓÄ»ΓÄ»ΓÄ»ΓÄ»ΓÄ
»ΓÄ»ΓÄ»ΓÄ»ΓÄ»ΓÄ»ΓÄ»ΓÄ»ΓÄ»ΓÄ»ΓÄ»Γ
Ä»ΓÄ»ΓÄ»ΓÄ»[12/30]ΓÄ»[22m[39m

[2m Test Files [22m [1m[31m2 failed[39m[22m[2m | [22m[1m[32m1 passed[39m[22m[90m (3)[39m
[2m      Tests [22m [1m[31m30 failed[39m[22m[2m | [22m[1m[32m22 passed[39m[22m[90m (52)[39m
[2m   Start at [22m 12:43:35
[2m   Duration [22m 33.39s[2m (transform 958ms, setup 1.43s, import 1.76s, tests 34.39s, environment 4.21s)[22m

[1m[41m FAIL [49m[22m [31mTests failed. Watching for file changes...[39m
       [2mpress [22m[1mh[22m[2m to show help[22m[2m, [22m[2mpress [22m[1mq[22m[2m to quit[22m

[31mCancelling test run. Press CTRL+c again to exit forcefully.
[39m
